04:59:15,874 NOTICE kernel:Linux version 4.18.0-240.1.1.el8_3.x86_64 (mockbuild@x86-vm-09.build.eng.bos.redhat.com) (gcc version 8.3.1 20191121 (Red Hat 8.3.1-5) (GCC)) #1 SMP Fri Oct 16 13:36:46 EDT 2020
04:59:15,874 INFO kernel:Command line: method=http://download-node-02.eng.bos.redhat.com/rhel-8/devel/candidate-trees/RHEL-8/RHEL-8.3.0-updates-20201031.0/compose/BaseOS/x86_64/os/ ks=file:/ks.cfg
04:59:15,879 INFO kernel:x86/fpu: x87 FPU will use FXSAVE
04:59:15,879 INFO kernel:BIOS-provided physical RAM map:
04:59:15,879 INFO kernel:BIOS-e820: [mem 0x0000000000000000-0x000000000009fbff] usable
04:59:15,879 INFO kernel:BIOS-e820: [mem 0x000000000009fc00-0x000000000009ffff] reserved
04:59:15,879 INFO kernel:BIOS-e820: [mem 0x00000000000f0000-0x00000000000fffff] reserved
04:59:15,879 INFO kernel:BIOS-e820: [mem 0x0000000000100000-0x00000000bffdbfff] usable
04:59:15,879 INFO kernel:BIOS-e820: [mem 0x00000000bffdc000-0x00000000bfffffff] reserved
04:59:15,879 INFO kernel:BIOS-e820: [mem 0x00000000feffc000-0x00000000feffffff] reserved
04:59:15,879 INFO kernel:BIOS-e820: [mem 0x00000000fffc0000-0x00000000ffffffff] reserved
04:59:15,879 INFO kernel:NX (Execute Disable) protection: active
04:59:15,879 INFO kernel:SMBIOS 2.8 present.
04:59:15,879 INFO kernel:DMI: Red Hat KVM, BIOS 1.11.0-2.el7 04/01/2014
04:59:15,879 INFO kernel:Hypervisor detected: KVM
04:59:15,879 INFO kernel:kvm-clock: Using msrs 4b564d01 and 4b564d00
04:59:15,879 INFO kernel:kvm-clock: cpu 0, msr 97a01001, primary cpu clock
04:59:15,879 INFO kernel:kvm-clock: using sched offset of 8707726886 cycles
04:59:15,879 INFO kernel:clocksource: kvm-clock: mask: 0xffffffffffffffff max_cycles: 0x1cd42e4dffb, max_idle_ns: 881590591483 ns
04:59:15,879 INFO kernel:tsc: Detected 2399.998 MHz processor
04:59:15,879 DEBUG kernel:e820: update [mem 0x00000000-0x00000fff] usable ==> reserved
04:59:15,879 DEBUG kernel:e820: remove [mem 0x000a0000-0x000fffff] usable
04:59:15,879 INFO kernel:last_pfn = 0xbffdc max_arch_pfn = 0x400000000
04:59:15,879 DEBUG kernel:MTRR default type: write-back
04:59:15,879 DEBUG kernel:MTRR fixed ranges enabled:
04:59:15,879 DEBUG kernel:  00000-9FFFF write-back
04:59:15,879 DEBUG kernel:  A0000-BFFFF uncachable
04:59:15,879 DEBUG kernel:  C0000-FFFFF write-protect
04:59:15,879 DEBUG kernel:MTRR variable ranges enabled:
04:59:15,879 DEBUG kernel:  0 base 0000C0000000 mask 3FFFC0000000 uncachable
04:59:15,879 DEBUG kernel:  1 disabled
04:59:15,879 DEBUG kernel:  2 disabled
04:59:15,879 DEBUG kernel:  3 disabled
04:59:15,879 DEBUG kernel:  4 disabled
04:59:15,879 DEBUG kernel:  5 disabled
04:59:15,879 DEBUG kernel:  6 disabled
04:59:15,879 DEBUG kernel:  7 disabled
04:59:15,879 INFO kernel:x86/PAT: PAT not supported by CPU.
04:59:15,879 INFO kernel:x86/PAT: Configuration [0-7]: WB  WT  UC- UC  WB  WT  UC- UC  
04:59:15,879 INFO kernel:found SMP MP-table at [mem 0x000f6390-0x000f639f]
04:59:15,879 DEBUG kernel:BRK [0x97c01000, 0x97c01fff] PGTABLE
04:59:15,879 DEBUG kernel:BRK [0x97c02000, 0x97c02fff] PGTABLE
04:59:15,879 DEBUG kernel:BRK [0x97c03000, 0x97c03fff] PGTABLE
04:59:15,879 DEBUG kernel:BRK [0x97c04000, 0x97c04fff] PGTABLE
04:59:15,879 DEBUG kernel:BRK [0x97c05000, 0x97c05fff] PGTABLE
04:59:15,879 DEBUG kernel:BRK [0x97c06000, 0x97c06fff] PGTABLE
04:59:15,879 DEBUG kernel:BRK [0x97c07000, 0x97c07fff] PGTABLE
04:59:15,879 INFO kernel:RAMDISK: [mem 0x7b9c2000-0x7fffffff]
04:59:15,879 INFO kernel:ACPI: Early table checksum verification disabled
04:59:15,879 INFO kernel:ACPI: RSDP 0x00000000000F6170 000014 (v00 BOCHS )
04:59:15,879 INFO kernel:ACPI: RSDT 0x00000000BFFE169C 000030 (v01 BOCHS  BXPCRSDT 00000001 BXPC 00000001)
04:59:15,879 INFO kernel:ACPI: FACP 0x00000000BFFE0C14 000074 (v01 BOCHS  BXPCFACP 00000001 BXPC 00000001)
04:59:15,879 INFO kernel:ACPI: DSDT 0x00000000BFFE0040 000BD4 (v01 BOCHS  BXPCDSDT 00000001 BXPC 00000001)
04:59:15,880 INFO kernel:ACPI: FACS 0x00000000BFFE0000 000040
04:59:15,880 INFO kernel:ACPI: SSDT 0x00000000BFFE0C88 00099C (v01 BOCHS  BXPCSSDT 00000001 BXPC 00000001)
04:59:15,880 INFO kernel:ACPI: APIC 0x00000000BFFE1624 000078 (v01 BOCHS  BXPCAPIC 00000001 BXPC 00000001)
04:59:15,880 DEBUG kernel:ACPI: Local APIC address 0xfee00000
04:59:15,880 INFO kernel:No NUMA configuration found
04:59:15,883 INFO kernel:Faking a node at [mem 0x0000000000000000-0x00000000bffdbfff]
04:59:15,883 INFO kernel:NODE_DATA(0) allocated [mem 0xbffb2000-0xbffdbfff]
04:59:15,883 INFO kernel:Zone ranges:
04:59:15,883 INFO kernel:  DMA      [mem 0x0000000000001000-0x0000000000ffffff]
04:59:15,883 INFO kernel:  DMA32    [mem 0x0000000001000000-0x00000000bffdbfff]
04:59:15,883 INFO kernel:  Normal   empty
04:59:15,883 INFO kernel:  Device   empty
04:59:15,883 INFO kernel:Movable zone start for each node
04:59:15,883 INFO kernel:Early memory node ranges
04:59:15,883 INFO kernel:  node   0: [mem 0x0000000000001000-0x000000000009efff]
04:59:15,883 INFO kernel:  node   0: [mem 0x0000000000100000-0x00000000bffdbfff]
04:59:15,883 INFO kernel:Zeroed struct page in unavailable ranges: 134 pages
04:59:15,883 INFO kernel:Initmem setup node 0 [mem 0x0000000000001000-0x00000000bffdbfff]
04:59:15,883 DEBUG kernel:On node 0 totalpages: 786298
04:59:15,883 DEBUG kernel:  DMA zone: 64 pages used for memmap
04:59:15,883 DEBUG kernel:  DMA zone: 21 pages reserved
04:59:15,883 DEBUG kernel:  DMA zone: 3998 pages, LIFO batch:0
04:59:15,883 DEBUG kernel:  DMA32 zone: 12224 pages used for memmap
04:59:15,883 DEBUG kernel:  DMA32 zone: 782300 pages, LIFO batch:31
04:59:15,883 INFO kernel:ACPI: PM-Timer IO Port: 0x608
04:59:15,883 DEBUG kernel:ACPI: Local APIC address 0xfee00000
04:59:15,883 INFO kernel:ACPI: LAPIC_NMI (acpi_id[0xff] dfl dfl lint[0x1])
04:59:15,883 INFO kernel:IOAPIC[0]: apic_id 0, version 17, address 0xfec00000, GSI 0-23
04:59:15,883 INFO kernel:ACPI: INT_SRC_OVR (bus 0 bus_irq 0 global_irq 2 dfl dfl)
04:59:15,883 INFO kernel:ACPI: INT_SRC_OVR (bus 0 bus_irq 5 global_irq 5 high level)
04:59:15,883 INFO kernel:ACPI: INT_SRC_OVR (bus 0 bus_irq 9 global_irq 9 high level)
04:59:15,883 INFO kernel:ACPI: INT_SRC_OVR (bus 0 bus_irq 10 global_irq 10 high level)
04:59:15,883 INFO kernel:ACPI: INT_SRC_OVR (bus 0 bus_irq 11 global_irq 11 high level)
04:59:15,883 DEBUG kernel:ACPI: IRQ0 used by override.
04:59:15,883 DEBUG kernel:ACPI: IRQ5 used by override.
04:59:15,883 DEBUG kernel:ACPI: IRQ9 used by override.
04:59:15,883 DEBUG kernel:ACPI: IRQ10 used by override.
04:59:15,883 DEBUG kernel:ACPI: IRQ11 used by override.
04:59:15,883 INFO kernel:Using ACPI (MADT) for SMP configuration information
04:59:15,883 INFO kernel:smpboot: Allowing 1 CPUs, 0 hotplug CPUs
04:59:15,883 INFO kernel:PM: Registered nosave memory: [mem 0x00000000-0x00000fff]
04:59:15,883 INFO kernel:PM: Registered nosave memory: [mem 0x0009f000-0x0009ffff]
04:59:15,883 INFO kernel:PM: Registered nosave memory: [mem 0x000a0000-0x000effff]
04:59:15,883 INFO kernel:PM: Registered nosave memory: [mem 0x000f0000-0x000fffff]
04:59:15,883 INFO kernel:[mem 0xc0000000-0xfeffbfff] available for PCI devices
04:59:15,883 INFO kernel:Booting paravirtualized kernel on KVM
04:59:15,883 INFO kernel:clocksource: refined-jiffies: mask: 0xffffffff max_cycles: 0xffffffff, max_idle_ns: 1910969940391419 ns
04:59:15,883 INFO kernel:setup_percpu: NR_CPUS:8192 nr_cpumask_bits:1 nr_cpu_ids:1 nr_node_ids:1
04:59:15,883 INFO kernel:percpu: Embedded 54 pages/cpu s184320 r8192 d28672 u2097152
04:59:15,883 DEBUG kernel:pcpu-alloc: s184320 r8192 d28672 u2097152 alloc=1*2097152
04:59:15,883 DEBUG kernel:pcpu-alloc: [0] 0 
04:59:15,883 INFO kernel:KVM setup async PF for cpu 0
04:59:15,883 INFO kernel:kvm-stealtime: cpu 0, msr bca2c080
04:59:15,883 INFO kernel:Built 1 zonelists, mobility grouping on.  Total pages: 773989
04:59:15,883 INFO kernel:Policy zone: DMA32
04:59:15,883 NOTICE kernel:Kernel command line: method=http://download-node-02.eng.bos.redhat.com/rhel-8/devel/candidate-trees/RHEL-8/RHEL-8.3.0-updates-20201031.0/compose/BaseOS/x86_64/os/ ks=file:/ks.cfg
04:59:15,883 NOTICE kernel:Specific versions of hardware are certified with Red Hat Enterprise Linux 8. Please see the list of hardware certified with Red Hat Enterprise Linux 8 at https://catalog.redhat.com.
04:59:15,883 INFO kernel:Memory: 261668K/3145192K available (12292K kernel code, 2184K rwdata, 3960K rodata, 2432K init, 15436K bss, 167076K reserved, 0K cma-reserved)
04:59:15,883 NOTICE kernel:random: get_random_u64 called from cache_random_seq_create+0x7c/0x140 with crng_init=0
04:59:15,883 INFO kernel:SLUB: HWalign=64, Order=0-3, MinObjects=0, CPUs=1, Nodes=1
04:59:15,883 INFO kernel:Kernel/User page tables isolation: enabled
04:59:15,883 INFO kernel:ftrace: allocating 37442 entries in 147 pages
04:59:15,883 INFO kernel:ftrace: allocated 147 pages with 4 groups
04:59:15,883 INFO kernel:rcu: Hierarchical RCU implementation.
04:59:15,883 INFO kernel:rcu: #011RCU restricting CPUs from NR_CPUS=8192 to nr_cpu_ids=1.
04:59:15,883 INFO kernel:rcu: RCU calculated value of scheduler-enlistment delay is 100 jiffies.
04:59:15,883 INFO kernel:rcu: Adjusting geometry for rcu_fanout_leaf=16, nr_cpu_ids=1
04:59:15,883 INFO kernel:NR_IRQS: 524544, nr_irqs: 256, preallocated irqs: 16
04:59:15,884 INFO kernel:Console: colour VGA+ 80x25
04:59:15,884 INFO kernel:printk: console [tty0] enabled
04:59:15,884 INFO kernel:ACPI: Core revision 20200110
04:59:15,884 INFO kernel:APIC: Switch to symmetric I/O mode setup
04:59:15,886 INFO kernel:x2apic enabled
04:59:15,886 INFO kernel:Switched APIC routing to physical x2apic.
04:59:15,886 INFO kernel:..TIMER: vector=0x30 apic1=0 pin1=2 apic2=-1 pin2=-1
04:59:15,886 INFO kernel:clocksource: tsc-early: mask: 0xffffffffffffffff max_cycles: 0x229835b7123, max_idle_ns: 440795242976 ns
04:59:15,886 INFO kernel:Calibrating delay loop (skipped) preset value.. 4799.99 BogoMIPS (lpj=2399998)
04:59:15,886 INFO kernel:pid_max: default: 32768 minimum: 301
04:59:15,886 INFO kernel:Security Framework initialized
04:59:15,886 INFO kernel:Yama: becoming mindful.
04:59:15,886 INFO kernel:SELinux:  Initializing.
04:59:15,886 INFO kernel:Dentry cache hash table entries: 524288 (order: 10, 4194304 bytes)
04:59:15,886 INFO kernel:Inode-cache hash table entries: 262144 (order: 9, 2097152 bytes)
04:59:15,886 INFO kernel:Mount-cache hash table entries: 8192 (order: 4, 65536 bytes)
04:59:15,886 INFO kernel:Mountpoint-cache hash table entries: 8192 (order: 4, 65536 bytes)
04:59:15,886 INFO kernel:Last level iTLB entries: 4KB 0, 2MB 0, 4MB 0
04:59:15,886 INFO kernel:Last level dTLB entries: 4KB 0, 2MB 0, 4MB 0, 1GB 0
04:59:15,886 INFO kernel:FEATURE SPEC_CTRL Not Present
04:59:15,886 INFO kernel:FEATURE IBPB_SUPPORT Not Present
04:59:15,886 INFO kernel:Spectre V1 : Mitigation: usercopy/swapgs barriers and __user pointer sanitization
04:59:15,886 INFO kernel:Spectre V2 : Mitigation: Full generic retpoline
04:59:15,886 INFO kernel:Spectre V2 : Spectre v2 / SpectreRSB mitigation: Filling RSB on context switch
04:59:15,886 INFO kernel:Speculative Store Bypass: Vulnerable
04:59:15,886 INFO kernel:MDS: Vulnerable: Clear CPU buffers attempted, no microcode
04:59:15,886 INFO kernel:Freeing SMP alternatives memory: 32K
04:59:15,886 INFO kernel:smpboot: CPU0: Intel QEMU Virtual CPU version 2.3.0 (family: 0x6, model: 0xd, stepping: 0x3)
04:59:15,886 INFO kernel:Performance Events: PMU not available due to virtualization, using software events only.
04:59:15,886 INFO kernel:rcu: Hierarchical SRCU implementation.
04:59:15,886 INFO kernel:NMI watchdog: Perf NMI watchdog permanently disabled
04:59:15,886 INFO kernel:smp: Bringing up secondary CPUs ...
04:59:15,886 INFO kernel:smp: Brought up 1 node, 1 CPU
04:59:15,886 INFO kernel:smpboot: Max logical packages: 1
04:59:15,886 INFO kernel:smpboot: Total of 1 processors activated (4799.99 BogoMIPS)
04:59:15,886 INFO kernel:node 0 deferred pages initialised in 27ms
04:59:15,886 INFO kernel:devtmpfs: initialized
04:59:15,886 INFO kernel:x86/mm: Memory block size: 128MB
04:59:15,886 INFO kernel:clocksource: jiffies: mask: 0xffffffff max_cycles: 0xffffffff, max_idle_ns: 1911260446275000 ns
04:59:15,886 INFO kernel:futex hash table entries: 256 (order: 2, 16384 bytes)
04:59:15,886 INFO kernel:pinctrl core: initialized pinctrl subsystem
04:59:15,886 INFO kernel:NET: Registered protocol family 16
04:59:15,886 INFO kernel:audit: initializing netlink subsys (disabled)
04:59:15,886 INFO kernel:cpuidle: using governor menu
04:59:15,886 INFO kernel:ACPI: bus type PCI registered
04:59:15,886 INFO kernel:acpiphp: ACPI Hot Plug PCI Controller Driver version: 0.5
04:59:15,886 INFO kernel:PCI: Using configuration type 1 for base access
04:59:15,886 NOTICE kernel:audit: type=2000 audit(1604120346.770:1): state=initialized audit_enabled=0 res=1
04:59:15,886 INFO kernel:HugeTLB registered 2.00 MiB page size, pre-allocated 0 pages
04:59:15,886 INFO kernel:cryptd: max_cpu_qlen set to 1000
04:59:15,886 INFO kernel:ACPI: Added _OSI(Module Device)
04:59:15,886 INFO kernel:ACPI: Added _OSI(Processor Device)
04:59:15,886 INFO kernel:ACPI: Added _OSI(3.0 _SCP Extensions)
04:59:15,886 INFO kernel:ACPI: Added _OSI(Processor Aggregator Device)
04:59:15,886 INFO kernel:ACPI: Added _OSI(Linux-Dell-Video)
04:59:15,886 INFO kernel:ACPI: Added _OSI(Linux-Lenovo-NV-HDMI-Audio)
04:59:15,886 INFO kernel:ACPI: Added _OSI(Linux-HPI-Hybrid-Graphics)
04:59:15,886 INFO kernel:ACPI: 2 ACPI AML tables successfully acquired and loaded
04:59:15,886 INFO kernel:ACPI: Interpreter enabled
04:59:15,886 INFO kernel:ACPI: (supports S0 S5)
04:59:15,886 INFO kernel:ACPI: Using IOAPIC for interrupt routing
04:59:15,886 INFO kernel:PCI: Using host bridge windows from ACPI; if necessary, use "pci=nocrs" and report a bug
04:59:15,886 INFO kernel:ACPI: Enabled 16 GPEs in block 00 to 0F
04:59:15,886 INFO kernel:ACPI: PCI Root Bridge [PCI0] (domain 0000 [bus 00-ff])
04:59:15,891 INFO kernel:acpi PNP0A03:00: _OSC: OS supports [ASPM ClockPM Segments MSI EDR HPX-Type3]
04:59:15,891 WARNING kernel:acpi PNP0A03:00: fail to add MMCONFIG information, can't access extended PCI configuration space under this bridge.
04:59:15,891 INFO kernel:acpiphp: Slot [3] registered
04:59:15,891 INFO kernel:acpiphp: Slot [4] registered
04:59:15,891 INFO kernel:acpiphp: Slot [5] registered
04:59:15,891 INFO kernel:acpiphp: Slot [6] registered
04:59:15,891 INFO kernel:acpiphp: Slot [7] registered
04:59:15,891 INFO kernel:acpiphp: Slot [8] registered
04:59:15,891 INFO kernel:acpiphp: Slot [9] registered
04:59:15,891 INFO kernel:acpiphp: Slot [10] registered
04:59:15,891 INFO kernel:acpiphp: Slot [11] registered
04:59:15,891 INFO kernel:acpiphp: Slot [12] registered
04:59:15,891 INFO kernel:acpiphp: Slot [13] registered
04:59:15,891 INFO kernel:acpiphp: Slot [14] registered
04:59:15,891 INFO kernel:acpiphp: Slot [15] registered
04:59:15,891 INFO kernel:acpiphp: Slot [16] registered
04:59:15,891 INFO kernel:acpiphp: Slot [17] registered
04:59:15,891 INFO kernel:acpiphp: Slot [18] registered
04:59:15,891 INFO kernel:acpiphp: Slot [19] registered
04:59:15,891 INFO kernel:acpiphp: Slot [20] registered
04:59:15,891 INFO kernel:acpiphp: Slot [21] registered
04:59:15,891 INFO kernel:acpiphp: Slot [22] registered
04:59:15,891 INFO kernel:acpiphp: Slot [23] registered
04:59:15,891 INFO kernel:acpiphp: Slot [24] registered
04:59:15,892 INFO kernel:acpiphp: Slot [25] registered
04:59:15,892 INFO kernel:acpiphp: Slot [26] registered
04:59:15,892 INFO kernel:acpiphp: Slot [27] registered
04:59:15,892 INFO kernel:acpiphp: Slot [28] registered
04:59:15,894 INFO kernel:acpiphp: Slot [29] registered
04:59:15,894 INFO kernel:acpiphp: Slot [30] registered
04:59:15,894 INFO kernel:acpiphp: Slot [31] registered
04:59:15,894 INFO kernel:PCI host bridge to bus 0000:00
04:59:15,894 INFO kernel:pci_bus 0000:00: root bus resource [io  0x0000-0x0cf7 window]
04:59:15,894 INFO kernel:pci_bus 0000:00: root bus resource [io  0x0d00-0xffff window]
04:59:15,894 INFO kernel:pci_bus 0000:00: root bus resource [mem 0x000a0000-0x000bffff window]
04:59:15,897 INFO kernel:pci_bus 0000:00: root bus resource [mem 0xc0000000-0xfebfffff window]
04:59:15,897 INFO kernel:pci_bus 0000:00: root bus resource [bus 00-ff]
04:59:15,897 INFO kernel:pci 0000:00:00.0: [8086:1237] type 00 class 0x060000
04:59:15,898 INFO kernel:pci 0000:00:01.0: [8086:7000] type 00 class 0x060100
04:59:15,903 INFO kernel:pci 0000:00:01.1: [8086:7010] type 00 class 0x010180
04:59:15,903 INFO kernel:pci 0000:00:01.1: reg 0x20: [io  0xc0e0-0xc0ef]
04:59:15,903 INFO kernel:pci 0000:00:01.1: legacy IDE quirk: reg 0x10: [io  0x01f0-0x01f7]
04:59:15,906 INFO kernel:pci 0000:00:01.1: legacy IDE quirk: reg 0x14: [io  0x03f6]
04:59:15,906 INFO kernel:pci 0000:00:01.1: legacy IDE quirk: reg 0x18: [io  0x0170-0x0177]
04:59:15,906 INFO kernel:pci 0000:00:01.1: legacy IDE quirk: reg 0x1c: [io  0x0376]
04:59:15,906 INFO kernel:pci 0000:00:01.2: [8086:7020] type 00 class 0x0c0300
04:59:15,909 INFO kernel:pci 0000:00:01.2: reg 0x20: [io  0xc040-0xc05f]
04:59:15,909 INFO kernel:pci 0000:00:01.3: [8086:7113] type 00 class 0x068000
04:59:15,909 INFO kernel:pci 0000:00:01.3: quirk: [io  0x0600-0x063f] claimed by PIIX4 ACPI
04:59:15,912 INFO kernel:pci 0000:00:01.3: quirk: [io  0x0700-0x070f] claimed by PIIX4 SMB
04:59:15,915 INFO kernel:pci 0000:00:02.0: [1013:00b8] type 00 class 0x030000
04:59:15,915 INFO kernel:pci 0000:00:02.0: reg 0x10: [mem 0xfc000000-0xfdffffff pref]
04:59:15,915 INFO kernel:pci 0000:00:02.0: reg 0x14: [mem 0xfebd0000-0xfebd0fff]
04:59:15,918 INFO kernel:pci 0000:00:02.0: reg 0x30: [mem 0xfebc0000-0xfebcffff pref]
04:59:15,918 INFO kernel:pci 0000:00:03.0: [1af4:1000] type 00 class 0x020000
04:59:15,918 INFO kernel:pci 0000:00:03.0: reg 0x10: [io  0xc060-0xc07f]
04:59:15,921 INFO kernel:pci 0000:00:03.0: reg 0x14: [mem 0xfebd1000-0xfebd1fff]
04:59:15,921 INFO kernel:pci 0000:00:03.0: reg 0x30: [mem 0xfeb80000-0xfebbffff pref]
04:59:15,921 INFO kernel:pci 0000:00:04.0: [1af4:1003] type 00 class 0x078000
04:59:15,921 INFO kernel:pci 0000:00:04.0: reg 0x10: [io  0xc080-0xc09f]
04:59:15,925 INFO kernel:pci 0000:00:04.0: reg 0x14: [mem 0xfebd2000-0xfebd2fff]
04:59:15,927 INFO kernel:pci 0000:00:05.0: [1af4:1001] type 00 class 0x010000
04:59:15,927 INFO kernel:pci 0000:00:05.0: reg 0x10: [io  0xc000-0xc03f]
04:59:15,930 INFO kernel:pci 0000:00:05.0: reg 0x14: [mem 0xfebd3000-0xfebd3fff]
04:59:15,930 INFO kernel:pci 0000:00:06.0: [1af4:1002] type 00 class 0x00ff00
04:59:15,930 INFO kernel:pci 0000:00:06.0: reg 0x10: [io  0xc0a0-0xc0bf]
04:59:15,930 INFO kernel:pci 0000:00:07.0: [1af4:1005] type 00 class 0x00ff00
04:59:15,933 INFO kernel:pci 0000:00:07.0: reg 0x10: [io  0xc0c0-0xc0df]
04:59:15,933 INFO kernel:ACPI: PCI Interrupt Link [LNKA] (IRQs 5 *10 11)
04:59:15,933 INFO kernel:ACPI: PCI Interrupt Link [LNKB] (IRQs 5 *10 11)
04:59:15,933 INFO kernel:ACPI: PCI Interrupt Link [LNKC] (IRQs 5 10 *11)
04:59:15,933 INFO kernel:ACPI: PCI Interrupt Link [LNKD] (IRQs 5 10 *11)
04:59:15,933 INFO kernel:ACPI: PCI Interrupt Link [LNKS] (IRQs *9)
04:59:15,933 INFO kernel:iommu: Default domain type: Passthrough 
04:59:15,933 INFO kernel:pci 0000:00:02.0: vgaarb: setting as boot VGA device
04:59:15,933 INFO kernel:pci 0000:00:02.0: vgaarb: VGA device added: decodes=io+mem,owns=io+mem,locks=none
04:59:15,936 INFO kernel:pci 0000:00:02.0: vgaarb: bridge control possible
04:59:15,937 INFO kernel:vgaarb: loaded
04:59:15,937 NOTICE kernel:SCSI subsystem initialized
04:59:15,937 INFO kernel:ACPI: bus type USB registered
04:59:15,937 INFO kernel:usbcore: registered new interface driver usbfs
04:59:15,939 INFO kernel:usbcore: registered new interface driver hub
04:59:15,939 INFO kernel:usbcore: registered new device driver usb
04:59:15,939 INFO kernel:pps_core: LinuxPPS API ver. 1 registered
04:59:15,939 INFO kernel:pps_core: Software ver. 5.3.6 - Copyright 2005-2007 Rodolfo Giometti <giometti@linux.it>
04:59:15,939 INFO kernel:PTP clock support registered
04:59:15,939 INFO kernel:EDAC MC: Ver: 3.0.0
04:59:15,939 INFO kernel:PCI: Using ACPI for IRQ routing
04:59:15,939 DEBUG kernel:PCI: pci_cache_line_size set to 64 bytes
04:59:15,939 DEBUG kernel:e820: reserve RAM buffer [mem 0x0009fc00-0x0009ffff]
04:59:15,939 DEBUG kernel:e820: reserve RAM buffer [mem 0xbffdc000-0xbfffffff]
04:59:15,939 INFO kernel:NetLabel: Initializing
04:59:15,939 INFO kernel:NetLabel:  domain hash size = 128
04:59:15,939 INFO kernel:NetLabel:  protocols = UNLABELED CIPSOv4 CALIPSO
04:59:15,939 INFO kernel:NetLabel:  unlabeled traffic allowed by default
04:59:15,939 INFO kernel:clocksource: Switched to clocksource kvm-clock
04:59:15,939 NOTICE kernel:VFS: Disk quotas dquot_6.6.0
04:59:15,939 INFO kernel:VFS: Dquot-cache hash table entries: 512 (order 0, 4096 bytes)
04:59:15,939 INFO kernel:pnp: PnP ACPI init
04:59:15,939 DEBUG kernel:pnp 00:00: Plug and Play ACPI device, IDs PNP0b00 (active)
04:59:15,942 DEBUG kernel:pnp 00:01: Plug and Play ACPI device, IDs PNP0303 (active)
04:59:15,942 DEBUG kernel:pnp 00:02: Plug and Play ACPI device, IDs PNP0f13 (active)
04:59:15,942 DEBUG kernel:pnp 00:03: [dma 2]
04:59:15,942 DEBUG kernel:pnp 00:03: Plug and Play ACPI device, IDs PNP0700 (active)
04:59:15,945 DEBUG kernel:pnp 00:04: Plug and Play ACPI device, IDs PNP0501 (active)
04:59:15,945 DEBUG kernel:pnp 00:05: Plug and Play ACPI device, IDs PNP0501 (active)
04:59:15,945 INFO kernel:pnp: PnP ACPI: found 6 devices
04:59:15,945 INFO kernel:clocksource: acpi_pm: mask: 0xffffff max_cycles: 0xffffff, max_idle_ns: 2085701024 ns
04:59:15,945 INFO kernel:pci_bus 0000:00: resource 4 [io  0x0000-0x0cf7 window]
04:59:15,946 INFO kernel:pci_bus 0000:00: resource 5 [io  0x0d00-0xffff window]
04:59:15,949 INFO kernel:pci_bus 0000:00: resource 6 [mem 0x000a0000-0x000bffff window]
04:59:15,951 INFO kernel:pci_bus 0000:00: resource 7 [mem 0xc0000000-0xfebfffff window]
04:59:15,951 INFO kernel:NET: Registered protocol family 2
04:59:15,951 INFO kernel:tcp_listen_portaddr_hash hash table entries: 2048 (order: 3, 32768 bytes)
04:59:15,951 INFO kernel:TCP established hash table entries: 32768 (order: 6, 262144 bytes)
04:59:15,951 INFO kernel:TCP bind hash table entries: 32768 (order: 7, 524288 bytes)
04:59:15,951 INFO kernel:TCP: Hash tables configured (established 32768 bind 32768)
04:59:15,951 INFO kernel:UDP hash table entries: 2048 (order: 4, 65536 bytes)
04:59:15,951 INFO kernel:UDP-Lite hash table entries: 2048 (order: 4, 65536 bytes)
04:59:15,951 INFO kernel:NET: Registered protocol family 1
04:59:15,951 INFO kernel:NET: Registered protocol family 44
04:59:15,951 INFO kernel:pci 0000:00:00.0: Limiting direct PCI/PCI transfers
04:59:15,954 INFO kernel:pci 0000:00:01.0: PIIX3: Enabling Passive Release
04:59:15,954 INFO kernel:pci 0000:00:01.0: Activating ISA DMA hang workarounds
04:59:15,954 INFO kernel:PCI Interrupt Link [LNKD] enabled at IRQ 11
04:59:15,954 INFO kernel:pci 0000:00:01.2: quirk_usb_early_handoff+0x0/0x6a9 took 38255 usecs
04:59:15,955 INFO kernel:pci 0000:00:02.0: Video device with shadowed ROM at [mem 0x000c0000-0x000dffff]
04:59:15,955 INFO kernel:PCI: CLS 0 bytes, default 64
04:59:15,957 INFO kernel:Unpacking initramfs...
04:59:15,957 INFO kernel:Freeing initrd memory: 71928K
04:59:15,957 INFO kernel:clocksource: tsc: mask: 0xffffffffffffffff max_cycles: 0x229835b7123, max_idle_ns: 440795242976 ns
04:59:15,957 NOTICE kernel:Initialise system trusted keyrings
04:59:15,957 NOTICE kernel:Key type blacklist registered
04:59:15,957 INFO kernel:workingset: timestamp_bits=36 max_order=20 bucket_order=0
04:59:15,957 INFO kernel:zbud: loaded
04:59:15,957 INFO kernel:pstore: using deflate compression
04:59:15,957 NOTICE kernel:Platform Keyring initialized
04:59:15,957 INFO kernel:NET: Registered protocol family 38
04:59:15,957 NOTICE kernel:Key type asymmetric registered
04:59:15,957 NOTICE kernel:Asymmetric key parser 'x509' registered
04:59:15,957 INFO kernel:Block layer SCSI generic (bsg) driver version 0.4 loaded (major 247)
04:59:15,957 INFO kernel:io scheduler mq-deadline registered
04:59:15,957 INFO kernel:io scheduler kyber registered
04:59:15,957 INFO kernel:io scheduler bfq registered
04:59:15,957 INFO kernel:atomic64_test: passed for x86-64 platform with CX8 and with SSE
04:59:15,957 INFO kernel:shpchp: Standard Hot Plug PCI Controller Driver version: 0.4
04:59:15,957 INFO kernel:input: Power Button as /devices/LNXSYSTM:00/LNXPWRBN:00/input/input0
04:59:15,957 INFO kernel:ACPI: Power Button [PWRF]
04:59:15,957 INFO kernel:PCI Interrupt Link [LNKC] enabled at IRQ 10
04:59:15,957 INFO kernel:virtio-pci 0000:00:03.0: virtio_pci: leaving for legacy driver
04:59:15,957 INFO kernel:virtio-pci 0000:00:04.0: virtio_pci: leaving for legacy driver
04:59:15,957 INFO kernel:PCI Interrupt Link [LNKA] enabled at IRQ 10
04:59:15,961 INFO kernel:virtio-pci 0000:00:05.0: virtio_pci: leaving for legacy driver
04:59:15,961 INFO kernel:PCI Interrupt Link [LNKB] enabled at IRQ 11
04:59:15,963 INFO kernel:virtio-pci 0000:00:06.0: virtio_pci: leaving for legacy driver
04:59:15,963 INFO kernel:virtio-pci 0000:00:07.0: virtio_pci: leaving for legacy driver
04:59:15,963 INFO kernel:Serial: 8250/16550 driver, 4 ports, IRQ sharing enabled
04:59:15,963 INFO kernel:00:04: ttyS0 at I/O 0x3f8 (irq = 4, base_baud = 115200) is a 16550A
04:59:15,963 INFO kernel:00:05: ttyS1 at I/O 0x2f8 (irq = 3, base_baud = 115200) is a 16550A
04:59:15,963 INFO kernel:Non-volatile memory driver v1.3
04:59:15,963 INFO kernel:rdac: device handler registered
04:59:15,963 NOTICE kernel:random: fast init done
04:59:15,963 INFO kernel:hp_sw: device handler registered
04:59:15,963 INFO kernel:emc: device handler registered
04:59:15,963 NOTICE kernel:random: crng init done
04:59:15,963 INFO kernel:alua: device handler registered
04:59:15,963 INFO kernel:libphy: Fixed MDIO Bus: probed
04:59:15,964 INFO kernel:ehci_hcd: USB 2.0 'Enhanced' Host Controller (EHCI) Driver
04:59:15,964 INFO kernel:ehci-pci: EHCI PCI platform driver
04:59:15,964 INFO kernel:ohci_hcd: USB 1.1 'Open' Host Controller (OHCI) Driver
04:59:15,964 INFO kernel:ohci-pci: OHCI PCI platform driver
04:59:15,966 INFO kernel:uhci_hcd: USB Universal Host Controller Interface driver
04:59:15,966 INFO kernel:uhci_hcd 0000:00:01.2: UHCI Host Controller
04:59:15,966 INFO kernel:uhci_hcd 0000:00:01.2: new USB bus registered, assigned bus number 1
04:59:15,966 INFO kernel:uhci_hcd 0000:00:01.2: detected 2 ports
04:59:15,969 INFO kernel:uhci_hcd 0000:00:01.2: irq 11, io base 0x0000c040
04:59:15,969 INFO kernel:usb usb1: New USB device found, idVendor=1d6b, idProduct=0001, bcdDevice= 4.18
04:59:15,969 INFO kernel:usb usb1: New USB device strings: Mfr=3, Product=2, SerialNumber=1
04:59:15,972 INFO kernel:usb usb1: Product: UHCI Host Controller
04:59:15,975 INFO kernel:usb usb1: Manufacturer: Linux 4.18.0-240.1.1.el8_3.x86_64 uhci_hcd
04:59:15,975 INFO kernel:usb usb1: SerialNumber: 0000:00:01.2
04:59:15,975 INFO kernel:hub 1-0:1.0: USB hub found
04:59:15,978 INFO kernel:hub 1-0:1.0: 2 ports detected
04:59:15,978 INFO kernel:usbcore: registered new interface driver usbserial_generic
04:59:15,978 INFO kernel:usbserial: USB Serial support registered for generic
04:59:15,978 INFO kernel:i8042: PNP: PS/2 Controller [PNP0303:KBD,PNP0f13:MOU] at 0x60,0x64 irq 1,12
04:59:15,978 INFO kernel:serio: i8042 KBD port at 0x60,0x64 irq 1
04:59:15,978 INFO kernel:serio: i8042 AUX port at 0x60,0x64 irq 12
04:59:15,978 INFO kernel:mousedev: PS/2 mouse device common for all mice
04:59:15,978 INFO kernel:input: AT Translated Set 2 keyboard as /devices/platform/i8042/serio0/input/input1
04:59:15,978 INFO kernel:input: VirtualPS/2 VMware VMMouse as /devices/platform/i8042/serio1/input/input4
04:59:15,978 INFO kernel:input: VirtualPS/2 VMware VMMouse as /devices/platform/i8042/serio1/input/input3
04:59:15,978 INFO kernel:rtc_cmos 00:00: RTC can wake from S4
04:59:15,978 INFO kernel:rtc_cmos 00:00: registered as rtc0
04:59:15,981 INFO kernel:rtc_cmos 00:00: alarms up to one day, 114 bytes nvram
04:59:15,981 INFO kernel:intel_pstate: CPU model not supported
04:59:15,981 INFO kernel:hidraw: raw HID events driver (C) Jiri Kosina
04:59:15,981 INFO kernel:usbcore: registered new interface driver usbhid
04:59:15,981 INFO kernel:usbhid: USB HID core driver
04:59:15,981 INFO kernel:drop_monitor: Initializing network drop monitor service
04:59:15,981 INFO kernel:Initializing XFRM netlink socket
04:59:15,981 INFO kernel:NET: Registered protocol family 10
04:59:15,981 INFO kernel:Segment Routing with IPv6
04:59:15,981 INFO kernel:NET: Registered protocol family 17
04:59:15,981 INFO kernel:mpls_gso: MPLS GSO support
04:59:15,981 INFO kernel:core: Using 10 MCE banks
04:59:15,981 INFO kernel:sched_clock: Marking stable (7253350126, 0)->(7653303423, -399953297)
04:59:15,981 INFO kernel:registered taskstats version 1
04:59:15,981 NOTICE kernel:Loading compiled-in X.509 certificates
04:59:15,981 NOTICE kernel:Loaded X.509 cert 'Red Hat Enterprise Linux kernel signing key: 4c32163caad5c99c53fd10b502a69e776b91033f'
04:59:15,981 NOTICE kernel:Loaded X.509 cert 'Red Hat Enterprise Linux Driver Update Program (key 3): bf57f3e87362bc7229d9f465321773dfd1f77a80'
04:59:15,981 NOTICE kernel:Loaded X.509 cert 'Red Hat Enterprise Linux kpatch signing key: 4d38fd864ebe18c5f0b72e3852e2014c3a676fc8'
04:59:15,981 INFO kernel:zswap: loaded using pool lzo/zbud
04:59:15,981 INFO kernel:page_owner is disabled
04:59:15,981 NOTICE kernel:Key type big_key registered
04:59:15,981 NOTICE kernel:Key type encrypted registered
04:59:15,981 INFO kernel:ima: No TPM chip found, activating TPM-bypass!
04:59:15,981 INFO kernel:ima: Allocated hash algorithm: sha1
04:59:15,981 INFO kernel:ima: No architecture policies found
04:59:15,981 INFO kernel:evm: Initialising EVM extended attributes:
04:59:15,981 INFO kernel:evm: security.selinux
04:59:15,981 INFO kernel:evm: security.ima
04:59:15,981 INFO kernel:evm: security.capability
04:59:15,981 INFO kernel:evm: HMAC attrs: 0x1
04:59:15,981 INFO kernel:rtc_cmos 00:00: setting system clock to 2020-10-31 04:59:13 UTC (1604120353)
04:59:15,982 INFO kernel:Freeing unused decrypted memory: 2040K
04:59:15,982 INFO kernel:Freeing unused kernel memory: 2432K
04:59:15,982 INFO kernel:Write protecting the kernel read-only data: 18432k
04:59:15,982 INFO kernel:Freeing unused kernel memory: 2016K
04:59:15,984 INFO kernel:Freeing unused kernel memory: 136K
04:59:15,984 INFO systemd:systemd 239 (239-41.el8_3) running in system mode. (+PAM +AUDIT +SELINUX +IMA -APPARMOR +SMACK +SYSVINIT +UTMP +LIBCRYPTSETUP +GCRYPT +GNUTLS +ACL +XZ +LZ4 +SECCOMP +BLKID +ELFUTILS +KMOD +IDN2 -IDN +PCRE2 default-hierarchy=legacy)
04:59:15,984 INFO systemd:Detected virtualization kvm.
04:59:15,984 INFO systemd:Detected architecture x86-64.
04:59:15,984 INFO systemd:Running in initial RAM disk.
04:59:15,984 INFO systemd:No hostname configured.
04:59:15,984 INFO systemd:Set hostname to <localhost>.
04:59:15,984 INFO systemd:Initializing machine ID from KVM UUID.
04:59:15,984 INFO systemd:Reached target Swap.
04:59:15,985 INFO systemd:Listening on udev Kernel Socket.
04:59:15,985 INFO systemd:Listening on Open-iSCSI iscsid Socket.
04:59:15,985 INFO kernel:Loading iSCSI transport class v2.0-870.
04:59:15,985 INFO kernel:BIOS EDD facility v0.16 2004-Jun-25, 1 devices found
04:59:15,985 INFO systemd-journald:Journal started
04:59:15,985 INFO systemd-journald:Runtime journal (/run/log/journal/d8aff414dbe6429cbe36b52011441ef4) is 8.0M, max 149.2M, 141.2M free.
04:59:15,992 INFO rngd:Initializing available sources
04:59:15,992 INFO rngd:Initializing entropy source hwrng
04:59:15,992 INFO rngd:Failed to init entropy source rdrand
04:59:15,996 INFO dracut-cmdline:dracut-8.3 (Ootpa) dracut-049-95.git20200804.el8
04:59:15,996 INFO dracut-cmdline:Using kernel command line parameters: method=http://download-node-02.eng.bos.redhat.com/rhel-8/devel/candidate-trees/RHEL-8/RHEL-8.3.0-updates-20201031.0/compose/BaseOS/x86_64/os/ ks=file:/ks.cfg
04:59:15,996 INFO dracut-cmdline:Loading Red Hat Enterprise Linux 8.3 x86_64 installer...
04:59:15,996 INFO dracut-cmdline:anaconda: parsing kickstart /ks.cfg
04:59:15,999 INFO dracut-cmdline:Warning: 'method=' is deprecated. Using 'repo=http://download-node-02.eng.bos.redhat.com/rhel-8/devel/candidate-trees/RHEL-8/RHEL-8.3.0-updates-20201031.0/compose/BaseOS/x86_64/os/' instead.
04:59:17,840 INFO dracut-cmdline:parse-kickstart WARNING: No device with link found for --device=link
04:59:18,262 INFO dracut-cmdline:rd.luks=0: removing cryptoluks activation
04:59:18,350 INFO dracut-cmdline:rd.lvm=0: removing LVM activation
04:59:18,456 NOTICE kernel:iscsi: registered transport (tcp)
04:59:18,546 NOTICE kernel:iscsi: registered transport (qla4xxx)
04:59:18,549 INFO kernel:QLogic iSCSI HBA Driver
04:59:18,574 INFO kernel:libcxgbi:libcxgbi_init_module: Chelsio iSCSI driver library libcxgbi v0.9.1-ko (Apr. 2015)
04:59:18,709 INFO kernel:Chelsio T4-T6 iSCSI Driver cxgb4i v0.9.5-ko (Apr. 2015)
04:59:18,709 NOTICE kernel:iscsi: registered transport (cxgb4i)
04:59:18,736 INFO kernel:cnic: QLogic cnicDriver v2.5.22 (July 20, 2015)
04:59:18,757 INFO kernel:QLogic NetXtreme II iSCSI Driver bnx2i v2.7.10.1 (Jul 16, 2014)
04:59:18,760 NOTICE kernel:iscsi: registered transport (bnx2i)
04:59:18,793 NOTICE kernel:iscsi: registered transport (be2iscsi)
04:59:18,793 INFO kernel:In beiscsi_module_init, tt=000000005985f89b
04:59:18,896 INFO systemd:Started dracut cmdline hook.
04:59:18,899 INFO systemd:Starting dracut pre-udev hook...
04:59:19,037 WARNING kernel:cramfs is deprecated and is slated for removal in a future RHEL release. Please use an alternative file system like squashfs.
04:59:19,090 INFO kernel:squashfs: version 4.0 (2009/01/31) Phillip Lougher
04:59:19,154 INFO dracut-pre-udev:modprobe: FATAL: Module floppy not found in directory /lib/modules/4.18.0-240.1.1.el8_3.x86_64
04:59:19,225 INFO kernel:No iBFT detected.
04:59:19,492 INFO kernel:raid6: sse2x1   gen()  9061 MB/s
04:59:19,492 INFO kernel:raid6: sse2x1   xor()  5437 MB/s
04:59:19,492 INFO kernel:raid6: sse2x2   gen()  9042 MB/s
04:59:19,492 INFO kernel:raid6: sse2x2   xor()  6550 MB/s
04:59:19,492 INFO kernel:raid6: sse2x4   gen() 11102 MB/s
04:59:19,492 INFO kernel:raid6: sse2x4   xor()  6227 MB/s
04:59:19,492 INFO kernel:raid6: using algorithm sse2x4 gen() 11102 MB/s
04:59:19,492 INFO kernel:raid6: .... xor() 6227 MB/s, rmw enabled
04:59:19,492 INFO kernel:raid6: using intx1 recovery algorithm
04:59:19,709 INFO kernel:async_tx: api initialized (async)
04:59:19,734 INFO kernel:xor: measuring software checksum speed
04:59:19,734 INFO kernel:   prefetch64-sse: 15224.000 MB/sec
04:59:19,734 INFO kernel:   generic_sse: 13752.000 MB/sec
04:59:19,734 INFO kernel:xor: using function: prefetch64-sse (15224.000 MB/sec)
04:59:20,078 INFO rngd:Initializing AES buffer
04:59:20,079 INFO rngd:Enabling JITTER rng support
04:59:20,081 INFO kernel:device-mapper: uevent: version 1.0.3
04:59:20,083 INFO kernel:device-mapper: ioctl: 4.42.0-ioctl (2020-02-27) initialised: dm-devel@redhat.com
04:59:20,333 INFO kernel:device-mapper: multipath round-robin: version 1.2.0 loaded
04:59:20,468 INFO dracut-pre-udev:modprobe: ERROR: could not insert 'sha256_mb': No such device
04:59:20,720 INFO kernel:RPC: Registered named UNIX socket transport module.
04:59:20,721 INFO kernel:RPC: Registered udp transport module.
04:59:20,721 INFO kernel:RPC: Registered tcp transport module.
04:59:20,721 INFO kernel:RPC: Registered tcp NFSv4.1 backchannel transport module.
04:59:20,839 NOTICE rpc.statd:Version 2.3.3 starting
04:59:20,845 NOTICE rpc.statd:Initializing NSM state
04:59:20,861 WARNING rpc.statd:Running as root.  chown /var/lib/nfs/statd to choose different user
04:59:20,910 WARNING rpc.idmapd:Setting log level to 0
04:59:20,989 INFO systemd:Started dracut pre-udev hook.
04:59:20,994 INFO systemd:Starting udev Kernel Device Manager...
04:59:21,921 INFO systemd:Started udev Kernel Device Manager.
04:59:21,923 INFO systemd:Starting dracut pre-trigger hook...
04:59:22,006 INFO lldpad:config file failed to load,
04:59:22,007 INFO lldpad:create a new file.
04:59:22,007 INFO lldpad:bound ctrl iface to /com/intel/lldpad
04:59:22,013 INFO dracut-pre-trigger:699
04:59:22,058 INFO dracut-pre-trigger:rd.md=0: removing MD RAID activation
04:59:22,339 INFO systemd:Started dracut pre-trigger hook.
04:59:22,341 INFO systemd:Starting udev Coldplug all Devices...
04:59:22,533 INFO systemd:Mounting Kernel Configuration File System...
04:59:22,559 INFO systemd:Mounted Kernel Configuration File System.
04:59:22,684 INFO systemd:Started udev Coldplug all Devices.
04:59:22,687 INFO systemd:Starting udev Wait for Complete Device Initialization...
04:59:22,705 INFO systemd:Starting Show Plymouth Boot Screen...
04:59:22,770 NOTICE kernel:virtio_blk virtio2: [vda] 20971520 512-byte logical blocks (10.7 GB/10.0 GiB)
04:59:22,790 INFO systemd:Received SIGRTMIN+20 from PID 790 (plymouthd).
04:59:22,869 INFO systemd:Started Show Plymouth Boot Screen.
04:59:22,885 INFO systemd-udevd:link_config: autonegotiation is unset or enabled, the speed and duplex are not writable.
04:59:22,957 INFO systemd:Started Forward Password Requests to Plymouth Directory Watch.
04:59:22,963 INFO systemd:Reached target Paths.
04:59:22,965 INFO systemd:Reached target Local Encrypted Volumes.
04:59:22,984 INFO systemd-udevd:link_config: autonegotiation is unset or enabled, the speed and duplex are not writable.
04:59:22,986 INFO kernel:virtio_net virtio0 ens3: renamed from eth0
04:59:22,994 INFO kernel:8021q: 802.1Q VLAN Support v1.8
04:59:23,000 DEBUG kernel:libata version 3.00 loaded.
04:59:23,009 DEBUG kernel:ata_piix 0000:00:01.1: version 2.13
04:59:23,045 INFO kernel:scsi host0: ata_piix
04:59:23,052 INFO kernel:scsi host1: ata_piix
04:59:23,052 INFO kernel:ata1: PATA max MWDMA2 cmd 0x1f0 ctl 0x3f6 bmdma 0xc0e0 irq 14
04:59:23,052 INFO kernel:ata2: PATA max MWDMA2 cmd 0x170 ctl 0x376 bmdma 0xc0e8 irq 15
04:59:23,236 INFO systemd:Started udev Wait for Complete Device Initialization.
04:59:23,238 INFO systemd:Starting Device-Mapper Multipath Device Controller...
04:59:23,254 INFO systemd:Started Device-Mapper Multipath Device Controller.
04:59:23,254 INFO systemd:Reached target Local File Systems (Pre).
04:59:23,254 INFO systemd:Reached target Local File Systems.
04:59:23,257 INFO systemd:Starting Create Volatile Files and Directories...
04:59:23,261 INFO systemd:Starting Open-iSCSI...
04:59:23,293 INFO iscsid:iscsid: can't open InitiatorName configuration file /etc/iscsi/initiatorname.iscsi
04:59:23,294 INFO iscsid:iscsid: Warning: InitiatorName file /etc/iscsi/initiatorname.iscsi does not exist or does not contain a properly formatted InitiatorName. If using software iscsi (iscsi_tcp or ib_iser) or partial offload (bnx2i or cxgbi iscsi), you may not be able to log into or discover targets. Please create a file /etc/iscsi/initiatorname.iscsi that contains a sting with the format: InitiatorName=iqn.yyyy-mm.<reversed domain name>[:identifier].
04:59:23,294 INFO iscsid:Example: InitiatorName=iqn.2001-04.com.redhat:fc6.
04:59:23,294 INFO iscsid:If using hardware iscsi like qla4xxx this message can be ignored.
04:59:23,294 INFO iscsid:iscsid: can't open InitiatorAlias configuration file /etc/iscsi/initiatorname.iscsi
04:59:23,299 INFO systemd:Started Open-iSCSI.
04:59:23,301 INFO systemd:Starting dracut initqueue hook...
04:59:23,308 INFO multipathd:--------start up--------
04:59:23,308 INFO multipathd:read /etc/multipath.conf
04:59:23,320 INFO multipathd:path checkers start up
04:59:23,332 INFO systemd:Started Create Volatile Files and Directories.
04:59:23,332 INFO systemd:Reached target System Initialization.
04:59:23,332 INFO systemd:Reached target Basic System.
04:59:23,432 INFO systemd:Reloading.
04:59:23,881 INFO NetworkManager:<info>  [1604120363.8816] NetworkManager (version 1.26.0-9.el8_3) is starting... (for the first time)
04:59:23,882 INFO NetworkManager:<info>  [1604120363.8824] Read config: /etc/NetworkManager/NetworkManager.conf
04:59:23,888 INFO NetworkManager:<info>  [1604120363.8884] auth[0x55ece6f3a760]: create auth-manager: D-Bus connection not available. Polkit is disabled and only root will be authorized.
04:59:23,892 INFO NetworkManager:<info>  [1604120363.8922] manager[0x55ece6f4c010]: monitoring kernel firmware directory '/lib/firmware'.
04:59:23,893 INFO NetworkManager:<info>  [1604120363.8929] hostname: hostname: hostnamed not used as proxy creation failed with: Could not connect: No such file or directory
04:59:23,893 INFO NetworkManager:<info>  [1604120363.8933] dns-mgr[0x55ece6f3f210]: init: dns=default,systemd-resolved rc-manager=symlink
04:59:23,901 INFO NetworkManager:<info>  [1604120363.9013] Loaded device plugin: NMTeamFactory (/usr/lib64/NetworkManager/1.26.0-9.el8_3/libnm-device-plugin-team.so)
04:59:23,901 INFO NetworkManager:<info>  [1604120363.9014] manager: rfkill: Wi-Fi enabled by radio killswitch; enabled by state file
04:59:23,901 INFO NetworkManager:<info>  [1604120363.9015] manager: rfkill: WWAN enabled by radio killswitch; enabled by state file
04:59:23,901 INFO NetworkManager:<info>  [1604120363.9016] manager: Networking is enabled by state file
04:59:23,901 INFO NetworkManager:<info>  [1604120363.9017] dhcp-init: Using DHCP client 'internal'
04:59:23,902 WARNING NetworkManager:<warn>  [1604120363.9024] ifcfg-rh: dbus: don't use D-Bus for com.redhat.ifcfgrh1 service
04:59:23,902 INFO NetworkManager:<info>  [1604120363.9025] settings: Loaded settings plugin: ifcfg-rh ("/usr/lib64/NetworkManager/1.26.0-9.el8_3/libnm-settings-plugin-ifcfg-rh.so")
04:59:23,902 INFO NetworkManager:<info>  [1604120363.9026] settings: Loaded settings plugin: keyfile (internal)
04:59:23,906 INFO NetworkManager:<info>  [1604120363.9061] device (lo): carrier: link connected
04:59:23,906 INFO NetworkManager:<info>  [1604120363.9063] manager: (lo): new Generic device (/org/freedesktop/NetworkManager/Devices/1)
04:59:23,907 INFO NetworkManager:<info>  [1604120363.9070] manager: (ens3): new Ethernet device (/org/freedesktop/NetworkManager/Devices/2)
04:59:23,907 INFO NetworkManager:<info>  [1604120363.9075] device (ens3): state change: unmanaged -> unavailable (reason 'managed', sys-iface-state: 'external')
04:59:23,912 INFO kernel:IPv6: ADDRCONF(NETDEV_UP): ens3: link is not ready
04:59:23,921 INFO kernel:IPv6: ADDRCONF(NETDEV_UP): ens3: link is not ready
04:59:23,921 INFO kernel:8021q: adding VLAN 0 to HW filter on device ens3
04:59:23,926 INFO NetworkManager:<info>  [1604120363.9264] device (ens3): carrier: link connected
04:59:23,930 INFO kernel:IPv6: ADDRCONF(NETDEV_CHANGE): ens3: link becomes ready
04:59:23,931 WARNING NetworkManager:<warn>  [1604120363.9312] sleep-monitor-sd: failed to acquire D-Bus proxy: Could not connect: No such file or directory
04:59:23,931 INFO NetworkManager:<info>  [1604120363.9316] device (ens3): state change: unavailable -> disconnected (reason 'none', sys-iface-state: 'managed')
04:59:23,932 INFO NetworkManager:<info>  [1604120363.9329] policy: auto-activating connection 'Wired Connection' (eacf2f94-a7c5-4bb0-abd2-8bd4d9fdc766)
04:59:23,934 INFO NetworkManager:<info>  [1604120363.9345] device (ens3): Activation: starting connection 'Wired Connection' (eacf2f94-a7c5-4bb0-abd2-8bd4d9fdc766)
04:59:23,934 INFO NetworkManager:<info>  [1604120363.9346] device (ens3): state change: disconnected -> prepare (reason 'none', sys-iface-state: 'managed')
04:59:23,935 INFO NetworkManager:<info>  [1604120363.9351] manager: NetworkManager state is now CONNECTING
04:59:23,935 INFO NetworkManager:<info>  [1604120363.9352] device (ens3): state change: prepare -> config (reason 'none', sys-iface-state: 'managed')
04:59:23,935 INFO NetworkManager:<info>  [1604120363.9356] device (ens3): state change: config -> ip-config (reason 'none', sys-iface-state: 'managed')
04:59:23,936 INFO NetworkManager:<info>  [1604120363.9362] dhcp4 (ens3): activation: beginning transaction (timeout in 45 seconds)
04:59:24,041 INFO rngd:Initializing entropy source jitter
04:59:26,446 INFO NetworkManager:<info>  [1604120366.4455] dhcp4 (ens3): option dhcp_lease_time      => '3600'
04:59:26,446 INFO NetworkManager:<info>  [1604120366.4455] dhcp4 (ens3): option domain_name_servers  => '192.168.122.1'
04:59:26,446 INFO NetworkManager:<info>  [1604120366.4455] dhcp4 (ens3): option expiry               => '1604123964'
04:59:26,446 INFO NetworkManager:<info>  [1604120366.4455] dhcp4 (ens3): option ip_address           => '192.168.122.210'
04:59:26,446 INFO NetworkManager:<info>  [1604120366.4456] dhcp4 (ens3): option next_server          => '192.168.122.1'
04:59:26,446 INFO NetworkManager:<info>  [1604120366.4456] dhcp4 (ens3): option requested_broadcast_address => '1'
04:59:26,446 INFO NetworkManager:<info>  [1604120366.4456] dhcp4 (ens3): option requested_domain_name => '1'
04:59:26,446 INFO NetworkManager:<info>  [1604120366.4456] dhcp4 (ens3): option requested_domain_name_servers => '1'
04:59:26,446 INFO NetworkManager:<info>  [1604120366.4456] dhcp4 (ens3): option requested_domain_search => '1'
04:59:26,447 INFO NetworkManager:<info>  [1604120366.4457] dhcp4 (ens3): option requested_host_name  => '1'
04:59:26,447 INFO NetworkManager:<info>  [1604120366.4457] dhcp4 (ens3): option requested_interface_mtu => '1'
04:59:26,447 INFO NetworkManager:<info>  [1604120366.4457] dhcp4 (ens3): option requested_ms_classless_static_routes => '1'
04:59:26,447 INFO NetworkManager:<info>  [1604120366.4457] dhcp4 (ens3): option requested_nis_domain => '1'
04:59:26,447 INFO NetworkManager:<info>  [1604120366.4457] dhcp4 (ens3): option requested_nis_servers => '1'
04:59:26,447 INFO NetworkManager:<info>  [1604120366.4457] dhcp4 (ens3): option requested_ntp_servers => '1'
04:59:26,447 INFO NetworkManager:<info>  [1604120366.4457] dhcp4 (ens3): option requested_rfc3442_classless_static_routes => '1'
04:59:26,447 INFO NetworkManager:<info>  [1604120366.4458] dhcp4 (ens3): option requested_root_path  => '1'
04:59:26,447 INFO NetworkManager:<info>  [1604120366.4458] dhcp4 (ens3): option requested_routers    => '1'
04:59:26,447 INFO NetworkManager:<info>  [1604120366.4458] dhcp4 (ens3): option requested_static_routes => '1'
04:59:26,447 INFO NetworkManager:<info>  [1604120366.4458] dhcp4 (ens3): option requested_subnet_mask => '1'
04:59:26,447 INFO NetworkManager:<info>  [1604120366.4459] dhcp4 (ens3): option requested_time_offset => '1'
04:59:26,447 INFO NetworkManager:<info>  [1604120366.4459] dhcp4 (ens3): option requested_wpad       => '1'
04:59:26,447 INFO NetworkManager:<info>  [1604120366.4459] dhcp4 (ens3): option routers              => '192.168.122.1'
04:59:26,447 INFO NetworkManager:<info>  [1604120366.4459] dhcp4 (ens3): option subnet_mask          => '255.255.255.0'
04:59:26,447 INFO NetworkManager:<info>  [1604120366.4459] dhcp4 (ens3): state changed unknown -> bound
04:59:26,449 INFO NetworkManager:<info>  [1604120366.4485] device (ens3): state change: ip-config -> ip-check (reason 'none', sys-iface-state: 'managed')
04:59:26,449 INFO NetworkManager:<info>  [1604120366.4486] device (ens3): state change: ip-check -> secondaries (reason 'none', sys-iface-state: 'managed')
04:59:26,449 INFO NetworkManager:<info>  [1604120366.4487] device (ens3): state change: secondaries -> activated (reason 'none', sys-iface-state: 'managed')
04:59:26,449 INFO NetworkManager:<info>  [1604120366.4489] manager: NetworkManager state is now CONNECTED_LOCAL
04:59:26,449 INFO NetworkManager:<info>  [1604120366.4497] manager: NetworkManager state is now CONNECTED_SITE
04:59:26,450 INFO NetworkManager:<info>  [1604120366.4497] policy: set 'Wired Connection' (ens3) as default for IPv4 routing and DNS
04:59:26,452 INFO NetworkManager:<info>  [1604120366.4519] device (ens3): Activation: successful, device activated.
04:59:26,452 INFO NetworkManager:<info>  [1604120366.4522] manager: NetworkManager state is now CONNECTED_GLOBAL
04:59:26,452 INFO NetworkManager:<info>  [1604120366.4526] manager: startup complete
04:59:26,452 INFO NetworkManager:<info>  [1604120366.4527] quitting now that startup is complete
04:59:26,453 INFO NetworkManager:<info>  [1604120366.4535] dhcp4 (ens3): canceled DHCP transaction
04:59:26,453 INFO NetworkManager:<info>  [1604120366.4536] dhcp4 (ens3): state changed bound -> done
04:59:26,453 INFO NetworkManager:<info>  [1604120366.4537] device (ens3): DHCPv4: trying to acquire a new lease within 90 seconds
04:59:26,453 INFO NetworkManager:<info>  [1604120366.4538] manager: NetworkManager state is now CONNECTED_SITE
04:59:26,454 INFO NetworkManager:<info>  [1604120366.4540] exiting (success)
04:59:26,478 INFO dracut-initqueue:anaconda: stage2 locations are: http://download-node-02.eng.bos.redhat.com/rhel-8/devel/candidate-trees/RHEL-8/RHEL-8.3.0-updates-20201031.0/compose/BaseOS/x86_64/os/
04:59:26,478 INFO dracut-initqueue:anaconda: fetching stage2 from http://download-node-02.eng.bos.redhat.com/rhel-8/devel/candidate-trees/RHEL-8/RHEL-8.3.0-updates-20201031.0/compose/BaseOS/x86_64/os/
04:59:31,618 INFO dracut-initqueue:  % Total    % Received % Xferd  Average Speed   Time    Time     Time  Current
04:59:31,624 INFO dracut-initqueue:                                 Dload  Upload   Total   Spent    Left  Speed
04:59:36,827 INFO dracut-initqueue:#015  0     0    0     0    0     0      0      0 --:--:-- --:--:-- --:--:--     0#015 10  582M   10 59.8M    0     0   107M      0  0:00:05 --:--:--  0:00:05  107M#015 29  582M   29  172M    0     0   110M      0  0:00:05  0:00:01  0:00:04  110M#015 48  582M   48  284M    0     0   111M      0  0:00:05  0:00:02  0:00:03  111M#015 68  582M   68  396M    0     0   111M      0  0:00:05  0:00:03  0:00:02  111M#015 87  582M   87  508M    0     0   111M      0  0:00:05  0:00:04  0:00:01  111M#015100  582M  100  582M    0     0   111M      0  0:00:05  0:00:05 --:--:--  112M
04:59:36,850 INFO dracut-initqueue:anaconda: successfully fetched stage2 from http://download-node-02.eng.bos.redhat.com/rhel-8/devel/candidate-trees/RHEL-8/RHEL-8.3.0-updates-20201031.0/compose/BaseOS/x86_64/os/
04:59:37,036 INFO kernel:loop: module loaded
04:59:37,225 INFO systemd:run-initramfs-squashfs.mount: Succeeded.
04:59:37,261 INFO systemd:Started dracut initqueue hook.
04:59:37,266 INFO systemd:Starting dracut pre-mount hook...
04:59:37,267 INFO systemd:Reached target Remote File Systems (Pre).
04:59:37,269 INFO systemd:Reached target Remote File Systems.
04:59:37,301 INFO systemd:Started dracut pre-mount hook.
04:59:37,301 INFO systemd:Reached target Initrd Root File System.
04:59:37,303 INFO systemd:Starting Reload Configuration from the Real Root...
04:59:37,322 INFO systemd:Reloading.
04:59:37,562 INFO systemd:initrd-parse-etc.service: Succeeded.
04:59:37,563 INFO systemd:Started Reload Configuration from the Real Root.
04:59:37,566 INFO systemd:Starting dracut mount hook...
04:59:37,567 INFO systemd:Reached target Initrd File Systems.
04:59:37,569 INFO systemd:Reached target Initrd Default Target.
04:59:37,715 INFO kernel:EXT4-fs (dm-0): mounted filesystem with ordered data mode. Opts: (null)
04:59:37,746 INFO systemd:Started dracut mount hook.
04:59:37,748 INFO systemd:Starting dracut pre-pivot and cleanup hook...
04:59:41,613 INFO systemd:var-lib-nfs-rpc_pipefs.mount: Succeeded.
04:59:41,623 INFO systemd:Started dracut pre-pivot and cleanup hook.
04:59:41,626 INFO systemd:Starting Cleaning Up and Shutting Down Daemons...
04:59:41,647 INFO systemd:Starting Plymouth switch root service...
04:59:41,649 INFO systemd:Stopped target Timers.
04:59:41,652 INFO systemd:Starting Setup Virtual Console...
04:59:41,654 INFO systemd:dracut-pre-pivot.service: Succeeded.
04:59:41,655 INFO systemd:Stopped dracut pre-pivot and cleanup hook.
04:59:41,658 INFO systemd:Stopped target Remote File Systems.
04:59:41,660 INFO systemd:Stopped target Remote File Systems (Pre).
04:59:41,660 INFO systemd:Stopped target Initrd Default Target.
04:59:41,661 INFO systemd:Stopped target Basic System.
04:59:41,662 INFO systemd:Stopped target Paths.
04:59:41,664 INFO systemd:Stopped target Sockets.
04:59:41,664 INFO systemd:Stopped target System Initialization.
04:59:41,666 INFO systemd:systemd-sysctl.service: Succeeded.
04:59:41,667 INFO systemd:Stopped Apply Kernel Variables.
04:59:41,669 INFO systemd:systemd-tmpfiles-setup.service: Succeeded.
04:59:41,671 INFO systemd:Stopped Create Volatile Files and Directories.
04:59:41,672 INFO systemd:Stopped target Local File Systems.
04:59:41,672 INFO systemd:Stopped target Local File Systems (Pre).
04:59:41,674 INFO systemd:Stopped target Swap.
04:59:41,674 INFO systemd:Stopped target Slices.
04:59:41,675 INFO systemd:Stopped target Initrd Root Device.
04:59:41,676 INFO systemd:dracut-mount.service: Succeeded.
04:59:41,678 INFO systemd:Stopped dracut mount hook.
04:59:41,679 INFO systemd:dracut-pre-mount.service: Succeeded.
04:59:41,681 INFO systemd:Stopped dracut pre-mount hook.
04:59:41,682 INFO systemd:dracut-initqueue.service: Succeeded.
04:59:41,685 INFO systemd:Stopped dracut initqueue hook.
04:59:41,689 INFO iscsid:iscsid: iscsid shutting down.
04:59:41,690 INFO systemd:Stopping Open-iSCSI...
04:59:41,690 INFO systemd:Stopped target Local Encrypted Volumes.
04:59:41,697 INFO systemd:iscsid.service: Succeeded.
04:59:41,700 INFO systemd:Stopped Open-iSCSI.
04:59:41,785 INFO systemd:Started Plymouth switch root service.
04:59:41,791 INFO systemd:initrd-cleanup.service: Succeeded.
04:59:41,792 INFO systemd:Started Cleaning Up and Shutting Down Daemons.
04:59:41,802 INFO systemd:Stopping iSCSI UserSpace I/O driver...
04:59:41,804 INFO systemd:Stopping Device-Mapper Multipath Device Controller...
04:59:41,805 INFO systemd:iscsid.socket: Succeeded.
04:59:41,807 INFO systemd:Closed Open-iSCSI iscsid Socket.
04:59:41,811 INFO systemd:iscsiuio.service: Succeeded.
04:59:41,817 INFO systemd:Stopped iSCSI UserSpace I/O driver.
04:59:41,824 INFO systemd:systemd-vconsole-setup.service: Succeeded.
04:59:41,824 INFO systemd:Started Setup Virtual Console.
04:59:41,829 INFO systemd:iscsiuio.socket: Succeeded.
04:59:41,833 INFO systemd:Closed Open-iSCSI iscsiuio Socket.
04:59:41,842 INFO multipathd:ok
04:59:41,850 INFO multipathd:--------shut down-------
04:59:41,851 INFO systemd:multipathd.service: Succeeded.
04:59:41,851 INFO systemd:Stopped Device-Mapper Multipath Device Controller.
04:59:41,853 INFO systemd:systemd-udev-settle.service: Succeeded.
04:59:41,854 INFO systemd:Stopped udev Wait for Complete Device Initialization.
04:59:41,856 INFO systemd:systemd-udev-trigger.service: Succeeded.
04:59:41,857 INFO systemd:Stopped udev Coldplug all Devices.
04:59:41,858 INFO systemd:dracut-pre-trigger.service: Succeeded.
04:59:41,859 INFO systemd:Stopped dracut pre-trigger hook.
04:59:41,861 INFO systemd:Stopping udev Kernel Device Manager...
04:59:41,864 INFO systemd:systemd-udevd.service: Succeeded.
04:59:41,864 INFO systemd:Stopped udev Kernel Device Manager.
04:59:41,869 INFO systemd:Stopping Hardware RNG Entropy Gatherer Daemon...
04:59:41,871 INFO systemd:systemd-tmpfiles-setup-dev.service: Succeeded.
04:59:41,872 INFO systemd:Stopped Create Static Device Nodes in /dev.
04:59:41,876 INFO systemd:kmod-static-nodes.service: Succeeded.
04:59:41,877 INFO systemd:Stopped Create list of required static device nodes for the current kernel.
04:59:41,881 INFO systemd:dracut-pre-udev.service: Succeeded.
04:59:41,882 INFO systemd:Stopped dracut pre-udev hook.
04:59:41,886 INFO systemd:dracut-cmdline.service: Succeeded.
04:59:41,887 INFO systemd:Stopped dracut cmdline hook.
04:59:41,888 INFO systemd:systemd-udevd-control.socket: Succeeded.
04:59:41,893 INFO systemd:Closed udev Control Socket.
04:59:41,893 INFO systemd:systemd-udevd-kernel.socket: Succeeded.
04:59:41,895 INFO systemd:Closed udev Kernel Socket.
04:59:41,902 INFO systemd:Starting Cleanup udevd DB...
04:59:41,903 INFO systemd:rngd.service: Succeeded.
04:59:41,906 INFO systemd:Stopped Hardware RNG Entropy Gatherer Daemon.
04:59:41,922 INFO systemd:initrd-udevadm-cleanup-db.service: Succeeded.
04:59:41,922 INFO systemd:Started Cleanup udevd DB.
04:59:41,922 INFO systemd:Reached target Switch Root.
04:59:41,923 INFO systemd:Starting Switch Root...
04:59:41,946 NOTICE systemd:Switching root.
04:59:41,968 INFO systemd-journald:Journal stopped
04:59:47,062 INFO systemd-journald:Received SIGTERM from PID 1 (systemd).
04:59:47,062 WARNING kernel:printk: systemd: 23 output lines suppressed due to ratelimiting
04:59:47,062 INFO kernel:SELinux:  policy capability network_peer_controls=1
04:59:47,062 INFO kernel:SELinux:  policy capability open_perms=1
04:59:47,062 INFO kernel:SELinux:  policy capability extended_socket_class=1
04:59:47,063 INFO kernel:SELinux:  policy capability always_check_network=0
04:59:47,065 INFO kernel:SELinux:  policy capability cgroup_seclabel=1
04:59:47,065 INFO kernel:SELinux:  policy capability nnp_nosuid_transition=1
04:59:47,065 NOTICE kernel:audit: type=1403 audit(1604120383.722:2): auid=4294967295 ses=4294967295 lsm=selinux res=1
04:59:47,065 INFO systemd:Successfully loaded SELinux policy in 879.224ms.
04:59:47,065 INFO systemd:Relabelled /dev, /run and /sys/fs/cgroup in 46.640ms.
04:59:47,065 INFO systemd:systemd 239 (239-41.el8_3) running in system mode. (+PAM +AUDIT +SELINUX +IMA -APPARMOR +SMACK +SYSVINIT +UTMP +LIBCRYPTSETUP +GCRYPT +GNUTLS +ACL +XZ +LZ4 +SECCOMP +BLKID +ELFUTILS +KMOD +IDN2 -IDN +PCRE2 default-hierarchy=legacy)
04:59:47,065 INFO systemd:Detected virtualization kvm.
04:59:47,065 INFO systemd:Detected architecture x86-64.
04:59:47,065 INFO systemd:systemd-journald.service: Succeeded.
04:59:47,065 INFO systemd:initrd-switch-root.service: Succeeded.
04:59:47,065 INFO systemd:Stopped Switch Root.
04:59:47,065 INFO systemd:systemd-journald.service: Service has no hold-off time (RestartSec=0), scheduling restart.
04:59:47,065 INFO systemd:systemd-journald.service: Scheduled restart job, restart counter is at 1.
04:59:47,065 INFO systemd:Stopped Journal Service.
04:59:47,065 INFO systemd:Starting Journal Service...
04:59:47,065 INFO systemd-journald:Journal started
04:59:47,065 INFO systemd-journald:Runtime journal (/run/log/journal/de5011a86a1048d4a950809694b0a23c) is 8.0M, max 149.2M, 141.2M free.
04:59:47,069 INFO systemd:Starting Flush Journal to Persistent Storage...
04:59:47,101 INFO systemd-journald:Runtime journal (/run/log/journal/de5011a86a1048d4a950809694b0a23c) is 8.0M, max 149.2M, 141.2M free.
04:59:47,108 INFO systemd:Started Flush Journal to Persistent Storage.
04:59:47,568 INFO systemd:Started udev Kernel Device Manager.
04:59:47,660 INFO systemd:Starting Initialize the iWARP/InfiniBand/RDMA stack in the kernel...
04:59:47,998 INFO kernel:piix4_smbus 0000:00:01.3: SMBus Host Controller at 0x700, revision 0
04:59:48,074 INFO kernel:input: PC Speaker as /devices/platform/pcspkr/input/input5
04:59:48,085 INFO systemd-udevd:link_config: autonegotiation is unset or enabled, the speed and duplex are not writable.
04:59:48,266 INFO systemd-udevd:link_config: autonegotiation is unset or enabled, the speed and duplex are not writable.
04:59:48,605 INFO kernel:cirrus 0000:00:02.0: vgaarb: deactivate vga console
04:59:48,644 INFO kernel:Console: switching to colour dummy device 80x25
04:59:48,646 INFO kernel:[drm] Initialized cirrus 2.0.0 2019 for 0000:00:02.0 on minor 0
04:59:48,655 INFO kernel:fbcon: cirrusdrmfb (fb0) is primary device
04:59:48,669 INFO kernel:Console: switching to colour frame buffer device 128x48
04:59:48,676 INFO kernel:cirrus 0000:00:02.0: fb0: cirrusdrmfb frame buffer device
04:59:49,000 INFO systemd:Started udev Wait for Complete Device Initialization.
04:59:49,011 INFO systemd:Starting Device-Mapper Multipath Device Controller...
04:59:49,255 INFO multipathd:--------start up--------
04:59:49,256 INFO multipathd:read /etc/multipath.conf
04:59:49,272 INFO multipathd:path checkers start up
04:59:49,294 INFO systemd:Started Device-Mapper Multipath Device Controller.
04:59:49,294 INFO systemd:Reached target Local File Systems (Pre).
04:59:49,294 INFO systemd:Reached target Local File Systems.
04:59:49,296 INFO systemd:Starting Tell Plymouth To Write Out Runtime Data...
04:59:49,299 INFO systemd:Starting Import network configuration from initramfs...
04:59:49,304 INFO systemd:Starting Restore /run/initramfs on shutdown...
04:59:49,334 INFO systemd:Starting Rebuild Dynamic Linker Cache...
04:59:49,363 INFO systemd:Starting Rebuild Journal Catalog...
04:59:49,442 INFO systemd:Started Tell Plymouth To Write Out Runtime Data.
04:59:49,445 INFO systemd:Started Restore /run/initramfs on shutdown.
04:59:49,490 INFO systemd:Received SIGRTMIN+20 from PID 790 (plymouthd).
04:59:50,007 INFO systemd:Started Rebuild Journal Catalog.
04:59:50,886 INFO systemd:Started Import network configuration from initramfs.
04:59:50,888 INFO systemd:Starting Create Volatile Files and Directories...
04:59:52,124 INFO systemd:Started Create Volatile Files and Directories.
04:59:52,127 INFO systemd:Starting Update UTMP about System Boot/Shutdown...
04:59:52,166 INFO systemd:Started Rebuild Dynamic Linker Cache.
04:59:52,168 INFO systemd:Starting Update is Completed...
04:59:52,200 INFO systemd:Started Update UTMP about System Boot/Shutdown.
04:59:52,241 INFO systemd:Started Update is Completed.
04:59:52,241 INFO systemd:Reached target System Initialization.
04:59:52,241 INFO systemd:Started Daily Cleanup of Temporary Directories.
04:59:52,241 INFO systemd:Reached target Timers.
04:59:52,241 INFO systemd:Listening on Open-iSCSI iscsiuio Socket.
04:59:52,249 INFO systemd:Listening on D-Bus System Message Bus Socket.
04:59:52,251 INFO systemd:Listening on Open-iSCSI iscsid Socket.
04:59:52,254 INFO systemd:Reached target Sockets.
04:59:52,255 INFO systemd:Reached target Basic System.
04:59:52,263 INFO systemd:Starting OpenSSH ed25519 Server Key Generation...
04:59:52,274 INFO systemd:Starting Hardware RNG Entropy Gatherer Wake threshold service...
04:59:52,289 INFO systemd:Starting OpenSSH rsa Server Key Generation...
04:59:52,297 INFO systemd:Starting Hold until boot process finishes up...
04:59:52,317 INFO systemd:Starting Login Service...
04:59:52,337 INFO systemd:Starting OpenSSH ecdsa Server Key Generation...
04:59:52,376 INFO systemd:Starting pre-anaconda logging service...
04:59:52,411 INFO systemd:Starting Terminate Plymouth Boot Screen...
04:59:52,435 INFO systemd:Starting Anaconda NetworkManager configuration...
04:59:52,453 INFO systemd:Starting Service enabling compressing RAM with zRam...
04:59:52,515 INFO zramswapon:+ MAX_RAM_ON=2097152
04:59:52,537 INFO zramswapon:++ grep MemTotal /proc/meminfo
04:59:52,538 INFO zramswapon:++ grep -E --only-matching '[[:digit:]]+'
04:59:52,553 INFO zramswapon:+ mem_total_kb=3056700
04:59:52,554 INFO zramswapon:+ grep -E 'inst\.zram=(on|1)' /proc/cmdline
04:59:52,564 INFO systemd:Started Hardware RNG Entropy Gatherer Wake threshold service.
04:59:52,579 INFO zramswapon:+ force=1
04:59:52,579 INFO zramswapon:+ '[' '(' 3056700 -gt 2097152 ')' -a '(' 1 '!=' 0 ')' ']'
04:59:52,579 INFO zramswapon:+ exit 0
04:59:52,588 INFO systemd:Started Hold until boot process finishes up.
04:59:52,601 INFO systemd:anaconda-pre.service: Succeeded.
04:59:52,613 INFO systemd:Started pre-anaconda logging service.
04:59:52,629 INFO systemd:Started Terminate Plymouth Boot Screen.
04:59:52,636 INFO systemd:anaconda-nm-config.service: Succeeded.
04:59:52,646 INFO systemd:Started Anaconda NetworkManager configuration.
04:59:52,658 INFO systemd:Started Service enabling compressing RAM with zRam.
04:59:52,663 INFO systemd:sshd-keygen@ed25519.service: Succeeded.
04:59:52,671 INFO systemd:Started OpenSSH ed25519 Server Key Generation.
04:59:52,683 INFO systemd:sshd-keygen@ecdsa.service: Succeeded.
04:59:52,683 INFO systemd:Started OpenSSH ecdsa Server Key Generation.
04:59:52,688 INFO systemd:Received SIGRTMIN+21 from PID 790 (n/a).
04:59:52,688 INFO systemd:Received SIGRTMIN+21 from PID 790 (n/a).
04:59:52,721 INFO systemd:Starting Network Manager...
04:59:52,728 INFO systemd:Started Hardware RNG Entropy Gatherer Daemon.
04:59:52,786 INFO systemd:Started D-Bus System Message Bus.
04:59:53,084 INFO rngd:Initializing available sources
04:59:53,084 INFO rngd:Failed to init entropy source hwrng
04:59:53,084 INFO rngd:Failed to init entropy source rdrand
04:59:53,225 DEBUG NetworkManager:<debug> [1604120393.2253] monotonic timestamp started counting 1.056210778 seconds ago with an offset of 46.0 seconds to CLOCK_BOOTTIME (local time is 2020-10-31 04:59:53)
04:59:53,226 INFO NetworkManager:<info>  [1604120393.2264] NetworkManager (version 1.26.0-9.el8_3) is starting... (after a restart)
04:59:53,226 INFO NetworkManager:<info>  [1604120393.2266] Read config: /etc/NetworkManager/NetworkManager.conf (etc: 80-anaconda-no-ibft.conf, 90-anaconda-no-auto-default.conf, 91-anaconda-autoconnect-slaves.conf, 92-anaconda-loglevel-debug.conf)
04:59:53,226 DEBUG NetworkManager:<debug> [1604120393.2268] CONFIG: config-data[0x5613b898d040]: 3 groups
04:59:53,227 DEBUG NetworkManager:<debug> [1604120393.2270] CONFIG: 
04:59:53,227 DEBUG NetworkManager:<debug> [1604120393.2272] CONFIG: [main]
04:59:53,227 DEBUG NetworkManager:<debug> [1604120393.2274] CONFIG:   plugins=ifcfg-rh,no-ibft
04:59:53,227 DEBUG NetworkManager:<debug> [1604120393.2276] CONFIG:   no-auto-default=*
04:59:53,227 DEBUG NetworkManager:<debug> [1604120393.2277] CONFIG: 
04:59:53,228 DEBUG NetworkManager:<debug> [1604120393.2279] CONFIG: [logging]
04:59:53,228 DEBUG NetworkManager:<debug> [1604120393.2281] CONFIG:   level=DEBUG
04:59:53,229 DEBUG NetworkManager:<debug> [1604120393.2290] CONFIG: 
04:59:53,229 DEBUG NetworkManager:<debug> [1604120393.2292] CONFIG: [connection]
04:59:53,229 DEBUG NetworkManager:<debug> [1604120393.2294] CONFIG:   connection.autoconnect-slaves=1
04:59:53,229 DEBUG NetworkManager:<debug> [1604120393.2295] CONFIG: 
04:59:53,229 DEBUG NetworkManager:<debug> [1604120393.2297] CONFIG: # no-auto-default file "/var/lib/NetworkManager/no-auto-default.state"
04:59:53,229 DEBUG NetworkManager:<debug> [1604120393.2299] config: state: missing state file "/var/lib/NetworkManager/NetworkManager.state": No such file or directory
04:59:53,230 DEBUG NetworkManager:<debug> [1604120393.2301] WEXT support is disabled
04:59:53,245 DEBUG NetworkManager:<debug> [1604120393.2450] create NMDBusManager singleton (f636b97b4d0a2d5e)
04:59:53,261 INFO systemd:Started Network Manager.
04:59:53,261 INFO systemd:Starting Network Manager Wait Online...
04:59:53,262 INFO NetworkManager:<info>  [1604120393.2629] bus-manager: acquired D-Bus service "org.freedesktop.NetworkManager"
04:59:53,263 DEBUG NetworkManager:<debug> [1604120393.2635] netns[0x5613b89a09a0]: new netns (net:8, mnt:9)
04:59:53,265 DEBUG NetworkManager:<debug> [1604120393.2656] platform-linux: create (ignore netns, initial netns, use udev)
04:59:53,267 DEBUG NetworkManager:<debug> [1604120393.2675] platform-linux: Netlink socket for events established: port=1513, fd=12
04:59:53,270 DEBUG NetworkManager:<debug> [1604120393.2702] platform-linux: populate platform cache
04:59:53,270 DEBUG NetworkManager:<debug> [1604120393.2706] platform: kernel-support for USER_IPV6LL (IFLA_INET6_ADDR_GEN_MODE support) detected: supported
04:59:53,275 DEBUG NetworkManager:<debug> [1604120393.2755] platform: (lo) signal: link   added: 1: lo <UP,LOWER_UP;loopback,up,running,lowerup> mtu 65536 arp 772 loopback? not-init addrgenmode eui64 addr 00:00:00:00:00:00 brd 00:00:00:00:00:00 driver unknown rx:10,768 tx:10,768
04:59:53,279 DEBUG NetworkManager:<debug> [1604120393.2794] platform: (ens3) signal: link   added: 2: ens3 <UP,LOWER_UP;broadcast,multicast,up,running,lowerup> mtu 1500 arp 1 ethernet? not-init addrgenmode none addr 52:54:00:AA:A2:B9 brd FF:FF:FF:FF:FF:FF driver virtio_net rx:34437,613010394 tx:25692,1699353
04:59:53,281 DEBUG NetworkManager:<debug> [1604120393.2814] platform: kernel-support for EXTENDED_IFA_FLAGS (IPv6 temporary addresses support) detected: supported
04:59:53,281 DEBUG NetworkManager:<debug> [1604120393.2817] platform: (lo) signal: address 4   added: 127.0.0.1/8 lft forever pref forever lifetime 1-0[4294967295,4294967295] dev 1 flags permanent src kernel
04:59:53,283 DEBUG NetworkManager:<debug> [1604120393.2831] platform: (ens3) signal: address 4   added: 192.168.122.210/24 brd 192.168.122.255 lft 3571sec pref 3571sec lifetime 1-1[3571,3571] dev 2 flags noprefixroute src kernel
04:59:53,284 DEBUG NetworkManager:<debug> [1604120393.2841] platform: (lo) signal: address 6   added: ::1/128 lft forever pref forever lifetime 1-0[4294967295,4294967295] dev 1 flags permanent src kernel
04:59:53,284 DEBUG NetworkManager:<debug> [1604120393.2844] platform: (ens3) signal: address 6   added: fe80::5054:ff:feaa:a2b9/64 lft forever pref forever lifetime 1-0[4294967295,4294967295] dev 2 flags permanent,noprefixroute src kernel
04:59:53,284 DEBUG NetworkManager:<debug> [1604120393.2847] platform: (ens3) signal: route   4   added: type unicast 0.0.0.0/0 via 192.168.122.1 dev 2 metric 100 mss 0 rt-src rt-dhcp scope global
04:59:53,285 DEBUG NetworkManager:<debug> [1604120393.2851] platform: (ens3) signal: route   4   added: type unicast 192.168.122.0/24 via 0.0.0.0 dev 2 metric 100 mss 0 rt-src rt-kernel scope link pref-src 192.168.122.210
04:59:53,287 DEBUG NetworkManager:<debug> [1604120393.2871] platform: (lo) signal: route   4   added: type local table 255 127.0.0.0/8 via 0.0.0.0 dev 1 metric 0 mss 0 rt-src rt-kernel scope host pref-src 127.0.0.1
04:59:53,287 DEBUG NetworkManager:<debug> [1604120393.2873] platform: (lo) signal: route   4   added: type local table 255 127.0.0.1/32 via 0.0.0.0 dev 1 metric 0 mss 0 rt-src rt-kernel scope host pref-src 127.0.0.1
04:59:53,288 DEBUG NetworkManager:<debug> [1604120393.2881] platform: (ens3) signal: route   4   added: type local table 255 192.168.122.210/32 via 0.0.0.0 dev 2 metric 0 mss 0 rt-src rt-kernel scope host pref-src 192.168.122.210
04:59:53,288 DEBUG NetworkManager:<debug> [1604120393.2884] platform: kernel-support for RTA_PREF (ability to set router preference for IPv6 routes) detected: supported
04:59:53,288 DEBUG NetworkManager:<debug> [1604120393.2887] platform: (lo) signal: route   6   added: type unicast ::1/128 via :: dev 1 metric 256 mss 0 rt-src rt-kernel
04:59:53,288 DEBUG NetworkManager:<debug> [1604120393.2889] platform: (ens3) signal: route   6   added: type unicast fe80::/64 via :: dev 2 metric 100 mss 0 rt-src rt-kernel
04:59:53,290 DEBUG NetworkManager:<debug> [1604120393.2901] platform: (lo) signal: route   6   added: type local table 255 ::1/128 via :: dev 1 metric 0 mss 0 rt-src rt-kernel
04:59:53,290 DEBUG NetworkManager:<debug> [1604120393.2903] platform: (ens3) signal: route   6   added: type local table 255 fe80::5054:ff:feaa:a2b9/128 via :: dev 2 metric 0 mss 0 rt-src rt-kernel
04:59:53,290 DEBUG NetworkManager:<debug> [1604120393.2905] platform: (ens3) signal: route   6   added: type unicast table 255 ff00::/8 via :: dev 2 metric 256 mss 0 rt-src rt-boot
04:59:53,293 DEBUG NetworkManager:<debug> [1604120393.2932] platform: kernel-support for FRA_PROTOCOL (FRA_PROTOCOL attribute for policy routing rules) detected: supported
04:59:53,294 DEBUG NetworkManager:<debug> [1604120393.2940] platform: kernel-support for FRA_UID_RANGE (FRA_UID_RANGE attribute for policy routing rules) not detected: assume supported
04:59:53,294 DEBUG NetworkManager:<debug> [1604120393.2942] platform: kernel-support for FRA_L3MDEV (FRA_L3MDEV attribute for policy routing rules) not detected: assume supported
04:59:53,297 DEBUG NetworkManager:<debug> [1604120393.2971] platform: kernel-support for FRA_IP_PROTO (FRA_IP_PROTO, FRA_SPORT_RANGE, FRA_DPORT_RANGE attributes for policy routing rules) not detected: assume supported
04:59:53,297 DEBUG NetworkManager:<debug> [1604120393.2973] platform: signal: rt-rule   added: [4] 0: from all lookup 255 protocol 2
04:59:53,298 DEBUG NetworkManager:<debug> [1604120393.2981] platform: signal: rt-rule   added: [4] 32766: from all lookup 254 protocol 2
04:59:53,298 DEBUG NetworkManager:<debug> [1604120393.2983] platform: signal: rt-rule   added: [4] 32767: from all lookup 253 protocol 2
04:59:53,298 DEBUG NetworkManager:<debug> [1604120393.2985] platform: signal: rt-rule   added: [6] 0: from all lookup 255 protocol 2
04:59:53,300 DEBUG NetworkManager:<debug> [1604120393.3001] platform: signal: rt-rule   added: [6] 32766: from all lookup 254 protocol 2
04:59:53,300 DEBUG NetworkManager:<debug> [1604120393.3004] platform: (lo) signal: qdisc   added: noqueue dev 1 family 0 handle 0 parent ffffffff info 2
04:59:53,300 DEBUG NetworkManager:<debug> [1604120393.3006] platform: (ens3) signal: qdisc   added: fq_codel dev 2 family 0 handle 0 parent ffffffff info 2 limit 10240 flows 1024 target 4999 interval 99999 quantum 1514 memory_limit 33554432 ecn
04:59:53,308 DEBUG NetworkManager:<debug> [1604120393.3083] platform: (ens3) signal: link changed: 2: ens3 <UP,LOWER_UP;broadcast,multicast,up,running,lowerup> mtu 1500 arp 1 ethernet? init addrgenmode none addr 52:54:00:AA:A2:B9 brd FF:FF:FF:FF:FF:FF driver virtio_net rx:34437,613010394 tx:25692,1699353
04:59:53,311 DEBUG NetworkManager:<debug> [1604120393.3114] platform: (lo) signal: link changed: 1: lo <UP,LOWER_UP;loopback,up,running,lowerup> mtu 65536 arp 772 loopback? init addrgenmode eui64 addr 00:00:00:00:00:00 brd 00:00:00:00:00:00 driver unknown rx:10,768 tx:10,768
04:59:53,313 DEBUG NetworkManager:<debug> [1604120393.3131] setup NMPlatform singleton (d8274010f9f5e622)
04:59:53,314 DEBUG NetworkManager:<debug> [1604120393.3141] rules-manager: routing-rule: track [b250d33c71ab19f0,0] "[4] 0: from all lookup 255 protocol 2")
04:59:53,314 DEBUG NetworkManager:<debug> [1604120393.3144] rules-manager: routing-rule: track [b250d33c71ab19f0,0] "[4] 32766: from all lookup 254 protocol 2")
04:59:53,314 DEBUG NetworkManager:<debug> [1604120393.3146] rules-manager: routing-rule: track [b250d33c71ab19f0,0] "[4] 32767: from all lookup 253 protocol 2")
04:59:53,315 DEBUG NetworkManager:<debug> [1604120393.3151] rules-manager: routing-rule: track [b250d33c71ab19f0,0] "[6] 0: from all lookup 255 protocol 2")
04:59:53,315 DEBUG NetworkManager:<debug> [1604120393.3153] rules-manager: routing-rule: track [b250d33c71ab19f0,0] "[6] 32766: from all lookup 254 protocol 2")
04:59:53,315 DEBUG NetworkManager:<debug> [1604120393.3154] rules-manager: routing-rule: track [2a3c9917fb5578bf,0] "[4] 0: from all lookup 255 protocol 2")
04:59:53,315 DEBUG NetworkManager:<debug> [1604120393.3156] rules-manager: routing-rule: track [2a3c9917fb5578bf,0] "[4] 32766: from all lookup 254 protocol 2")
04:59:53,315 DEBUG NetworkManager:<debug> [1604120393.3158] rules-manager: routing-rule: track [2a3c9917fb5578bf,0] "[4] 32767: from all lookup 253 protocol 2")
04:59:53,317 DEBUG NetworkManager:<debug> [1604120393.3170] rules-manager: routing-rule: track [2a3c9917fb5578bf,0] "[6] 0: from all lookup 255 protocol 2")
04:59:53,318 DEBUG NetworkManager:<debug> [1604120393.3180] rules-manager: routing-rule: track [2a3c9917fb5578bf,0] "[6] 32766: from all lookup 254 protocol 2")
04:59:53,318 DEBUG NetworkManager:<debug> [1604120393.3182] create NMNetns singleton (297f62b67c4e9e95)
04:59:53,322 DEBUG NetworkManager:<debug> [1604120393.3228] auth[0x5613b89b16a0]: create auth-manager: polkit enabled
04:59:53,323 DEBUG NetworkManager:<debug> [1604120393.3230] auth[0x5613b89b16a0]: set instance
04:59:53,323 DEBUG NetworkManager:<debug> [1604120393.3232] setup NMAuthManager singleton (bb37e37f5145d9e7)
04:59:53,353 INFO NetworkManager:<info>  [1604120393.3532] manager[0x5613b89b6050]: monitoring kernel firmware directory '/lib/firmware'.
04:59:53,361 DEBUG NetworkManager:<debug> [1604120393.3616] session-monitor: using systemd-logind session tracking
04:59:53,363 DEBUG NetworkManager:<debug> [1604120393.3632] create NMSessionMonitor singleton (132c9dfe60bffcad)
04:59:53,363 DEBUG NetworkManager:<debug> [1604120393.3634] create NMAgentManager singleton (0347dec107a13a00)
04:59:53,374 INFO dbus-daemon:[system] Activating via systemd: service name='org.freedesktop.hostname1' unit='dbus-org.freedesktop.hostname1.service' requested by ':1.2' (uid=0 pid=1513 comm="/usr/sbin/NetworkManager --no-daemon " label="system_u:system_r:kernel_t:s0")
04:59:53,413 INFO systemd:Starting Hostname Service...
04:59:54,452 INFO kernel:Rounding down aligned max_sectors from 4294967295 to 4294967288
04:59:54,452 ERR kernel:db_root: cannot open: /etc/target
04:59:54,631 NOTICE kernel:iscsi: registered transport (iser)
04:59:55,272 INFO kernel:RPC: Registered rdma transport module.
04:59:55,272 INFO kernel:RPC: Registered rdma backchannel transport module.
04:59:55,360 INFO systemd:Started Initialize the iWARP/InfiniBand/RDMA stack in the kernel.
04:59:55,362 INFO systemd:Reached target Network.
04:59:55,363 INFO systemd:Starting RHSM dbus service...
04:59:56,018 INFO systemd-logind:New seat seat0.
04:59:56,067 INFO systemd-logind:Watching system buttons on /dev/input/event0 (Power Button)
04:59:56,067 INFO systemd-logind:Watching system buttons on /dev/input/event1 (AT Translated Set 2 keyboard)
04:59:56,076 INFO systemd:Started Login Service.
04:59:56,779 INFO dbus-daemon:[system] Successfully activated service 'org.freedesktop.hostname1'
04:59:56,781 INFO systemd:Started Hostname Service.
04:59:56,788 INFO NetworkManager:<info>  [1604120396.7827] hostname: hostname: using hostnamed
04:59:56,789 DEBUG NetworkManager:<debug> [1604120396.7828] create NMHostnameManager singleton (ffe5d1db8c270d1a)
04:59:56,789 DEBUG NetworkManager:<debug> [1604120396.7834] create NMFirewallManager singleton (ab2261bb973fda04)
04:59:56,789 INFO NetworkManager:<info>  [1604120396.7836] dns-mgr[0x5613b8997250]: init: dns=default,systemd-resolved rc-manager=symlink
04:59:56,789 DEBUG NetworkManager:<debug> [1604120396.7836] create NMDnsManager singleton (02ffb82f235c2065)
04:59:56,789 DEBUG NetworkManager:<debug> [1604120396.7837] policy: hostname-mode: full
04:59:56,791 DEBUG NetworkManager:<debug> [1604120396.7898] setup NMManager singleton (3fd756738df17a07)
04:59:56,793 DEBUG NetworkManager:<debug> [1604120396.7934] create NMConnectivity singleton (dcb6e994e3381e06)
04:59:56,800 DEBUG NetworkManager:<debug> [1604120396.8000] Loaded device plugin: NM6LowpanDeviceFactory (internal)
04:59:56,800 DEBUG NetworkManager:<debug> [1604120396.8002] Loaded device plugin: NMBondDeviceFactory (internal)
04:59:56,802 DEBUG NetworkManager:<debug> [1604120396.8021] Loaded device plugin: NMBridgeDeviceFactory (internal)
04:59:56,802 DEBUG NetworkManager:<debug> [1604120396.8023] Loaded device plugin: NMDummyDeviceFactory (internal)
04:59:56,802 DEBUG NetworkManager:<debug> [1604120396.8025] Loaded device plugin: NMEthernetDeviceFactory (internal)
04:59:56,802 DEBUG NetworkManager:<debug> [1604120396.8028] Loaded device plugin: NMInfinibandDeviceFactory (internal)
04:59:56,803 DEBUG NetworkManager:<debug> [1604120396.8033] Loaded device plugin: NMIPTunnelDeviceFactory (internal)
04:59:56,803 DEBUG NetworkManager:<debug> [1604120396.8035] Loaded device plugin: NMMacsecDeviceFactory (internal)
04:59:56,804 DEBUG NetworkManager:<debug> [1604120396.8041] Loaded device plugin: NMMacvlanDeviceFactory (internal)
04:59:56,804 DEBUG NetworkManager:<debug> [1604120396.8043] Loaded device plugin: NMPppDeviceFactory (internal)
04:59:56,804 DEBUG NetworkManager:<debug> [1604120396.8045] Loaded device plugin: NMTunDeviceFactory (internal)
04:59:56,804 DEBUG NetworkManager:<debug> [1604120396.8047] Loaded device plugin: NMVethDeviceFactory (internal)
04:59:56,805 DEBUG NetworkManager:<debug> [1604120396.8049] Loaded device plugin: NMVlanDeviceFactory (internal)
04:59:56,806 DEBUG NetworkManager:<debug> [1604120396.8061] Loaded device plugin: NMVrfDeviceFactory (internal)
04:59:56,806 DEBUG NetworkManager:<debug> [1604120396.8062] Loaded device plugin: NMVxlanDeviceFactory (internal)
04:59:56,806 DEBUG NetworkManager:<debug> [1604120396.8062] Loaded device plugin: NMWireGuardDeviceFactory (internal)
04:59:56,806 DEBUG NetworkManager:<debug> [1604120396.8062] Loaded device plugin: NMWpanDeviceFactory (internal)
04:59:56,821 INFO NetworkManager:<info>  [1604120396.8209] Loaded device plugin: NMWifiFactory (/usr/lib64/NetworkManager/1.26.0-9.el8_3/libnm-device-plugin-wifi.so)
04:59:56,832 INFO NetworkManager:<info>  [1604120396.8327] Loaded device plugin: NMTeamFactory (/usr/lib64/NetworkManager/1.26.0-9.el8_3/libnm-device-plugin-team.so)
04:59:56,833 INFO NetworkManager:<info>  [1604120396.8331] manager: rfkill: Wi-Fi enabled by radio killswitch; enabled by state file
04:59:56,834 INFO NetworkManager:<info>  [1604120396.8339] manager: rfkill: WWAN enabled by radio killswitch; enabled by state file
04:59:56,835 INFO NetworkManager:<info>  [1604120396.8352] manager: Networking is enabled by state file
04:59:56,836 DEBUG NetworkManager:<debug> [1604120396.8363] dispatcher: (1) dispatching action 'hostname'
04:59:56,839 INFO dbus-daemon:[system] Activating via systemd: service name='org.freedesktop.nm_dispatcher' unit='dbus-org.freedesktop.nm-dispatcher.service' requested by ':1.2' (uid=0 pid=1513 comm="/usr/sbin/NetworkManager --no-daemon " label="system_u:system_r:kernel_t:s0")
04:59:56,842 DEBUG NetworkManager:<debug> [1604120396.8422] dhcp-init: enabled DHCP client 'dhclient'
04:59:56,844 DEBUG NetworkManager:<debug> [1604120396.8441] dhcp-init: enabled DHCP client 'internal'
04:59:56,845 DEBUG NetworkManager:<debug> [1604120396.8451] dhcp-init: enabled DHCP client 'systemd' (undocumented internal plugin)
04:59:56,845 DEBUG NetworkManager:<debug> [1604120396.8452] dhcp-init: enabled DHCP client 'nettools' (undocumented internal plugin)
04:59:56,845 INFO NetworkManager:<info>  [1604120396.8454] dhcp-init: Using DHCP client 'internal'
04:59:56,846 DEBUG NetworkManager:<debug> [1604120396.8461] create NMDhcpManager singleton (e149757453c5f14d)
04:59:56,863 INFO NetworkManager:<info>  [1604120396.8636] settings: Loaded settings plugin: ifcfg-rh ("/usr/lib64/NetworkManager/1.26.0-9.el8_3/libnm-settings-plugin-ifcfg-rh.so")
04:59:56,863 WARNING NetworkManager:<warn>  [1604120396.8638] settings: skipping deprecated plugin no-ibft
04:59:56,864 INFO NetworkManager:<info>  [1604120396.8640] settings: Loaded settings plugin: keyfile (internal)
04:59:56,869 INFO systemd:Starting Network Manager Script Dispatcher Service...
04:59:56,888 DEBUG NetworkManager:<debug> [1604120396.8882] ++ connection 'new connection' (0x7fbe340046e0/NMSimpleConnection/"802-3-ethernet"): [/org/freedesktop/NetworkManager/Settings/1]
04:59:56,889 DEBUG NetworkManager:<debug> [1604120396.8892] ++ connection                [ 0x5613b898d1a0 ]
04:59:56,889 DEBUG NetworkManager:<debug> [1604120396.8894] ++ connection.id             = 'Wired Connection'
04:59:56,889 DEBUG NetworkManager:<debug> [1604120396.8897] ++ connection.multi-connect  = 3
04:59:56,889 DEBUG NetworkManager:<debug> [1604120396.8899] ++ connection.permissions    = []
04:59:56,890 DEBUG NetworkManager:<debug> [1604120396.8901] ++ connection.type           = '802-3-ethernet'
04:59:56,890 DEBUG NetworkManager:<debug> [1604120396.8903] ++ connection.uuid           = 'eacf2f94-a7c5-4bb0-abd2-8bd4d9fdc766'
04:59:56,890 DEBUG NetworkManager:<debug> [1604120396.8904] ++ connection.wait-device-timeout = 60000
04:59:56,890 DEBUG NetworkManager:<debug> [1604120396.8906] ++ 802-3-ethernet            [ 0x5613b8999160 ]
04:59:56,890 DEBUG NetworkManager:<debug> [1604120396.8908] ++ 802-3-ethernet.mac-address-blacklist = []
04:59:56,891 DEBUG NetworkManager:<debug> [1604120396.8911] ++ 802-3-ethernet.s390-options = ((GHashTable*) 0x5613b89fb9e0)
04:59:56,891 DEBUG NetworkManager:<debug> [1604120396.8913] ++ ipv4                      [ 0x5613b898d260 ]
04:59:56,892 DEBUG NetworkManager:<debug> [1604120396.8921] ++ ipv4.addresses            = ((GPtrArray*) 0x5613b89f8d20)
04:59:56,892 DEBUG NetworkManager:<debug> [1604120396.8923] ++ ipv4.dhcp-vendor-class-identifier = 'anaconda-Linux'
04:59:56,893 DEBUG NetworkManager:<debug> [1604120396.8931] ++ ipv4.dns                  = []
04:59:56,899 DEBUG NetworkManager:<debug> [1604120396.8990] ++ ipv4.dns-search           = []
04:59:56,899 DEBUG NetworkManager:<debug> [1604120396.8993] ++ ipv4.may-fail             = FALSE
04:59:56,899 DEBUG NetworkManager:<debug> [1604120396.8995] ++ ipv4.method               = 'auto'
04:59:56,899 DEBUG NetworkManager:<debug> [1604120396.8997] ++ ipv4.routes               = ((GPtrArray*) 0x5613b89f8e60)
04:59:56,899 DEBUG NetworkManager:<debug> [1604120396.8999] ++ ipv4.routing-rules        = <unknown>
04:59:56,900 DEBUG NetworkManager:<debug> [1604120396.9001] ++ ipv6                      [ 0x5613b898d320 ]
04:59:56,900 DEBUG NetworkManager:<debug> [1604120396.9003] ++ ipv6.addr-gen-mode        = 0
04:59:56,900 DEBUG NetworkManager:<debug> [1604120396.9004] ++ ipv6.addresses            = ((GPtrArray*) 0x5613b89f8e80)
04:59:56,900 DEBUG NetworkManager:<debug> [1604120396.9006] ++ ipv6.dns                  = []
04:59:56,900 DEBUG NetworkManager:<debug> [1604120396.9008] ++ ipv6.dns-search           = []
04:59:56,901 DEBUG NetworkManager:<debug> [1604120396.9010] ++ ipv6.method               = 'auto'
04:59:56,901 DEBUG NetworkManager:<debug> [1604120396.9012] ++ ipv6.routes               = ((GPtrArray*) 0x5613b89f8ea0)
04:59:56,901 DEBUG NetworkManager:<debug> [1604120396.9014] ++ ipv6.routing-rules        = <unknown>
04:59:56,912 DEBUG NetworkManager:<debug> [1604120396.9121] device[fd2a83343701a61a] (lo): unmanaged: flags set to [platform-init,by-default=0x110/0x110/unmanaged/unrealized], set-unmanaged [by-default=0x100])
04:59:56,912 DEBUG NetworkManager:<debug> [1604120396.9125] device[fd2a83343701a61a] (lo): constructed (NMDeviceGeneric)
04:59:56,913 DEBUG NetworkManager:<debug> [1604120396.9131] device[fd2a83343701a61a] (lo): start setup of NMDeviceGeneric, kernel ifindex 1
04:59:56,913 DEBUG NetworkManager:<debug> [1604120396.9135] platform-linux: error reading net:/sys/class/net/lo/phys_port_id: error reading 4096 bytes from file descriptor: Operation not supported
04:59:56,915 DEBUG NetworkManager:<debug> [1604120396.9151] platform-linux: sysctl: reading 'net:/sys/class/net/lo/dev_id': '0x0'
04:59:56,916 DEBUG NetworkManager:<debug> [1604120396.9162] platform-linux: error reading net:/sys/class/net/lo/device/sriov_numvfs: Failed to open file "device/sriov_numvfs" with openat: No such file or directory
04:59:56,917 DEBUG NetworkManager:<debug> [1604120396.9172] device[fd2a83343701a61a] (lo): hw-addr: hardware address now 00:00:00:00:00:00
04:59:56,918 DEBUG NetworkManager:<debug> [1604120396.9181] device[fd2a83343701a61a] (lo): hw-addr: update initial MAC address 00:00:00:00:00:00
04:59:56,918 DEBUG NetworkManager:<debug> [1604120396.9184] device[fd2a83343701a61a] (lo): hw-addr: unable to read permanent MAC address (use current: 00:00:00:00:00:00)
04:59:56,918 INFO NetworkManager:<info>  [1604120396.9187] device (lo): carrier: link connected
04:59:56,919 DEBUG NetworkManager:<debug> [1604120396.9190] device[fd2a83343701a61a] (lo): unmanaged: flags set to [platform-init,by-default,!external-down=0x110/0x910/unmanaged/unrealized], set-managed [external-down=0x800])
04:59:56,919 DEBUG NetworkManager:<debug> [1604120396.9192] device[fd2a83343701a61a] (lo): unmanaged: flags set to [by-type,platform-init,by-default,!external-down=0x118/0x918/unmanaged/unrealized], set-unmanaged [by-type=0x8])
04:59:56,919 DEBUG NetworkManager:<debug> [1604120396.9194] device[fd2a83343701a61a] (lo): unmanaged: flags set to [by-type,platform-init,by-default,!user-settings,!external-down=0x118/0x958/unmanaged/unrealized], set-managed [user-settings=0x40])
04:59:56,919 DEBUG NetworkManager:<debug> [1604120396.9196] device[fd2a83343701a61a] (lo): unmanaged: flags set to [by-type,by-default,!platform-init,!user-settings,!external-down=0x108/0x958/unmanaged/unrealized], set-managed [platform-init=0x10])
04:59:56,921 DEBUG NetworkManager:<debug> [1604120396.9211] device[fd2a83343701a61a] (lo): unmanaged: flags set to [by-type,by-default,!sleeping,!platform-init,!user-settings,!external-down=0x108/0x959/unmanaged/unrealized], set-managed [sleeping=0x1])
04:59:56,925 INFO NetworkManager:<info>  [1604120396.9256] manager: (lo): new Generic device (/org/freedesktop/NetworkManager/Devices/1)
04:59:56,933 DEBUG NetworkManager:<debug> [1604120396.9333] device[484ae2b06716f1bf] (ens3): constructed (NMDeviceEthernet)
04:59:56,933 DEBUG NetworkManager:<debug> [1604120396.9337] device[484ae2b06716f1bf] (ens3): start setup of NMDeviceEthernet, kernel ifindex 2
04:59:56,934 DEBUG NetworkManager:<debug> [1604120396.9339] device[484ae2b06716f1bf] (ens3): assume-state: set guess-assume=0, connection="eacf2f94-a7c5-4bb0-abd2-8bd4d9fdc766"
04:59:56,934 DEBUG NetworkManager:<debug> [1604120396.9342] platform-linux: error reading net:/sys/class/net/ens3/phys_port_id: error reading 4096 bytes from file descriptor: Operation not supported
04:59:56,934 DEBUG NetworkManager:<debug> [1604120396.9346] platform-linux: sysctl: reading 'net:/sys/class/net/ens3/dev_id': '0x0'
04:59:56,935 DEBUG NetworkManager:<debug> [1604120396.9349] platform-linux: error reading net:/sys/class/net/ens3/device/sriov_numvfs: Failed to open file "device/sriov_numvfs" with openat: No such file or directory
04:59:56,937 DEBUG NetworkManager:<debug> [1604120396.9373] device[484ae2b06716f1bf] (ens3): hw-addr: hardware address now 52:54:00:AA:A2:B9
04:59:56,937 DEBUG NetworkManager:<debug> [1604120396.9375] device[484ae2b06716f1bf] (ens3): hw-addr: update initial MAC address 52:54:00:AA:A2:B9
04:59:56,937 DEBUG NetworkManager:<debug> [1604120396.9378] device[484ae2b06716f1bf] (ens3): hw-addr: read permanent MAC address '52:54:00:AA:A2:B9'
04:59:56,938 INFO NetworkManager:<info>  [1604120396.9381] device (ens3): carrier: link connected
04:59:56,940 DEBUG NetworkManager:<debug> [1604120396.9403] device[484ae2b06716f1bf] (ens3): unmanaged: flags set to [platform-init,!user-explicit=0x10/0x30/unmanaged/unrealized], set-managed [user-explicit=0x20])
04:59:56,940 DEBUG NetworkManager:<debug> [1604120396.9408] device[484ae2b06716f1bf] (ens3): unmanaged: flags set to [platform-init,!by-type,!user-explicit=0x10/0x38/unmanaged/unrealized], set-managed [by-type=0x8])
04:59:56,941 DEBUG NetworkManager:<debug> [1604120396.9410] device[484ae2b06716f1bf] (ens3): unmanaged: flags set to [platform-init,!by-type,!user-explicit,!user-settings=0x10/0x78/unmanaged/unrealized], set-managed [user-settings=0x40])
04:59:56,941 DEBUG NetworkManager:<debug> [1604120396.9412] device[484ae2b06716f1bf] (ens3): unmanaged: flags set to [!by-type,!platform-init,!user-explicit,!user-settings=0x0/0x78/managed/unrealized], set-managed [platform-init=0x10])
04:59:56,941 DEBUG NetworkManager:<debug> [1604120396.9414] device[484ae2b06716f1bf] (ens3): unmanaged: flags set to [!sleeping,!by-type,!platform-init,!user-explicit,!user-settings=0x0/0x79/managed/unrealized], set-managed [sleeping=0x1])
04:59:56,944 INFO NetworkManager:<info>  [1604120396.9447] manager: (ens3): new Ethernet device (/org/freedesktop/NetworkManager/Devices/2)
04:59:56,953 DEBUG NetworkManager:<debug> [1604120396.9538] device[484ae2b06716f1bf] (ens3): ip4-config: update (commit=0, new-config=0x5613b8a12140)
04:59:56,956 DEBUG NetworkManager:<debug> [1604120396.9564] device[484ae2b06716f1bf] (ens3): ip4-config: set IP Config instance (/org/freedesktop/NetworkManager/IP4Config/1)
04:59:56,959 DEBUG NetworkManager:<debug> [1604120396.9592] dns-mgr: (device_ip_config_changed): queueing DNS updates (1)
04:59:56,959 DEBUG NetworkManager:<debug> [1604120396.9599] dns-mgr: (device_ip_config_changed): DNS configuration did not change
04:59:56,960 DEBUG NetworkManager:<debug> [1604120396.9601] dns-mgr: (device_ip_config_changed): no DNS changes to commit (0)
04:59:56,960 DEBUG NetworkManager:<debug> [1604120396.9605] platform-linux: sysctl: reading '/proc/sys/net/ipv6/conf/ens3/disable_ipv6': '0'
04:59:56,962 DEBUG NetworkManager:<debug> [1604120396.9621] device[484ae2b06716f1bf] (ens3): ip6-config: update (commit=0, new-config=0x5613b89a84a0)
04:59:56,964 DEBUG NetworkManager:<debug> [1604120396.9646] device[484ae2b06716f1bf] (ens3): ip6-config: set IP Config instance (/org/freedesktop/NetworkManager/IP6Config/1)
04:59:56,966 DEBUG NetworkManager:<debug> [1604120396.9662] dns-mgr: (device_ip_config_changed): queueing DNS updates (1)
04:59:56,967 DEBUG NetworkManager:<debug> [1604120396.9671] dns-mgr: (device_ip_config_changed): DNS configuration did not change
04:59:56,967 DEBUG NetworkManager:<debug> [1604120396.9672] dns-mgr: (device_ip_config_changed): no DNS changes to commit (0)
04:59:56,967 INFO NetworkManager:<info>  [1604120396.9676] manager: (ens3): assume: will attempt to assume matching connection 'Wired Connection' (eacf2f94-a7c5-4bb0-abd2-8bd4d9fdc766) (indicated)
04:59:56,968 DEBUG NetworkManager:<debug> [1604120396.9681] device[484ae2b06716f1bf] (ens3): assume-state: set guess-assume=0, connection=(null)
04:59:56,968 INFO NetworkManager:<info>  [1604120396.9683] device (ens3): state change: unmanaged -> unavailable (reason 'connection-assumed', sys-iface-state: 'assume')
04:59:56,969 DEBUG NetworkManager:<debug> [1604120396.9691] device[484ae2b06716f1bf] (ens3): add_pending_action (1): 'in-state-change'
04:59:56,970 DEBUG NetworkManager:<debug> [1604120396.9706] platform-linux: sysctl: reading '/proc/sys/net/ipv6/conf/ens3/accept_ra': '0'
04:59:56,971 DEBUG NetworkManager:<debug> [1604120396.9712] platform-linux: sysctl: reading '/proc/sys/net/ipv6/conf/ens3/forwarding': '0'
04:59:56,972 DEBUG NetworkManager:<debug> [1604120396.9722] platform-linux: sysctl: reading '/proc/sys/net/ipv6/conf/ens3/hop_limit': '64'
04:59:56,972 DEBUG NetworkManager:<debug> [1604120396.9726] platform-linux: sysctl: reading '/proc/sys/net/ipv6/conf/ens3/use_tempaddr': '0'
04:59:56,980 DEBUG NetworkManager:<debug> [1604120396.9802] device[484ae2b06716f1bf] (ens3): add_pending_action (2): 'recheck-available'
04:59:56,981 INFO dbus-daemon:[system] Successfully activated service 'org.freedesktop.nm_dispatcher'
04:59:56,981 INFO systemd:Started Network Manager Script Dispatcher Service.
04:59:56,983 INFO nm-dispatcher:req:1 'hostname': new request (3 scripts)
04:59:56,987 DEBUG nm-dispatcher:req:1 'hostname': environment: PATH=/usr/local/sbin:/usr/local/bin:/usr/sbin:/usr/bin
04:59:56,988 DEBUG nm-dispatcher:req:1 'hostname': environment: NM_DISPATCHER_ACTION=hostname
04:59:56,988 INFO nm-dispatcher:req:1 'hostname': start running ordered scripts...
04:59:56,988 DEBUG nm-dispatcher:req:1 'hostname', "/etc/NetworkManager/dispatcher.d/04-iscsi": run script
04:59:56,989 DEBUG NetworkManager:<debug> [1604120396.9896] device[484ae2b06716f1bf] (ens3): connectivity state changed from UNKNOWN to NONE
04:59:56,990 DEBUG NetworkManager:<debug> [1604120396.9905] manager: connectivity checking indicates NONE
04:59:56,991 DEBUG NetworkManager:<debug> [1604120396.9916] dispatcher: (2) dispatching action 'connectivity-change'
04:59:56,997 INFO nm-dispatcher:req:2 'connectivity-change': new request (3 scripts)
04:59:56,997 DEBUG NetworkManager:<debug> [1604120396.9975] device[484ae2b06716f1bf] (ens3): connectivity state changed from UNKNOWN to NONE
04:59:56,998 DEBUG NetworkManager:<debug> [1604120396.9982] device[484ae2b06716f1bf] (ens3): remove_pending_action (1): 'in-state-change'
04:59:56,998 DEBUG nm-dispatcher:req:2 'connectivity-change': environment: CONNECTIVITY_STATE=NONE
04:59:56,998 DEBUG nm-dispatcher:req:2 'connectivity-change': environment: PATH=/usr/local/sbin:/usr/local/bin:/usr/sbin:/usr/bin
04:59:56,998 DEBUG nm-dispatcher:req:2 'connectivity-change': environment: NM_DISPATCHER_ACTION=connectivity-change
04:59:56,999 INFO NetworkManager:<info>  [1604120396.9996] device (ens3): state change: unavailable -> disconnected (reason 'connection-assumed', sys-iface-state: 'assume')
04:59:56,999 DEBUG NetworkManager:<debug> [1604120396.9998] device[484ae2b06716f1bf] (ens3): add_pending_action (2): 'in-state-change'
04:59:57,008 DEBUG NetworkManager:<debug> [1604120397.0089] device[484ae2b06716f1bf] (ens3): add_pending_action (3): 'autoactivate'
04:59:57,009 DEBUG NetworkManager:<debug> [1604120397.0098] device[484ae2b06716f1bf] (ens3): remove_pending_action (2): 'in-state-change'
04:59:57,010 DEBUG NetworkManager:<debug> [1604120397.0103] active-connection[0x5613b89ba590]: set device "ens3" [0x5613b8a09700]
04:59:57,012 DEBUG NetworkManager:<debug> [1604120397.0121] device[484ae2b06716f1bf] (ens3): add_pending_action (3): 'activation-1'
04:59:57,012 DEBUG NetworkManager:<debug> [1604120397.0125] active-connection[0x5613b89ba590]: constructed (NMActRequest, version-id 1, type assume)
04:59:57,015 DEBUG nm-dispatcher:req:1 'hostname', "/etc/NetworkManager/dispatcher.d/04-iscsi": complete
04:59:57,015 DEBUG nm-dispatcher:req:1 'hostname', "/etc/NetworkManager/dispatcher.d/11-dhclient": run script
04:59:57,017 INFO NetworkManager:<info>  [1604120397.0175] device (ens3): Activation: starting connection 'Wired Connection' (eacf2f94-a7c5-4bb0-abd2-8bd4d9fdc766)
04:59:57,017 DEBUG NetworkManager:<debug> [1604120397.0177] device[484ae2b06716f1bf] (ens3): activation-stage: schedule activate_stage1_device_prepare,v4 (id 34)
04:59:57,020 DEBUG NetworkManager:<debug> [1604120397.0203] create NMVpnManager singleton (8cb5df33bcdfab5f)
04:59:57,021 DEBUG NetworkManager:<debug> [1604120397.0210] manager: creating virtual devices...
04:59:57,021 DEBUG NetworkManager:<debug> [1604120397.0213] setting up local loopback
04:59:57,021 DEBUG NetworkManager:<debug> [1604120397.0215] platform: (lo) link: setting up
04:59:57,021 DEBUG NetworkManager:<debug> [1604120397.0216] platform-linux: link: change 1: flags: set 0x1/0x1 ([up] / [up])
04:59:57,021 DEBUG NetworkManager:<debug> [1604120397.0219] platform-linux: do-request-link: 1 
04:59:57,022 DEBUG NetworkManager:<debug> [1604120397.0223] platform-linux: do-change-link[1]: success changing link: success
04:59:57,043 DEBUG NetworkManager:<debug> [1604120397.0435] sleep-monitor-sd: inhibit: taking sleep inhibitor...
04:59:57,049 DEBUG nm-dispatcher:req:1 'hostname', "/etc/NetworkManager/dispatcher.d/11-dhclient": complete
04:59:57,049 DEBUG nm-dispatcher:req:1 'hostname', "/etc/NetworkManager/dispatcher.d/20-chrony": run script
04:59:57,053 DEBUG NetworkManager:<debug> [1604120397.0537] ifcfg-rh: dbus: acquired D-Bus service com.redhat.ifcfgrh1 and exported /com/redhat/ifcfgrh1 object
04:59:57,054 DEBUG NetworkManager:<debug> [1604120397.0541] sleep-monitor-sd: inhibit: inhibitor fd is 19
04:59:57,054 DEBUG NetworkManager:<debug> [1604120397.0544] device[fd2a83343701a61a] (lo): ip4-config: update (commit=0, new-config=0x5613b8a123c0)
04:59:57,056 DEBUG NetworkManager:<debug> [1604120397.0563] device[fd2a83343701a61a] (lo): ip4-config: set IP Config instance (/org/freedesktop/NetworkManager/IP4Config/2)
04:59:57,060 DEBUG NetworkManager:<debug> [1604120397.0602] dns-mgr: (device_ip_config_changed): queueing DNS updates (1)
04:59:57,060 DEBUG NetworkManager:<debug> [1604120397.0604] dns-mgr: (device_ip_config_changed): DNS configuration did not change
04:59:57,060 DEBUG NetworkManager:<debug> [1604120397.0606] dns-mgr: (device_ip_config_changed): no DNS changes to commit (0)
04:59:57,060 DEBUG NetworkManager:<debug> [1604120397.0609] platform-linux: sysctl: reading '/proc/sys/net/ipv6/conf/lo/disable_ipv6': '0'
04:59:57,062 DEBUG nm-dispatcher:req:1 'hostname', "/etc/NetworkManager/dispatcher.d/20-chrony": complete
04:59:57,062 DEBUG nm-dispatcher:req:1 'hostname': completed (3 scripts)
04:59:57,062 INFO nm-dispatcher:req:2 'connectivity-change': start running ordered scripts...
04:59:57,063 DEBUG nm-dispatcher:req:2 'connectivity-change', "/etc/NetworkManager/dispatcher.d/04-iscsi": run script
