Mar  2 07:57:50 ip-172-31-34-102 kernel: Linux version 4.18.0-240.1.1.el8_3.x86_64 (mockbuild@x86-vm-09.build.eng.bos.redhat.com) (gcc version 8.3.1 20191121 (Red Hat 8.3.1-5) (GCC)) #1 SMP Fri Oct 16 13:36:46 EDT 2020
Mar  2 07:57:50 ip-172-31-34-102 kernel: Command line: BOOT_IMAGE=(hd0,gpt2)/boot/vmlinuz-4.18.0-240.1.1.el8_3.x86_64 root=UUID=949779ce-46aa-434e-8eb0-852514a5d69e ro console=ttyS0,115200n8 console=tty0 net.ifnames=0 rd.blacklist=nouveau nvme_core.io_timeout=4294967295 crashkernel=auto
Mar  2 07:57:50 ip-172-31-34-102 kernel: x86/fpu: Supporting XSAVE feature 0x001: 'x87 floating point registers'
Mar  2 07:57:50 ip-172-31-34-102 kernel: x86/fpu: Supporting XSAVE feature 0x002: 'SSE registers'
Mar  2 07:57:50 ip-172-31-34-102 kernel: x86/fpu: Supporting XSAVE feature 0x004: 'AVX registers'
Mar  2 07:57:50 ip-172-31-34-102 kernel: x86/fpu: xstate_offset[2]:  576, xstate_sizes[2]:  256
Mar  2 07:57:50 ip-172-31-34-102 kernel: x86/fpu: Enabled xstate features 0x7, context size is 832 bytes, using 'standard' format.
Mar  2 07:57:50 ip-172-31-34-102 kernel: BIOS-provided physical RAM map:
Mar  2 07:57:50 ip-172-31-34-102 kernel: BIOS-e820: [mem 0x0000000000000000-0x000000000009dfff] usable
Mar  2 07:57:50 ip-172-31-34-102 kernel: BIOS-e820: [mem 0x000000000009e000-0x000000000009ffff] reserved
Mar  2 07:57:50 ip-172-31-34-102 kernel: BIOS-e820: [mem 0x00000000000e0000-0x00000000000fffff] reserved
Mar  2 07:57:50 ip-172-31-34-102 kernel: BIOS-e820: [mem 0x0000000000100000-0x000000003fffffff] usable
Mar  2 07:57:50 ip-172-31-34-102 kernel: BIOS-e820: [mem 0x00000000fc000000-0x00000000ffffffff] reserved
Mar  2 07:57:50 ip-172-31-34-102 kernel: NX (Execute Disable) protection: active
Mar  2 07:57:50 ip-172-31-34-102 kernel: SMBIOS 2.7 present.
Mar  2 07:57:50 ip-172-31-34-102 kernel: DMI: Xen HVM domU, BIOS 4.2.amazon 08/24/2006
Mar  2 07:57:50 ip-172-31-34-102 kernel: Hypervisor detected: Xen HVM
Mar  2 07:57:50 ip-172-31-34-102 kernel: Xen version 4.2.
Mar  2 07:57:50 ip-172-31-34-102 kernel: Netfront and the Xen platform PCI driver have been compiled for this kernel: unplug emulated NICs.
Mar  2 07:57:50 ip-172-31-34-102 kernel: Blkfront and the Xen platform PCI driver have been compiled for this kernel: unplug emulated disks.#012You might have to change the root device#012from /dev/hd[a-d] to /dev/xvd[a-d]#012in your root= kernel command line option
Mar  2 07:57:50 ip-172-31-34-102 kernel: tsc: Fast TSC calibration using PIT
Mar  2 07:57:50 ip-172-31-34-102 kernel: tsc: Detected 2400.044 MHz processor
Mar  2 07:57:50 ip-172-31-34-102 kernel: tsc: Detected 2400.088 MHz TSC
Mar  2 07:57:50 ip-172-31-34-102 kernel: last_pfn = 0x40000 max_arch_pfn = 0x400000000
Mar  2 07:57:50 ip-172-31-34-102 kernel: x86/PAT: Configuration [0-7]: WB  WC  UC- UC  WB  WP  UC- WT  
Mar  2 07:57:50 ip-172-31-34-102 kernel: found SMP MP-table at [mem 0x000fbc50-0x000fbc5f]
Mar  2 07:57:50 ip-172-31-34-102 kernel: kexec: Reserving the low 1M of memory for crashkernel
Mar  2 07:57:50 ip-172-31-34-102 kernel: RAMDISK: [mem 0x328de000-0x35466fff]
Mar  2 07:57:50 ip-172-31-34-102 kernel: ACPI: Early table checksum verification disabled
Mar  2 07:57:50 ip-172-31-34-102 kernel: ACPI: RSDP 0x00000000000EA020 000024 (v02 Xen   )
Mar  2 07:57:50 ip-172-31-34-102 kernel: ACPI: XSDT 0x00000000FC00E2A0 000054 (v01 Xen    HVM      00000000 HVML 00000000)
Mar  2 07:57:50 ip-172-31-34-102 kernel: ACPI: FACP 0x00000000FC00DF60 0000F4 (v04 Xen    HVM      00000000 HVML 00000000)
Mar  2 07:57:50 ip-172-31-34-102 kernel: ACPI: DSDT 0x00000000FC0021C0 00BD19 (v02 Xen    HVM      00000000 INTL 20090123)
Mar  2 07:57:50 ip-172-31-34-102 kernel: ACPI: FACS 0x00000000FC002180 000040
Mar  2 07:57:50 ip-172-31-34-102 kernel: ACPI: FACS 0x00000000FC002180 000040
Mar  2 07:57:50 ip-172-31-34-102 kernel: ACPI: APIC 0x00000000FC00E060 0000D8 (v02 Xen    HVM      00000000 HVML 00000000)
Mar  2 07:57:50 ip-172-31-34-102 kernel: ACPI: HPET 0x00000000FC00E1B0 000038 (v01 Xen    HVM      00000000 HVML 00000000)
Mar  2 07:57:50 ip-172-31-34-102 kernel: ACPI: WAET 0x00000000FC00E1F0 000028 (v01 Xen    HVM      00000000 HVML 00000000)
Mar  2 07:57:50 ip-172-31-34-102 kernel: ACPI: SSDT 0x00000000FC00E220 000031 (v02 Xen    HVM      00000000 INTL 20090123)
Mar  2 07:57:50 ip-172-31-34-102 kernel: ACPI: SSDT 0x00000000FC00E260 000033 (v02 Xen    HVM      00000000 INTL 20090123)
Mar  2 07:57:50 ip-172-31-34-102 kernel: No NUMA configuration found
Mar  2 07:57:50 ip-172-31-34-102 kernel: Faking a node at [mem 0x0000000000000000-0x000000003fffffff]
Mar  2 07:57:50 ip-172-31-34-102 kernel: NODE_DATA(0) allocated [mem 0x3ffd6000-0x3fffffff]
Mar  2 07:57:50 ip-172-31-34-102 kernel: Using crashkernel=auto, the size chosen is a best effort estimation.
Mar  2 07:57:50 ip-172-31-34-102 kernel: Reserving 160MB of memory at 640MB for crashkernel (System RAM: 1023MB)
Mar  2 07:57:50 ip-172-31-34-102 kernel: Zone ranges:
Mar  2 07:57:50 ip-172-31-34-102 kernel:  DMA      [mem 0x0000000000001000-0x0000000000ffffff]
Mar  2 07:57:50 ip-172-31-34-102 kernel:  DMA32    [mem 0x0000000001000000-0x000000003fffffff]
Mar  2 07:57:50 ip-172-31-34-102 kernel:  Normal   empty
Mar  2 07:57:50 ip-172-31-34-102 kernel:  Device   empty
Mar  2 07:57:50 ip-172-31-34-102 kernel: Movable zone start for each node
Mar  2 07:57:50 ip-172-31-34-102 kernel: Early memory node ranges
Mar  2 07:57:50 ip-172-31-34-102 kernel:  node   0: [mem 0x0000000000001000-0x000000000009dfff]
Mar  2 07:57:50 ip-172-31-34-102 kernel:  node   0: [mem 0x0000000000100000-0x000000003fffffff]
Mar  2 07:57:50 ip-172-31-34-102 kernel: Zeroed struct page in unavailable ranges: 99 pages
Mar  2 07:57:50 ip-172-31-34-102 kernel: Initmem setup node 0 [mem 0x0000000000001000-0x000000003fffffff]
Mar  2 07:57:50 ip-172-31-34-102 kernel: ACPI: PM-Timer IO Port: 0xb008
Mar  2 07:57:50 ip-172-31-34-102 kernel: IOAPIC[0]: apic_id 1, version 17, address 0xfec00000, GSI 0-47
Mar  2 07:57:50 ip-172-31-34-102 kernel: ACPI: INT_SRC_OVR (bus 0 bus_irq 0 global_irq 2 dfl dfl)
Mar  2 07:57:50 ip-172-31-34-102 kernel: ACPI: INT_SRC_OVR (bus 0 bus_irq 5 global_irq 5 low level)
Mar  2 07:57:50 ip-172-31-34-102 kernel: ACPI: INT_SRC_OVR (bus 0 bus_irq 10 global_irq 10 low level)
Mar  2 07:57:50 ip-172-31-34-102 kernel: ACPI: INT_SRC_OVR (bus 0 bus_irq 11 global_irq 11 low level)
Mar  2 07:57:50 ip-172-31-34-102 kernel: Using ACPI (MADT) for SMP configuration information
Mar  2 07:57:50 ip-172-31-34-102 kernel: ACPI: HPET id: 0x8086a201 base: 0xfed00000
Mar  2 07:57:50 ip-172-31-34-102 kernel: smpboot: Allowing 15 CPUs, 14 hotplug CPUs
Mar  2 07:57:50 ip-172-31-34-102 kernel: PM: Registered nosave memory: [mem 0x00000000-0x00000fff]
Mar  2 07:57:50 ip-172-31-34-102 kernel: PM: Registered nosave memory: [mem 0x0009e000-0x0009ffff]
Mar  2 07:57:50 ip-172-31-34-102 kernel: PM: Registered nosave memory: [mem 0x000a0000-0x000dffff]
Mar  2 07:57:50 ip-172-31-34-102 kernel: PM: Registered nosave memory: [mem 0x000e0000-0x000fffff]
Mar  2 07:57:50 ip-172-31-34-102 kernel: [mem 0x40000000-0xfbffffff] available for PCI devices
Mar  2 07:57:50 ip-172-31-34-102 kernel: Booting paravirtualized kernel on Xen HVM
Mar  2 07:57:50 ip-172-31-34-102 kernel: clocksource: refined-jiffies: mask: 0xffffffff max_cycles: 0xffffffff, max_idle_ns: 1910969940391419 ns
Mar  2 07:57:50 ip-172-31-34-102 kernel: setup_percpu: NR_CPUS:8192 nr_cpumask_bits:15 nr_cpu_ids:15 nr_node_ids:1
Mar  2 07:57:50 ip-172-31-34-102 kernel: percpu: Embedded 54 pages/cpu s184320 r8192 d28672 u262144
Mar  2 07:57:50 ip-172-31-34-102 kernel: PV qspinlock hash table entries: 256 (order: 0, 4096 bytes)
Mar  2 07:57:50 ip-172-31-34-102 kernel: Built 1 zonelists, mobility grouping on.  Total pages: 257792
Mar  2 07:57:50 ip-172-31-34-102 kernel: Policy zone: DMA32
Mar  2 07:57:50 ip-172-31-34-102 kernel: Kernel command line: BOOT_IMAGE=(hd0,gpt2)/boot/vmlinuz-4.18.0-240.1.1.el8_3.x86_64 root=UUID=949779ce-46aa-434e-8eb0-852514a5d69e ro console=ttyS0,115200n8 console=tty0 net.ifnames=0 rd.blacklist=nouveau nvme_core.io_timeout=4294967295 crashkernel=auto
Mar  2 07:57:50 ip-172-31-34-102 kernel: Specific versions of hardware are certified with Red Hat Enterprise Linux 8. Please see the list of hardware certified with Red Hat Enterprise Linux 8 at https://catalog.redhat.com.
Mar  2 07:57:50 ip-172-31-34-102 kernel: Memory: 261120K/1048180K available (12292K kernel code, 2184K rwdata, 3960K rodata, 2432K init, 15436K bss, 274232K reserved, 0K cma-reserved)
Mar  2 07:57:50 ip-172-31-34-102 kernel: SLUB: HWalign=64, Order=0-3, MinObjects=0, CPUs=15, Nodes=1
Mar  2 07:57:50 ip-172-31-34-102 kernel: Kernel/User page tables isolation: enabled
Mar  2 07:57:50 ip-172-31-34-102 kernel: ftrace: allocating 37442 entries in 147 pages
Mar  2 07:57:50 ip-172-31-34-102 kernel: ftrace: allocated 147 pages with 4 groups
Mar  2 07:57:50 ip-172-31-34-102 kernel: rcu: Hierarchical RCU implementation.
Mar  2 07:57:50 ip-172-31-34-102 kernel: rcu: #011RCU restricting CPUs from NR_CPUS=8192 to nr_cpu_ids=15.
Mar  2 07:57:50 ip-172-31-34-102 kernel: rcu: RCU calculated value of scheduler-enlistment delay is 100 jiffies.
Mar  2 07:57:50 ip-172-31-34-102 kernel: rcu: Adjusting geometry for rcu_fanout_leaf=16, nr_cpu_ids=15
Mar  2 07:57:50 ip-172-31-34-102 kernel: NR_IRQS: 524544, nr_irqs: 952, preallocated irqs: 16
Mar  2 07:57:50 ip-172-31-34-102 kernel: xen:events: Using 2-level ABI
Mar  2 07:57:50 ip-172-31-34-102 kernel: xen:events: Xen HVM callback vector for event delivery is enabled
Mar  2 07:57:50 ip-172-31-34-102 kernel: random: crng done (trusting CPU's manufacturer)
Mar  2 07:57:50 ip-172-31-34-102 kernel: Console: colour VGA+ 80x25
Mar  2 07:57:50 ip-172-31-34-102 kernel: printk: console [tty0] enabled
Mar  2 07:57:50 ip-172-31-34-102 kernel: Cannot get hvm parameter CONSOLE_EVTCHN (18): -22!
Mar  2 07:57:50 ip-172-31-34-102 kernel: printk: console [ttyS0] enabled
Mar  2 07:57:50 ip-172-31-34-102 kernel: ACPI: Core revision 20200110
Mar  2 07:57:50 ip-172-31-34-102 kernel: clocksource: hpet: mask: 0xffffffff max_cycles: 0xffffffff, max_idle_ns: 30580167144 ns
Mar  2 07:57:50 ip-172-31-34-102 kernel: APIC: Switch to symmetric I/O mode setup
Mar  2 07:57:50 ip-172-31-34-102 kernel: x2apic: IRQ remapping doesn't support X2APIC mode
Mar  2 07:57:50 ip-172-31-34-102 kernel: Switched APIC routing to physical flat.
Mar  2 07:57:50 ip-172-31-34-102 kernel: ..TIMER: vector=0x30 apic1=0 pin1=2 apic2=0 pin2=0
Mar  2 07:57:50 ip-172-31-34-102 kernel: clocksource: tsc-early: mask: 0xffffffffffffffff max_cycles: 0x22988abe66a, max_idle_ns: 440795265957 ns
Mar  2 07:57:50 ip-172-31-34-102 kernel: Calibrating delay loop (skipped), value calculated using timer frequency.. 4800.17 BogoMIPS (lpj=2400088)
Mar  2 07:57:50 ip-172-31-34-102 kernel: pid_max: default: 32768 minimum: 301
Mar  2 07:57:50 ip-172-31-34-102 kernel: Security Framework initialized
Mar  2 07:57:50 ip-172-31-34-102 kernel: Yama: becoming mindful.
Mar  2 07:57:50 ip-172-31-34-102 kernel: SELinux:  Initializing.
Mar  2 07:57:50 ip-172-31-34-102 kernel: Dentry cache hash table entries: 131072 (order: 8, 1048576 bytes)
Mar  2 07:57:50 ip-172-31-34-102 kernel: Inode-cache hash table entries: 65536 (order: 7, 524288 bytes)
Mar  2 07:57:50 ip-172-31-34-102 kernel: Mount-cache hash table entries: 2048 (order: 2, 16384 bytes)
Mar  2 07:57:50 ip-172-31-34-102 kernel: Mountpoint-cache hash table entries: 2048 (order: 2, 16384 bytes)
Mar  2 07:57:50 ip-172-31-34-102 kernel: Last level iTLB entries: 4KB 1024, 2MB 1024, 4MB 1024
Mar  2 07:57:50 ip-172-31-34-102 kernel: Last level dTLB entries: 4KB 1024, 2MB 1024, 4MB 1024, 1GB 4
Mar  2 07:57:50 ip-172-31-34-102 kernel: FEATURE SPEC_CTRL Not Present
Mar  2 07:57:50 ip-172-31-34-102 kernel: FEATURE IBPB_SUPPORT Not Present
Mar  2 07:57:50 ip-172-31-34-102 kernel: Spectre V1 : Mitigation: usercopy/swapgs barriers and __user pointer sanitization
Mar  2 07:57:50 ip-172-31-34-102 kernel: Spectre V2 : Mitigation: Full generic retpoline
Mar  2 07:57:50 ip-172-31-34-102 kernel: Spectre V2 : Spectre v2 / SpectreRSB mitigation: Filling RSB on context switch
Mar  2 07:57:50 ip-172-31-34-102 kernel: Speculative Store Bypass: Vulnerable
Mar  2 07:57:50 ip-172-31-34-102 kernel: MDS: Vulnerable: Clear CPU buffers attempted, no microcode
Mar  2 07:57:50 ip-172-31-34-102 kernel: clocksource: xen: mask: 0xffffffffffffffff max_cycles: 0x1cd42e4dffb, max_idle_ns: 881590591483 ns
Mar  2 07:57:50 ip-172-31-34-102 kernel: installing Xen timer for CPU 0
Mar  2 07:57:50 ip-172-31-34-102 kernel: smpboot: CPU0: Intel(R) Xeon(R) CPU E5-2676 v3 @ 2.40GHz (family: 0x6, model: 0x3f, stepping: 0x2)
Mar  2 07:57:50 ip-172-31-34-102 kernel: cpu 0 spinlock event irq 53
Mar  2 07:57:50 ip-172-31-34-102 kernel: Performance Events: unsupported p6 CPU model 63 no PMU driver, software events only.
Mar  2 07:57:50 ip-172-31-34-102 kernel: rcu: Hierarchical SRCU implementation.
Mar  2 07:57:50 ip-172-31-34-102 kernel: NMI watchdog: Perf NMI watchdog permanently disabled
Mar  2 07:57:50 ip-172-31-34-102 kernel: smp: Bringing up secondary CPUs ...
Mar  2 07:57:50 ip-172-31-34-102 kernel: smp: Brought up 1 node, 1 CPU
Mar  2 07:57:50 ip-172-31-34-102 kernel: smpboot: Max logical packages: 15
Mar  2 07:57:50 ip-172-31-34-102 kernel: smpboot: Total of 1 processors activated (4800.17 BogoMIPS)
Mar  2 07:57:50 ip-172-31-34-102 kernel: node 0 deferred pages initialised in 2ms
Mar  2 07:57:50 ip-172-31-34-102 kernel: devtmpfs: initialized
Mar  2 07:57:50 ip-172-31-34-102 kernel: x86/mm: Memory block size: 128MB
Mar  2 07:57:50 ip-172-31-34-102 kernel: clocksource: jiffies: mask: 0xffffffff max_cycles: 0xffffffff, max_idle_ns: 1911260446275000 ns
Mar  2 07:57:50 ip-172-31-34-102 kernel: futex hash table entries: 4096 (order: 6, 262144 bytes)
Mar  2 07:57:50 ip-172-31-34-102 kernel: pinctrl core: initialized pinctrl subsystem
Mar  2 07:57:50 ip-172-31-34-102 kernel: NET: Registered protocol family 16
Mar  2 07:57:50 ip-172-31-34-102 kernel: audit: initializing netlink subsys (disabled)
Mar  2 07:57:50 ip-172-31-34-102 kernel: audit: type=2000 audit(1614671866.859:1): state=initialized audit_enabled=0 res=1
Mar  2 07:57:50 ip-172-31-34-102 kernel: cpuidle: using governor menu
Mar  2 07:57:50 ip-172-31-34-102 kernel: ACPI: bus type PCI registered
Mar  2 07:57:50 ip-172-31-34-102 kernel: acpiphp: ACPI Hot Plug PCI Controller Driver version: 0.5
Mar  2 07:57:50 ip-172-31-34-102 kernel: PCI: Using configuration type 1 for base access
Mar  2 07:57:50 ip-172-31-34-102 kernel: HugeTLB registered 2.00 MiB page size, pre-allocated 0 pages
Mar  2 07:57:50 ip-172-31-34-102 kernel: cryptd: max_cpu_qlen set to 1000
Mar  2 07:57:50 ip-172-31-34-102 kernel: ACPI: Added _OSI(Module Device)
Mar  2 07:57:50 ip-172-31-34-102 kernel: ACPI: Added _OSI(Processor Device)
Mar  2 07:57:50 ip-172-31-34-102 kernel: ACPI: Added _OSI(3.0 _SCP Extensions)
Mar  2 07:57:50 ip-172-31-34-102 kernel: ACPI: Added _OSI(Processor Aggregator Device)
Mar  2 07:57:50 ip-172-31-34-102 kernel: ACPI: Added _OSI(Linux-Dell-Video)
Mar  2 07:57:50 ip-172-31-34-102 kernel: ACPI: Added _OSI(Linux-Lenovo-NV-HDMI-Audio)
Mar  2 07:57:50 ip-172-31-34-102 kernel: ACPI: Added _OSI(Linux-HPI-Hybrid-Graphics)
Mar  2 07:57:50 ip-172-31-34-102 kernel: ACPI: 3 ACPI AML tables successfully acquired and loaded
Mar  2 07:57:50 ip-172-31-34-102 kernel: ACPI: Interpreter enabled
Mar  2 07:57:50 ip-172-31-34-102 kernel: ACPI: (supports S0 S3 S4 S5)
Mar  2 07:57:50 ip-172-31-34-102 kernel: ACPI: Using IOAPIC for interrupt routing
Mar  2 07:57:50 ip-172-31-34-102 kernel: PCI: Using host bridge windows from ACPI; if necessary, use "pci=nocrs" and report a bug
Mar  2 07:57:50 ip-172-31-34-102 kernel: ACPI: Enabled 2 GPEs in block 00 to 0F
Mar  2 07:57:50 ip-172-31-34-102 kernel: ACPI: PCI Root Bridge [PCI0] (domain 0000 [bus 00-ff])
Mar  2 07:57:50 ip-172-31-34-102 kernel: acpi PNP0A03:00: _OSC: OS supports [ASPM ClockPM Segments MSI EDR HPX-Type3]
Mar  2 07:57:50 ip-172-31-34-102 kernel: acpi PNP0A03:00: fail to add MMCONFIG information, can't access extended PCI configuration space under this bridge.
Mar  2 07:57:50 ip-172-31-34-102 kernel: acpiphp: Slot [0] registered
Mar  2 07:57:50 ip-172-31-34-102 kernel: acpiphp: Slot [3] registered
Mar  2 07:57:50 ip-172-31-34-102 kernel: acpiphp: Slot [4] registered
Mar  2 07:57:50 ip-172-31-34-102 kernel: acpiphp: Slot [5] registered
Mar  2 07:57:50 ip-172-31-34-102 kernel: acpiphp: Slot [6] registered
Mar  2 07:57:50 ip-172-31-34-102 kernel: acpiphp: Slot [7] registered
Mar  2 07:57:50 ip-172-31-34-102 kernel: acpiphp: Slot [8] registered
Mar  2 07:57:50 ip-172-31-34-102 kernel: acpiphp: Slot [9] registered
Mar  2 07:57:50 ip-172-31-34-102 kernel: acpiphp: Slot [10] registered
Mar  2 07:57:50 ip-172-31-34-102 kernel: acpiphp: Slot [11] registered
Mar  2 07:57:50 ip-172-31-34-102 kernel: acpiphp: Slot [12] registered
Mar  2 07:57:50 ip-172-31-34-102 kernel: acpiphp: Slot [13] registered
Mar  2 07:57:50 ip-172-31-34-102 kernel: acpiphp: Slot [14] registered
Mar  2 07:57:50 ip-172-31-34-102 kernel: acpiphp: Slot [15] registered
Mar  2 07:57:50 ip-172-31-34-102 kernel: acpiphp: Slot [16] registered
Mar  2 07:57:50 ip-172-31-34-102 kernel: acpiphp: Slot [17] registered
Mar  2 07:57:50 ip-172-31-34-102 kernel: acpiphp: Slot [18] registered
Mar  2 07:57:50 ip-172-31-34-102 kernel: acpiphp: Slot [19] registered
Mar  2 07:57:50 ip-172-31-34-102 kernel: acpiphp: Slot [20] registered
Mar  2 07:57:50 ip-172-31-34-102 kernel: acpiphp: Slot [21] registered
Mar  2 07:57:50 ip-172-31-34-102 kernel: acpiphp: Slot [22] registered
Mar  2 07:57:50 ip-172-31-34-102 kernel: acpiphp: Slot [23] registered
Mar  2 07:57:50 ip-172-31-34-102 kernel: acpiphp: Slot [24] registered
Mar  2 07:57:50 ip-172-31-34-102 kernel: acpiphp: Slot [25] registered
Mar  2 07:57:50 ip-172-31-34-102 kernel: acpiphp: Slot [26] registered
Mar  2 07:57:50 ip-172-31-34-102 kernel: acpiphp: Slot [27] registered
Mar  2 07:57:50 ip-172-31-34-102 kernel: acpiphp: Slot [28] registered
Mar  2 07:57:50 ip-172-31-34-102 kernel: acpiphp: Slot [29] registered
Mar  2 07:57:50 ip-172-31-34-102 kernel: acpiphp: Slot [30] registered
Mar  2 07:57:50 ip-172-31-34-102 kernel: acpiphp: Slot [31] registered
Mar  2 07:57:50 ip-172-31-34-102 kernel: PCI host bridge to bus 0000:00
Mar  2 07:57:50 ip-172-31-34-102 kernel: pci_bus 0000:00: root bus resource [io  0x0000-0x0cf7 window]
Mar  2 07:57:50 ip-172-31-34-102 kernel: pci_bus 0000:00: root bus resource [io  0x0d00-0xffff window]
Mar  2 07:57:50 ip-172-31-34-102 kernel: pci_bus 0000:00: root bus resource [mem 0x000a0000-0x000bffff window]
Mar  2 07:57:50 ip-172-31-34-102 kernel: pci_bus 0000:00: root bus resource [mem 0xf0000000-0xfbffffff window]
Mar  2 07:57:50 ip-172-31-34-102 kernel: pci_bus 0000:00: root bus resource [bus 00-ff]
Mar  2 07:57:50 ip-172-31-34-102 kernel: pci 0000:00:00.0: [8086:1237] type 00 class 0x060000
Mar  2 07:57:50 ip-172-31-34-102 kernel: pci 0000:00:01.0: [8086:7000] type 00 class 0x060100
Mar  2 07:57:50 ip-172-31-34-102 kernel: pci 0000:00:01.1: [8086:7010] type 00 class 0x010180
Mar  2 07:57:50 ip-172-31-34-102 kernel: pci 0000:00:01.1: reg 0x20: [io  0xc100-0xc10f]
Mar  2 07:57:50 ip-172-31-34-102 kernel: pci 0000:00:01.1: legacy IDE quirk: reg 0x10: [io  0x01f0-0x01f7]
Mar  2 07:57:50 ip-172-31-34-102 kernel: pci 0000:00:01.1: legacy IDE quirk: reg 0x14: [io  0x03f6]
Mar  2 07:57:50 ip-172-31-34-102 kernel: pci 0000:00:01.1: legacy IDE quirk: reg 0x18: [io  0x0170-0x0177]
Mar  2 07:57:50 ip-172-31-34-102 kernel: pci 0000:00:01.1: legacy IDE quirk: reg 0x1c: [io  0x0376]
Mar  2 07:57:50 ip-172-31-34-102 kernel: pci 0000:00:01.3: [8086:7113] type 00 class 0x068000
Mar  2 07:57:50 ip-172-31-34-102 kernel: * Found PM-Timer Bug on the chipset. Due to workarounds for a bug,#012* this clock source is slow. Consider trying other clock sources
Mar  2 07:57:50 ip-172-31-34-102 kernel: pci 0000:00:01.3: quirk: [io  0xb000-0xb03f] claimed by PIIX4 ACPI
Mar  2 07:57:50 ip-172-31-34-102 kernel: pci 0000:00:02.0: [1013:00b8] type 00 class 0x030000
Mar  2 07:57:50 ip-172-31-34-102 kernel: pci 0000:00:02.0: reg 0x10: [mem 0xf0000000-0xf1ffffff pref]
Mar  2 07:57:50 ip-172-31-34-102 kernel: pci 0000:00:02.0: reg 0x14: [mem 0xf3000000-0xf3000fff]
Mar  2 07:57:50 ip-172-31-34-102 kernel: pci 0000:00:03.0: [5853:0001] type 00 class 0xff8000
Mar  2 07:57:50 ip-172-31-34-102 kernel: pci 0000:00:03.0: reg 0x10: [io  0xc000-0xc0ff]
Mar  2 07:57:50 ip-172-31-34-102 kernel: pci 0000:00:03.0: reg 0x14: [mem 0xf2000000-0xf2ffffff pref]
Mar  2 07:57:50 ip-172-31-34-102 kernel: ACPI: PCI Interrupt Link [LNKA] (IRQs *5 10 11)
Mar  2 07:57:50 ip-172-31-34-102 kernel: ACPI: PCI Interrupt Link [LNKB] (IRQs 5 *10 11)
Mar  2 07:57:50 ip-172-31-34-102 kernel: ACPI: PCI Interrupt Link [LNKC] (IRQs 5 10 *11)
Mar  2 07:57:50 ip-172-31-34-102 kernel: ACPI: PCI Interrupt Link [LNKD] (IRQs *5 10 11)
Mar  2 07:57:50 ip-172-31-34-102 kernel: xen:balloon: Initialising balloon driver
Mar  2 07:57:50 ip-172-31-34-102 kernel: iommu: Default domain type: Passthrough 
Mar  2 07:57:50 ip-172-31-34-102 kernel: pci 0000:00:02.0: vgaarb: setting as boot VGA device
Mar  2 07:57:50 ip-172-31-34-102 kernel: pci 0000:00:02.0: vgaarb: VGA device added: decodes=io+mem,owns=io+mem,locks=none
Mar  2 07:57:50 ip-172-31-34-102 kernel: pci 0000:00:02.0: vgaarb: bridge control possible
Mar  2 07:57:50 ip-172-31-34-102 kernel: vgaarb: loaded
Mar  2 07:57:50 ip-172-31-34-102 kernel: SCSI subsystem initialized
Mar  2 07:57:50 ip-172-31-34-102 kernel: ACPI: bus type USB registered
Mar  2 07:57:50 ip-172-31-34-102 kernel: usbcore: registered new interface driver usbfs
Mar  2 07:57:50 ip-172-31-34-102 kernel: usbcore: registered new interface driver hub
Mar  2 07:57:50 ip-172-31-34-102 kernel: usbcore: registered new device driver usb
Mar  2 07:57:50 ip-172-31-34-102 kernel: pps_core: LinuxPPS API ver. 1 registered
Mar  2 07:57:50 ip-172-31-34-102 kernel: pps_core: Software ver. 5.3.6 - Copyright 2005-2007 Rodolfo Giometti <giometti@linux.it>
Mar  2 07:57:50 ip-172-31-34-102 kernel: PTP clock support registered
Mar  2 07:57:50 ip-172-31-34-102 kernel: EDAC MC: Ver: 3.0.0
Mar  2 07:57:50 ip-172-31-34-102 kernel: PCI: Using ACPI for IRQ routing
Mar  2 07:57:50 ip-172-31-34-102 kernel: NetLabel: Initializing
Mar  2 07:57:50 ip-172-31-34-102 kernel: NetLabel:  domain hash size = 128
Mar  2 07:57:50 ip-172-31-34-102 kernel: NetLabel:  protocols = UNLABELED CIPSOv4 CALIPSO
Mar  2 07:57:50 ip-172-31-34-102 kernel: NetLabel:  unlabeled traffic allowed by default
Mar  2 07:57:50 ip-172-31-34-102 kernel: HPET: 3 timers in total, 0 timers will be used for per-cpu timer
Mar  2 07:57:50 ip-172-31-34-102 kernel: hpet0: at MMIO 0xfed00000, IRQs 2, 8, 0
Mar  2 07:57:50 ip-172-31-34-102 kernel: hpet0: 3 comparators, 64-bit 62.500000 MHz counter
Mar  2 07:57:50 ip-172-31-34-102 kernel: clocksource: Switched to clocksource xen
Mar  2 07:57:50 ip-172-31-34-102 kernel: VFS: Disk quotas dquot_6.6.0
Mar  2 07:57:50 ip-172-31-34-102 kernel: VFS: Dquot-cache hash table entries: 512 (order 0, 4096 bytes)
Mar  2 07:57:50 ip-172-31-34-102 kernel: pnp: PnP ACPI init
Mar  2 07:57:50 ip-172-31-34-102 kernel: system 00:00: [mem 0x00000000-0x0009ffff] could not be reserved
Mar  2 07:57:50 ip-172-31-34-102 kernel: system 00:01: [io  0x08a0-0x08a3] has been reserved
Mar  2 07:57:50 ip-172-31-34-102 kernel: system 00:01: [io  0x0cc0-0x0ccf] has been reserved
Mar  2 07:57:50 ip-172-31-34-102 kernel: system 00:01: [io  0x04d0-0x04d1] has been reserved
Mar  2 07:57:50 ip-172-31-34-102 kernel: system 00:07: [io  0x10c0-0x1141] has been reserved
Mar  2 07:57:50 ip-172-31-34-102 kernel: system 00:07: [io  0xb044-0xb047] has been reserved
Mar  2 07:57:50 ip-172-31-34-102 kernel: pnp: PnP ACPI: found 8 devices
Mar  2 07:57:50 ip-172-31-34-102 kernel: clocksource: acpi_pm: mask: 0xffffff max_cycles: 0xffffff, max_idle_ns: 2085701024 ns
Mar  2 07:57:50 ip-172-31-34-102 kernel: pci_bus 0000:00: resource 4 [io  0x0000-0x0cf7 window]
Mar  2 07:57:50 ip-172-31-34-102 kernel: pci_bus 0000:00: resource 5 [io  0x0d00-0xffff window]
Mar  2 07:57:50 ip-172-31-34-102 kernel: pci_bus 0000:00: resource 6 [mem 0x000a0000-0x000bffff window]
Mar  2 07:57:50 ip-172-31-34-102 kernel: pci_bus 0000:00: resource 7 [mem 0xf0000000-0xfbffffff window]
Mar  2 07:57:50 ip-172-31-34-102 kernel: NET: Registered protocol family 2
Mar  2 07:57:50 ip-172-31-34-102 kernel: tcp_listen_portaddr_hash hash table entries: 512 (order: 1, 8192 bytes)
Mar  2 07:57:50 ip-172-31-34-102 kernel: TCP established hash table entries: 8192 (order: 4, 65536 bytes)
Mar  2 07:57:50 ip-172-31-34-102 kernel: TCP bind hash table entries: 8192 (order: 5, 131072 bytes)
Mar  2 07:57:50 ip-172-31-34-102 kernel: TCP: Hash tables configured (established 8192 bind 8192)
Mar  2 07:57:50 ip-172-31-34-102 kernel: UDP hash table entries: 512 (order: 2, 16384 bytes)
Mar  2 07:57:50 ip-172-31-34-102 kernel: UDP-Lite hash table entries: 512 (order: 2, 16384 bytes)
Mar  2 07:57:50 ip-172-31-34-102 kernel: NET: Registered protocol family 1
Mar  2 07:57:50 ip-172-31-34-102 kernel: NET: Registered protocol family 44
Mar  2 07:57:50 ip-172-31-34-102 kernel: pci 0000:00:00.0: Limiting direct PCI/PCI transfers
Mar  2 07:57:50 ip-172-31-34-102 kernel: pci 0000:00:01.0: PIIX3: Enabling Passive Release
Mar  2 07:57:50 ip-172-31-34-102 kernel: pci 0000:00:01.0: Activating ISA DMA hang workarounds
Mar  2 07:57:50 ip-172-31-34-102 kernel: pci 0000:00:01.0: quirk_isa_dma_hangs+0x0/0x30 took 11287 usecs
Mar  2 07:57:50 ip-172-31-34-102 kernel: pci 0000:00:02.0: Video device with shadowed ROM at [mem 0x000c0000-0x000dffff]
Mar  2 07:57:50 ip-172-31-34-102 kernel: pci 0000:00:02.0: pci_fixup_video+0x0/0x110 took 11005 usecs
Mar  2 07:57:50 ip-172-31-34-102 kernel: PCI: CLS 0 bytes, default 64
Mar  2 07:57:50 ip-172-31-34-102 kernel: Unpacking initramfs...
Mar  2 07:57:50 ip-172-31-34-102 kernel: Freeing initrd memory: 44580K
Mar  2 07:57:50 ip-172-31-34-102 kernel: Initialise system trusted keyrings
Mar  2 07:57:50 ip-172-31-34-102 kernel: Key type blacklist registered
Mar  2 07:57:50 ip-172-31-34-102 kernel: workingset: timestamp_bits=36 max_order=18 bucket_order=0
Mar  2 07:57:50 ip-172-31-34-102 kernel: zbud: loaded
Mar  2 07:57:50 ip-172-31-34-102 kernel: pstore: using deflate compression
Mar  2 07:57:50 ip-172-31-34-102 kernel: Platform Keyring initialized
Mar  2 07:57:50 ip-172-31-34-102 kernel: NET: Registered protocol family 38
Mar  2 07:57:50 ip-172-31-34-102 kernel: Key type asymmetric registered
Mar  2 07:57:50 ip-172-31-34-102 kernel: Asymmetric key parser 'x509' registered
Mar  2 07:57:50 ip-172-31-34-102 kernel: Block layer SCSI generic (bsg) driver version 0.4 loaded (major 247)
Mar  2 07:57:50 ip-172-31-34-102 kernel: io scheduler mq-deadline registered
Mar  2 07:57:50 ip-172-31-34-102 kernel: io scheduler kyber registered
Mar  2 07:57:50 ip-172-31-34-102 kernel: io scheduler bfq registered
Mar  2 07:57:50 ip-172-31-34-102 kernel: atomic64_test: passed for x86-64 platform with CX8 and with SSE
Mar  2 07:57:50 ip-172-31-34-102 kernel: shpchp: Standard Hot Plug PCI Controller Driver version: 0.4
Mar  2 07:57:50 ip-172-31-34-102 kernel: input: Power Button as /devices/LNXSYSTM:00/LNXPWRBN:00/input/input0
Mar  2 07:57:50 ip-172-31-34-102 kernel: ACPI: Power Button [PWRF]
Mar  2 07:57:50 ip-172-31-34-102 kernel: input: Sleep Button as /devices/LNXSYSTM:00/LNXSLPBN:00/input/input1
Mar  2 07:57:50 ip-172-31-34-102 kernel: ACPI: Sleep Button [SLPF]
Mar  2 07:57:50 ip-172-31-34-102 kernel: xen:grant_table: Grant tables using version 1 layout
Mar  2 07:57:50 ip-172-31-34-102 kernel: Grant table initialized
Mar  2 07:57:50 ip-172-31-34-102 kernel: Cannot get hvm parameter CONSOLE_EVTCHN (18): -22!
Mar  2 07:57:50 ip-172-31-34-102 kernel: Serial: 8250/16550 driver, 4 ports, IRQ sharing enabled
Mar  2 07:57:50 ip-172-31-34-102 kernel: 00:06: ttyS0 at I/O 0x3f8 (irq = 4, base_baud = 115200) is a 16550A
Mar  2 07:57:50 ip-172-31-34-102 kernel: Non-volatile memory driver v1.3
Mar  2 07:57:50 ip-172-31-34-102 kernel: rdac: device handler registered
Mar  2 07:57:50 ip-172-31-34-102 kernel: hp_sw: device handler registered
Mar  2 07:57:50 ip-172-31-34-102 kernel: emc: device handler registered
Mar  2 07:57:50 ip-172-31-34-102 kernel: alua: device handler registered
Mar  2 07:57:50 ip-172-31-34-102 kernel: libphy: Fixed MDIO Bus: probed
Mar  2 07:57:50 ip-172-31-34-102 kernel: ehci_hcd: USB 2.0 'Enhanced' Host Controller (EHCI) Driver
Mar  2 07:57:50 ip-172-31-34-102 kernel: ehci-pci: EHCI PCI platform driver
Mar  2 07:57:50 ip-172-31-34-102 kernel: ohci_hcd: USB 1.1 'Open' Host Controller (OHCI) Driver
Mar  2 07:57:50 ip-172-31-34-102 kernel: ohci-pci: OHCI PCI platform driver
Mar  2 07:57:50 ip-172-31-34-102 kernel: uhci_hcd: USB Universal Host Controller Interface driver
Mar  2 07:57:50 ip-172-31-34-102 kernel: usbcore: registered new interface driver usbserial_generic
Mar  2 07:57:50 ip-172-31-34-102 kernel: usbserial: USB Serial support registered for generic
Mar  2 07:57:50 ip-172-31-34-102 kernel: i8042: PNP: PS/2 Controller [PNP0303:PS2K,PNP0f13:PS2M] at 0x60,0x64 irq 1,12
Mar  2 07:57:50 ip-172-31-34-102 kernel: serio: i8042 KBD port at 0x60,0x64 irq 1
Mar  2 07:57:50 ip-172-31-34-102 kernel: serio: i8042 AUX port at 0x60,0x64 irq 12
Mar  2 07:57:50 ip-172-31-34-102 kernel: mousedev: PS/2 mouse device common for all mice
Mar  2 07:57:50 ip-172-31-34-102 kernel: input: AT Translated Set 2 keyboard as /devices/platform/i8042/serio0/input/input2
Mar  2 07:57:50 ip-172-31-34-102 kernel: rtc_cmos 00:02: registered as rtc0
Mar  2 07:57:50 ip-172-31-34-102 kernel: rtc_cmos 00:02: alarms up to one day, 114 bytes nvram, hpet irqs
Mar  2 07:57:50 ip-172-31-34-102 kernel: intel_pstate: CPU model not supported
Mar  2 07:57:50 ip-172-31-34-102 kernel: hidraw: raw HID events driver (C) Jiri Kosina
Mar  2 07:57:50 ip-172-31-34-102 kernel: usbcore: registered new interface driver usbhid
Mar  2 07:57:50 ip-172-31-34-102 kernel: usbhid: USB HID core driver
Mar  2 07:57:50 ip-172-31-34-102 kernel: drop_monitor: Initializing network drop monitor service
Mar  2 07:57:50 ip-172-31-34-102 kernel: Initializing XFRM netlink socket
Mar  2 07:57:50 ip-172-31-34-102 kernel: NET: Registered protocol family 10
Mar  2 07:57:50 ip-172-31-34-102 kernel: Segment Routing with IPv6
Mar  2 07:57:50 ip-172-31-34-102 kernel: NET: Registered protocol family 17
Mar  2 07:57:50 ip-172-31-34-102 kernel: mpls_gso: MPLS GSO support
Mar  2 07:57:50 ip-172-31-34-102 kernel: core: Using 2 MCE banks
Mar  2 07:57:50 ip-172-31-34-102 kernel: resctrl: L3 allocation detected
Mar  2 07:57:50 ip-172-31-34-102 kernel: AVX2 version of gcm_enc/dec engaged.
Mar  2 07:57:50 ip-172-31-34-102 kernel: AES CTR mode by8 optimization enabled
Mar  2 07:57:50 ip-172-31-34-102 kernel: sched_clock: Marking stable (1688056123, 0)->(12502208852, -10814152729)
Mar  2 07:57:50 ip-172-31-34-102 kernel: registered taskstats version 1
Mar  2 07:57:50 ip-172-31-34-102 kernel: Loading compiled-in X.509 certificates
Mar  2 07:57:50 ip-172-31-34-102 kernel: Loaded X.509 cert 'Red Hat Enterprise Linux kernel signing key: 4c32163caad5c99c53fd10b502a69e776b91033f'
Mar  2 07:57:50 ip-172-31-34-102 kernel: Loaded X.509 cert 'Red Hat Enterprise Linux Driver Update Program (key 3): bf57f3e87362bc7229d9f465321773dfd1f77a80'
Mar  2 07:57:50 ip-172-31-34-102 kernel: Loaded X.509 cert 'Red Hat Enterprise Linux kpatch signing key: 4d38fd864ebe18c5f0b72e3852e2014c3a676fc8'
Mar  2 07:57:50 ip-172-31-34-102 kernel: zswap: loaded using pool lzo/zbud
Mar  2 07:57:50 ip-172-31-34-102 kernel: page_owner is disabled
Mar  2 07:57:50 ip-172-31-34-102 kernel: Key type big_key registered
Mar  2 07:57:50 ip-172-31-34-102 kernel: Key type encrypted registered
Mar  2 07:57:50 ip-172-31-34-102 kernel: ima: No TPM chip found, activating TPM-bypass!
Mar  2 07:57:50 ip-172-31-34-102 kernel: ima: Allocated hash algorithm: sha1
Mar  2 07:57:50 ip-172-31-34-102 kernel: ima: No architecture policies found
Mar  2 07:57:50 ip-172-31-34-102 kernel: evm: Initialising EVM extended attributes:
Mar  2 07:57:50 ip-172-31-34-102 kernel: evm: security.selinux
Mar  2 07:57:50 ip-172-31-34-102 kernel: evm: security.ima
Mar  2 07:57:50 ip-172-31-34-102 kernel: evm: security.capability
Mar  2 07:57:50 ip-172-31-34-102 kernel: evm: HMAC attrs: 0x1
Mar  2 07:57:50 ip-172-31-34-102 kernel: xenbus_probe_frontend: Device with no driver: device/vbd/768
Mar  2 07:57:50 ip-172-31-34-102 kernel: xenbus_probe_frontend: Device with no driver: device/vif/0
Mar  2 07:57:50 ip-172-31-34-102 kernel: rtc_cmos 00:02: setting system clock to 2021-03-02 07:57:49 UTC (1614671869)
Mar  2 07:57:50 ip-172-31-34-102 kernel: Freeing unused decrypted memory: 2040K
Mar  2 07:57:50 ip-172-31-34-102 kernel: Freeing unused kernel memory: 2432K
Mar  2 07:57:50 ip-172-31-34-102 kernel: Write protecting the kernel read-only data: 18432k
Mar  2 07:57:50 ip-172-31-34-102 kernel: Freeing unused kernel memory: 2016K
Mar  2 07:57:50 ip-172-31-34-102 kernel: Freeing unused kernel memory: 136K
Mar  2 07:57:50 ip-172-31-34-102 systemd[1]: systemd 239 (239-41.el8_3) running in system mode. (+PAM +AUDIT +SELINUX +IMA -APPARMOR +SMACK +SYSVINIT +UTMP +LIBCRYPTSETUP +GCRYPT +GNUTLS +ACL +XZ +LZ4 +SECCOMP +BLKID +ELFUTILS +KMOD +IDN2 -IDN +PCRE2 default-hierarchy=legacy)
Mar  2 07:57:50 ip-172-31-34-102 systemd[1]: Detected virtualization xen.
Mar  2 07:57:50 ip-172-31-34-102 systemd[1]: Detected architecture x86-64.
Mar  2 07:57:50 ip-172-31-34-102 systemd[1]: Running in initial RAM disk.
Mar  2 07:57:50 ip-172-31-34-102 systemd[1]: No hostname configured.
Mar  2 07:57:50 ip-172-31-34-102 systemd[1]: Set hostname to <localhost>.
Mar  2 07:57:50 ip-172-31-34-102 systemd[1]: Initializing machine ID from random generator.
Mar  2 07:57:50 ip-172-31-34-102 systemd[1]: Reached target Swap.
Mar  2 07:57:50 ip-172-31-34-102 systemd[1]: Listening on Journal Socket (/dev/log).
Mar  2 07:57:50 ip-172-31-34-102 systemd[1]: Listening on Journal Socket.
Mar  2 07:57:50 ip-172-31-34-102 kernel: tsc: Refined TSC clocksource calibration: 2400.004 MHz
Mar  2 07:57:50 ip-172-31-34-102 kernel: clocksource: tsc: mask: 0xffffffffffffffff max_cycles: 0x22983b44418, max_idle_ns: 440795259572 ns
Mar  2 07:57:50 ip-172-31-34-102 kernel: input: ImExPS/2 Generic Explorer Mouse as /devices/platform/i8042/serio1/input/input4
Mar  2 07:57:50 ip-172-31-34-102 kernel: device-mapper: uevent: version 1.0.3
Mar  2 07:57:50 ip-172-31-34-102 kernel: device-mapper: ioctl: 4.42.0-ioctl (2020-02-27) initialised: dm-devel@redhat.com
Mar  2 07:57:50 ip-172-31-34-102 systemd-journald[268]: Journal started
Mar  2 07:57:50 ip-172-31-34-102 systemd-journald[268]: Runtime journal (/run/log/journal/aa9a7059c0444436a14ee388c7ad92ae) is 5.0M, max 40.2M, 35.2M free.
Mar  2 07:57:50 ip-172-31-34-102 rngd[285]: Initializing available sources
Mar  2 07:57:50 ip-172-31-34-102 rngd[285]: Failed to init entropy source hwrng
Mar  2 07:57:50 ip-172-31-34-102 rngd[285]: Enabling RDRAND rng support
Mar  2 07:57:50 ip-172-31-34-102 rngd[285]: Initializing entropy source rdrand
Mar  2 07:57:50 ip-172-31-34-102 dracut-cmdline[294]: dracut-8.3 (Ootpa) dracut-049-95.git20200804.el8
Mar  2 07:57:50 ip-172-31-34-102 dracut-cmdline[294]: Using kernel command line parameters: BOOT_IMAGE=(hd0,gpt2)/boot/vmlinuz-4.18.0-240.1.1.el8_3.x86_64 root=UUID=949779ce-46aa-434e-8eb0-852514a5d69e ro console=ttyS0,115200n8 console=tty0 net.ifnames=0 rd.blacklist=nouveau nvme_core.io_timeout=4294967295 crashkernel=auto
Mar  2 07:57:51 ip-172-31-34-102 systemd-udevd[388]: Network interface NamePolicy= disabled on kernel command line, ignoring.
Mar  2 07:57:51 ip-172-31-34-102 systemd[1]: Started udev Kernel Device Manager.
Mar  2 07:57:51 ip-172-31-34-102 systemd[1]: Starting udev Coldplug all Devices...
Mar  2 07:57:51 ip-172-31-34-102 systemd[1]: Mounting Kernel Configuration File System...
Mar  2 07:57:51 ip-172-31-34-102 systemd[1]: Mounted Kernel Configuration File System.
Mar  2 07:57:51 ip-172-31-34-102 systemd[1]: Started udev Coldplug all Devices.
Mar  2 07:57:51 ip-172-31-34-102 systemd[1]: Starting dracut initqueue hook...
Mar  2 07:57:51 ip-172-31-34-102 systemd[1]: Reached target System Initialization.
Mar  2 07:57:51 ip-172-31-34-102 systemd[1]: Reached target Basic System.
Mar  2 07:57:51 ip-172-31-34-102 kernel: xen_netfront: Initialising Xen virtual ethernet driver
Mar  2 07:57:51 ip-172-31-34-102 systemd-udevd[449]: link_config: autonegotiation is unset or enabled, the speed and duplex are not writable.
Mar  2 07:57:51 ip-172-31-34-102 kernel: Invalid max_queues (4), will use default max: 1.
Mar  2 07:57:51 ip-172-31-34-102 kernel: scsi host0: ata_piix
Mar  2 07:57:51 ip-172-31-34-102 kernel: blkfront: xvda: barrier or flush: disabled; persistent grants: disabled; indirect descriptors: enabled;
Mar  2 07:57:52 ip-172-31-34-102 kernel: scsi host1: ata_piix
Mar  2 07:57:52 ip-172-31-34-102 kernel: ata1: PATA max MWDMA2 cmd 0x1f0 ctl 0x3f6 bmdma 0xc100 irq 14
Mar  2 07:57:52 ip-172-31-34-102 kernel: ata2: PATA max MWDMA2 cmd 0x170 ctl 0x376 bmdma 0xc108 irq 15
Mar  2 07:57:52 ip-172-31-34-102 kernel: xvda: xvda1 xvda2
Mar  2 07:57:52 ip-172-31-34-102 systemd-udevd[450]: link_config: autonegotiation is unset or enabled, the speed and duplex are not writable.
Mar  2 07:57:52 ip-172-31-34-102 systemd[1]: Found device /dev/disk/by-uuid/949779ce-46aa-434e-8eb0-852514a5d69e.
Mar  2 07:57:52 ip-172-31-34-102 systemd[1]: Reached target Initrd Root Device.
Mar  2 07:57:52 ip-172-31-34-102 systemd[1]: Started dracut initqueue hook.
Mar  2 07:57:52 ip-172-31-34-102 systemd[1]: Starting File System Check on /dev/disk/by-uuid/949779ce-46aa-434e-8eb0-852514a5d69e...
Mar  2 07:57:52 ip-172-31-34-102 systemd[1]: Reached target Remote File Systems (Pre).
Mar  2 07:57:52 ip-172-31-34-102 systemd[1]: Reached target Remote File Systems.
Mar  2 07:57:52 ip-172-31-34-102 systemd-fsck[482]: /usr/sbin/fsck.xfs: XFS file system.
Mar  2 07:57:52 ip-172-31-34-102 systemd[1]: Started File System Check on /dev/disk/by-uuid/949779ce-46aa-434e-8eb0-852514a5d69e.
Mar  2 07:57:52 ip-172-31-34-102 systemd[1]: Mounting /sysroot...
Mar  2 07:57:52 ip-172-31-34-102 kernel: SGI XFS with ACLs, security attributes, no debug enabled
Mar  2 07:57:52 ip-172-31-34-102 kernel: XFS (xvda2): Mounting V5 Filesystem
Mar  2 07:57:53 ip-172-31-34-102 kernel: XFS (xvda2): Ending clean mount
Mar  2 07:57:53 ip-172-31-34-102 systemd[1]: Mounted /sysroot.
Mar  2 07:57:53 ip-172-31-34-102 systemd[1]: Reached target Initrd Root File System.
Mar  2 07:57:54 ip-172-31-34-102 systemd[1]: Starting Reload Configuration from the Real Root...
Mar  2 07:57:54 ip-172-31-34-102 systemd[1]: Reloading.
Mar  2 07:57:54 ip-172-31-34-102 systemd[1]: initrd-parse-etc.service: Succeeded.
Mar  2 07:57:54 ip-172-31-34-102 systemd[1]: Started Reload Configuration from the Real Root.
Mar  2 07:57:54 ip-172-31-34-102 systemd[1]: Reached target Initrd File Systems.
Mar  2 07:57:54 ip-172-31-34-102 systemd[1]: Reached target Initrd Default Target.
Mar  2 07:57:54 ip-172-31-34-102 systemd[1]: Starting dracut pre-pivot and cleanup hook...
Mar  2 07:57:54 ip-172-31-34-102 systemd[1]: Started dracut pre-pivot and cleanup hook.
Mar  2 07:57:54 ip-172-31-34-102 systemd[1]: Starting Cleaning Up and Shutting Down Daemons...
Mar  2 07:57:54 ip-172-31-34-102 systemd[1]: Stopped target Timers.
Mar  2 07:57:54 ip-172-31-34-102 systemd[1]: dracut-pre-pivot.service: Succeeded.
Mar  2 07:57:54 ip-172-31-34-102 systemd[1]: Stopped dracut pre-pivot and cleanup hook.
Mar  2 07:57:54 ip-172-31-34-102 systemd[1]: Stopped target Initrd Default Target.
Mar  2 07:57:54 ip-172-31-34-102 systemd[1]: Stopped target Initrd Root Device.
Mar  2 07:57:54 ip-172-31-34-102 systemd[1]: Stopped target Basic System.
Mar  2 07:57:54 ip-172-31-34-102 systemd[1]: Stopped target Sockets.
Mar  2 07:57:54 ip-172-31-34-102 systemd[1]: Stopped target System Initialization.
Mar  2 07:57:54 ip-172-31-34-102 systemd[1]: Stopped target Swap.
Mar  2 07:57:54 ip-172-31-34-102 systemd[1]: systemd-sysctl.service: Succeeded.
Mar  2 07:57:54 ip-172-31-34-102 systemd[1]: Stopped Apply Kernel Variables.
Mar  2 07:57:54 ip-172-31-34-102 systemd[1]: systemd-tmpfiles-setup.service: Succeeded.
Mar  2 07:57:54 ip-172-31-34-102 systemd[1]: Stopped Create Volatile Files and Directories.
Mar  2 07:57:54 ip-172-31-34-102 systemd[1]: Stopped target Local File Systems.
Mar  2 07:57:54 ip-172-31-34-102 systemd[1]: Stopped target Local Encrypted Volumes.
Mar  2 07:57:54 ip-172-31-34-102 systemd[1]: Stopping udev Kernel Device Manager...
Mar  2 07:57:54 ip-172-31-34-102 systemd[1]: Stopped target Slices.
Mar  2 07:57:54 ip-172-31-34-102 systemd[1]: Stopped target Paths.
Mar  2 07:57:54 ip-172-31-34-102 systemd[1]: systemd-ask-password-console.path: Succeeded.
Mar  2 07:57:54 ip-172-31-34-102 systemd[1]: Stopped Dispatch Password Requests to Console Directory Watch.
Mar  2 07:57:54 ip-172-31-34-102 systemd[1]: Stopped target Remote File Systems.
Mar  2 07:57:54 ip-172-31-34-102 systemd[1]: Stopped target Remote File Systems (Pre).
Mar  2 07:57:54 ip-172-31-34-102 systemd[1]: dracut-initqueue.service: Succeeded.
Mar  2 07:57:54 ip-172-31-34-102 systemd[1]: Stopped dracut initqueue hook.
Mar  2 07:57:54 ip-172-31-34-102 systemd[1]: systemd-udev-trigger.service: Succeeded.
Mar  2 07:57:54 ip-172-31-34-102 systemd[1]: Stopped udev Coldplug all Devices.
Mar  2 07:57:54 ip-172-31-34-102 systemd[1]: systemd-udevd.service: Succeeded.
Mar  2 07:57:54 ip-172-31-34-102 systemd[1]: Stopped udev Kernel Device Manager.
Mar  2 07:57:54 ip-172-31-34-102 systemd[1]: initrd-cleanup.service: Succeeded.
Mar  2 07:57:54 ip-172-31-34-102 systemd[1]: Started Cleaning Up and Shutting Down Daemons.
Mar  2 07:57:54 ip-172-31-34-102 systemd[1]: systemd-tmpfiles-setup-dev.service: Succeeded.
Mar  2 07:57:54 ip-172-31-34-102 systemd[1]: Stopped Create Static Device Nodes in /dev.
Mar  2 07:57:54 ip-172-31-34-102 systemd[1]: kmod-static-nodes.service: Succeeded.
Mar  2 07:57:54 ip-172-31-34-102 systemd[1]: Stopped Create list of required static device nodes for the current kernel.
Mar  2 07:57:54 ip-172-31-34-102 systemd[1]: dracut-pre-udev.service: Succeeded.
Mar  2 07:57:54 ip-172-31-34-102 systemd[1]: Stopped dracut pre-udev hook.
Mar  2 07:57:54 ip-172-31-34-102 systemd[1]: dracut-cmdline.service: Succeeded.
Mar  2 07:57:54 ip-172-31-34-102 systemd[1]: Stopped dracut cmdline hook.
Mar  2 07:57:54 ip-172-31-34-102 systemd[1]: Stopping Hardware RNG Entropy Gatherer Daemon...
Mar  2 07:57:54 ip-172-31-34-102 systemd[1]: systemd-udevd-control.socket: Succeeded.
Mar  2 07:57:54 ip-172-31-34-102 systemd[1]: Closed udev Control Socket.
Mar  2 07:57:54 ip-172-31-34-102 systemd[1]: systemd-udevd-kernel.socket: Succeeded.
Mar  2 07:57:54 ip-172-31-34-102 systemd[1]: Closed udev Kernel Socket.
Mar  2 07:57:54 ip-172-31-34-102 systemd[1]: Starting Cleanup udevd DB...
Mar  2 07:57:54 ip-172-31-34-102 systemd[1]: rngd.service: Succeeded.
Mar  2 07:57:54 ip-172-31-34-102 systemd[1]: Stopped Hardware RNG Entropy Gatherer Daemon.
Mar  2 07:57:54 ip-172-31-34-102 systemd[1]: initrd-udevadm-cleanup-db.service: Succeeded.
Mar  2 07:57:54 ip-172-31-34-102 systemd[1]: Started Cleanup udevd DB.
Mar  2 07:57:54 ip-172-31-34-102 systemd[1]: Reached target Switch Root.
Mar  2 07:57:54 ip-172-31-34-102 systemd[1]: Starting Switch Root...
Mar  2 07:57:54 ip-172-31-34-102 systemd[1]: Switching root.
Mar  2 07:57:54 ip-172-31-34-102 systemd-journald[268]: Journal stopped
Mar  2 07:57:57 ip-172-31-34-102 systemd-journald[268]: Received SIGTERM from PID 1 (systemd).
Mar  2 07:57:57 ip-172-31-34-102 kernel: printk: systemd: 30 output lines suppressed due to ratelimiting
Mar  2 07:57:57 ip-172-31-34-102 kernel: audit: type=1404 audit(1614671875.385:2): enforcing=1 old_enforcing=0 auid=4294967295 ses=4294967295 enabled=1 old-enabled=1 lsm=selinux res=1
Mar  2 07:57:57 ip-172-31-34-102 kernel: SELinux:  policy capability network_peer_controls=1
Mar  2 07:57:57 ip-172-31-34-102 kernel: SELinux:  policy capability open_perms=1
Mar  2 07:57:57 ip-172-31-34-102 kernel: SELinux:  policy capability extended_socket_class=1
Mar  2 07:57:57 ip-172-31-34-102 kernel: SELinux:  policy capability always_check_network=0
Mar  2 07:57:57 ip-172-31-34-102 kernel: SELinux:  policy capability cgroup_seclabel=1
Mar  2 07:57:57 ip-172-31-34-102 kernel: SELinux:  policy capability nnp_nosuid_transition=1
Mar  2 07:57:57 ip-172-31-34-102 kernel: audit: type=1403 audit(1614671876.112:3): auid=4294967295 ses=4294967295 lsm=selinux res=1
Mar  2 07:57:57 ip-172-31-34-102 systemd[1]: Successfully loaded SELinux policy in 739.647ms.
Mar  2 07:57:57 ip-172-31-34-102 systemd[1]: Relabelled /dev, /run and /sys/fs/cgroup in 21.854ms.
Mar  2 07:57:57 ip-172-31-34-102 systemd[1]: systemd 239 (239-41.el8_3) running in system mode. (+PAM +AUDIT +SELINUX +IMA -APPARMOR +SMACK +SYSVINIT +UTMP +LIBCRYPTSETUP +GCRYPT +GNUTLS +ACL +XZ +LZ4 +SECCOMP +BLKID +ELFUTILS +KMOD +IDN2 -IDN +PCRE2 default-hierarchy=legacy)
Mar  2 07:57:57 ip-172-31-34-102 systemd[1]: Detected virtualization xen.
Mar  2 07:57:57 ip-172-31-34-102 systemd[1]: Detected architecture x86-64.
Mar  2 07:57:57 ip-172-31-34-102 systemd[1]: Set hostname to <localhost.localdomain>.
Mar  2 07:57:57 ip-172-31-34-102 systemd[1]: Initializing machine ID from random generator.
Mar  2 07:57:57 ip-172-31-34-102 systemd[1]: Installed transient /etc/machine-id file.
Mar  2 07:57:57 ip-172-31-34-102 systemd[1]: systemd-journald.service: Succeeded.
Mar  2 07:57:57 ip-172-31-34-102 systemd[1]: initrd-switch-root.service: Succeeded.
Mar  2 07:57:57 ip-172-31-34-102 systemd[1]: Stopped Switch Root.
Mar  2 07:57:57 ip-172-31-34-102 systemd[1]: systemd-journald.service: Service has no hold-off time (RestartSec=0), scheduling restart.
Mar  2 07:57:57 ip-172-31-34-102 systemd-journald[601]: Journal started
Mar  2 07:57:57 ip-172-31-34-102 systemd-journald[601]: Runtime journal (/run/log/journal/b486fe3f109f430d995b1ee093897980) is 5.0M, max 40.2M, 35.2M free.
Mar  2 07:57:57 ip-172-31-34-102 systemd[1]: Starting Flush Journal to Persistent Storage...
Mar  2 07:57:57 ip-172-31-34-102 systemd-journald[601]: Runtime journal (/run/log/journal/b486fe3f109f430d995b1ee093897980) is 5.0M, max 40.2M, 35.2M free.
Mar  2 07:57:57 ip-172-31-34-102 systemd[1]: Started Flush Journal to Persistent Storage.
Mar  2 07:57:57 ip-172-31-34-102 systemd[1]: Started Create Static Device Nodes in /dev.
Mar  2 07:57:57 ip-172-31-34-102 systemd[1]: Reached target Local File Systems (Pre).
Mar  2 07:57:57 ip-172-31-34-102 systemd[1]: Reached target Local File Systems.
Mar  2 07:57:57 ip-172-31-34-102 systemd[1]: Starting Rebuild Dynamic Linker Cache...
Mar  2 07:57:57 ip-172-31-34-102 systemd[1]: Starting Restore /run/initramfs on shutdown...
Mar  2 07:57:58 ip-172-31-34-102 systemd[1]: Starting Commit a transient machine-id on disk...
Mar  2 07:57:58 ip-172-31-34-102 systemd[1]: Starting Import network configuration from initramfs...
Mar  2 07:57:58 ip-172-31-34-102 systemd[1]: Starting Rebuild Journal Catalog...
Mar  2 07:57:58 ip-172-31-34-102 systemd[1]: etc-machine\x2did.mount: Succeeded.
Mar  2 07:57:58 ip-172-31-34-102 systemd[1]: Started Restore /run/initramfs on shutdown.
Mar  2 07:57:58 ip-172-31-34-102 systemd[1]: Started Commit a transient machine-id on disk.
Mar  2 07:57:58 ip-172-31-34-102 systemd[1]: Started Rebuild Journal Catalog.
Mar  2 07:57:58 ip-172-31-34-102 systemd[1]: Started Import network configuration from initramfs.
Mar  2 07:57:58 ip-172-31-34-102 systemd[1]: Starting Create Volatile Files and Directories...
Mar  2 07:57:58 ip-172-31-34-102 systemd[1]: Started Create Volatile Files and Directories.
Mar  2 07:57:58 ip-172-31-34-102 systemd[1]: Starting Security Auditing Service...
Mar  2 07:57:58 ip-172-31-34-102 systemd[1]: Started Rebuild Hardware Database.
Mar  2 07:57:58 ip-172-31-34-102 systemd[1]: Starting udev Kernel Device Manager...
Mar  2 07:57:58 ip-172-31-34-102 auditd[656]: No plugins found, not dispatching events
Mar  2 07:57:58 ip-172-31-34-102 auditd[656]: Init complete, auditd 3.0 listening for events (startup state enable)
Mar  2 07:57:58 ip-172-31-34-102 augenrules[659]: No rules
Mar  2 07:57:58 ip-172-31-34-102 augenrules[659]: enabled 1
Mar  2 07:57:58 ip-172-31-34-102 augenrules[659]: failure 1
Mar  2 07:57:58 ip-172-31-34-102 augenrules[659]: pid 656
Mar  2 07:57:58 ip-172-31-34-102 augenrules[659]: rate_limit 0
Mar  2 07:57:58 ip-172-31-34-102 augenrules[659]: backlog_limit 8192
Mar  2 07:57:58 ip-172-31-34-102 augenrules[659]: lost 0
Mar  2 07:57:58 ip-172-31-34-102 augenrules[659]: backlog 4
Mar  2 07:57:58 ip-172-31-34-102 augenrules[659]: backlog_wait_time 60000
Mar  2 07:57:58 ip-172-31-34-102 augenrules[659]: enabled 1
Mar  2 07:57:58 ip-172-31-34-102 augenrules[659]: failure 1
Mar  2 07:57:58 ip-172-31-34-102 augenrules[659]: pid 656
Mar  2 07:57:58 ip-172-31-34-102 augenrules[659]: rate_limit 0
Mar  2 07:57:58 ip-172-31-34-102 augenrules[659]: backlog_limit 8192
Mar  2 07:57:58 ip-172-31-34-102 augenrules[659]: lost 0
Mar  2 07:57:58 ip-172-31-34-102 augenrules[659]: backlog 4
Mar  2 07:57:58 ip-172-31-34-102 augenrules[659]: backlog_wait_time 60000
Mar  2 07:57:58 ip-172-31-34-102 augenrules[659]: enabled 1
Mar  2 07:57:58 ip-172-31-34-102 augenrules[659]: failure 1
Mar  2 07:57:58 ip-172-31-34-102 augenrules[659]: pid 656
Mar  2 07:57:58 ip-172-31-34-102 augenrules[659]: rate_limit 0
Mar  2 07:57:58 ip-172-31-34-102 augenrules[659]: backlog_limit 8192
Mar  2 07:57:58 ip-172-31-34-102 augenrules[659]: lost 0
Mar  2 07:57:58 ip-172-31-34-102 augenrules[659]: backlog 4
Mar  2 07:57:58 ip-172-31-34-102 augenrules[659]: backlog_wait_time 60000
Mar  2 07:57:58 ip-172-31-34-102 systemd[1]: Started Security Auditing Service.
Mar  2 07:57:58 ip-172-31-34-102 systemd[1]: Starting Update UTMP about System Boot/Shutdown...
Mar  2 07:57:58 ip-172-31-34-102 systemd[1]: Started Update UTMP about System Boot/Shutdown.
Mar  2 07:57:58 ip-172-31-34-102 systemd-udevd[655]: Network interface NamePolicy= disabled on kernel command line, ignoring.
Mar  2 07:57:58 ip-172-31-34-102 systemd[1]: Started udev Kernel Device Manager.
Mar  2 07:57:58 ip-172-31-34-102 systemd[1]: Started Rebuild Dynamic Linker Cache.
Mar  2 07:57:58 ip-172-31-34-102 systemd[1]: Starting Update is Completed...
Mar  2 07:57:58 ip-172-31-34-102 systemd[1]: Started Update is Completed.
Mar  2 07:57:58 ip-172-31-34-102 systemd[1]: Reached target System Initialization.
Mar  2 07:57:58 ip-172-31-34-102 kernel: piix4_smbus 0000:00:01.3: SMBus base address uninitialized - upgrade BIOS or use force_addr=0xaddr
Mar  2 07:57:58 ip-172-31-34-102 kernel: input: PC Speaker as /devices/platform/pcspkr/input/input5
Mar  2 07:57:58 ip-172-31-34-102 kernel: RAPL PMU: API unit is 2^-32 Joules, 0 fixed counters, 655360 ms ovfl timer
Mar  2 07:57:58 ip-172-31-34-102 systemd-udevd[699]: link_config: autonegotiation is unset or enabled, the speed and duplex are not writable.
Mar  2 07:57:59 ip-172-31-34-102 systemd-udevd[693]: link_config: autonegotiation is unset or enabled, the speed and duplex are not writable.
Mar  2 07:57:59 ip-172-31-34-102 kernel: EDAC sbridge:  Ver: 1.1.2 
Mar  2 07:57:59 ip-172-31-34-102 systemd[1]: Listening on SSSD Kerberos Cache Manager responder socket.
Mar  2 07:57:59 ip-172-31-34-102 systemd[1]: Listening on D-Bus System Message Bus Socket.
Mar  2 07:57:59 ip-172-31-34-102 systemd[1]: Reached target Sockets.
Mar  2 07:57:59 ip-172-31-34-102 systemd[1]: Reached target Basic System.
Mar  2 07:57:59 ip-172-31-34-102 systemd[1]: Starting Initial cloud-init job (pre-networking)...
Mar  2 07:57:59 ip-172-31-34-102 systemd[1]: Starting OpenSSH rsa Server Key Generation...
Mar  2 07:57:59 ip-172-31-34-102 kernel: cirrus 0000:00:02.0: vgaarb: deactivate vga console
Mar  2 07:57:59 ip-172-31-34-102 kernel: Console: switching to colour dummy device 80x25
Mar  2 07:57:59 ip-172-31-34-102 systemd[1]: Started Daily Cleanup of Temporary Directories.
Mar  2 07:57:59 ip-172-31-34-102 systemd[1]: Started irqbalance daemon.
Mar  2 07:57:59 ip-172-31-34-102 systemd[1]: Started dnf makecache --timer.
Mar  2 07:57:59 ip-172-31-34-102 systemd[1]: Starting NTP client/server...
Mar  2 07:57:59 ip-172-31-34-102 systemd[1]: Starting Authorization Manager...
Mar  2 07:57:59 ip-172-31-34-102 systemd[1]: Started daily update of the root trust anchor for DNSSEC.
Mar  2 07:57:59 ip-172-31-34-102 systemd[1]: Reached target Timers.
Mar  2 07:57:59 ip-172-31-34-102 systemd[1]: Starting OpenSSH ed25519 Server Key Generation...
Mar  2 07:57:59 ip-172-31-34-102 kernel: [drm] Initialized cirrus 2.0.0 2019 for 0000:00:02.0 on minor 0
Mar  2 07:57:59 ip-172-31-34-102 systemd[1]: Starting SYSV: Firstboot runs the first time a cloud instance is booted after installation.  It checks for the existance of an /etc/sysconfig/rh-cloud-firstboot file.  If the file exists and contains RUN_FIRSTBOOT=NO, firstboot will not run.  Otherwise rh-cloud-firstboot will be run....
Mar  2 07:57:59 ip-172-31-34-102 systemd[1]: Starting Hardware RNG Entropy Gatherer Wake threshold service...
Mar  2 07:57:59 ip-172-31-34-102 systemd[1]: Started D-Bus System Message Bus.
Mar  2 07:57:59 ip-172-31-34-102 kernel: fbcon: cirrusdrmfb (fb0) is primary device
Mar  2 07:57:59 ip-172-31-34-102 systemd[1]: Starting OpenSSH ecdsa Server Key Generation...
Mar  2 07:57:59 ip-172-31-34-102 /usr/sbin/irqbalance[721]: Balancing is ineffective on systems with a single cpu.  Shutting down
Mar  2 07:57:59 ip-172-31-34-102 chronyd[741]: chronyd version 3.5 starting (+CMDMON +NTP +REFCLOCK +RTC +PRIVDROP +SCFILTER +SIGND +ASYNCDNS +SECHASH +IPV6 +DEBUG)
Mar  2 07:57:59 ip-172-31-34-102 chronyd[741]: Using right/UTC timezone to obtain leap second data
Mar  2 07:57:59 ip-172-31-34-102 kernel: Console: switching to colour frame buffer device 128x48
Mar  2 07:57:59 ip-172-31-34-102 kernel: cirrus 0000:00:02.0: fb0: cirrusdrmfb frame buffer device
Mar  2 07:57:59 ip-172-31-34-102 systemd[1]: Starting System Security Services Daemon...
Mar  2 07:57:59 ip-172-31-34-102 systemd[1]: irqbalance.service: Succeeded.
Mar  2 07:57:59 ip-172-31-34-102 systemd[1]: sshd-keygen@ed25519.service: Succeeded.
Mar  2 07:57:59 ip-172-31-34-102 systemd[1]: Started OpenSSH ed25519 Server Key Generation.
Mar  2 07:57:59 ip-172-31-34-102 systemd[1]: Started Hardware RNG Entropy Gatherer Wake threshold service.
Mar  2 07:57:59 ip-172-31-34-102 systemd[1]: sshd-keygen@ecdsa.service: Succeeded.
Mar  2 07:57:59 ip-172-31-34-102 systemd[1]: Started OpenSSH ecdsa Server Key Generation.
Mar  2 07:57:59 ip-172-31-34-102 dbus-daemon[728]: [system] Successfully activated service 'org.freedesktop.systemd1'
Mar  2 07:57:59 ip-172-31-34-102 polkitd[723]: Started polkitd version 0.115
Mar  2 07:57:59 ip-172-31-34-102 systemd[1]: Started Hardware RNG Entropy Gatherer Daemon.
Mar  2 07:57:59 ip-172-31-34-102 systemd[1]: Started NTP client/server.
Mar  2 07:57:59 ip-172-31-34-102 rngd[766]: Initializing available sources
Mar  2 07:57:59 ip-172-31-34-102 rngd[766]: Failed to init entropy source hwrng
Mar  2 07:57:59 ip-172-31-34-102 rngd[766]: Enabling RDRAND rng support
Mar  2 07:57:59 ip-172-31-34-102 rngd[766]: Initializing entropy source rdrand
Mar  2 07:57:59 ip-172-31-34-102 sssd[758]: Starting up
Mar  2 07:57:59 ip-172-31-34-102 systemd[1]: Started Authorization Manager.
Mar  2 07:57:59 ip-172-31-34-102 be[implicit_files][777]: Starting up
Mar  2 07:57:59 ip-172-31-34-102 rh-cloud-firstboot[725]: [  OK  ]
Mar  2 07:58:00 ip-172-31-34-102 systemd[1]: Reloading.
Mar  2 07:58:00 ip-172-31-34-102 nss[782]: Starting up
Mar  2 07:58:00 ip-172-31-34-102 systemd[1]: Started System Security Services Daemon.
Mar  2 07:58:00 ip-172-31-34-102 systemd[1]: Started SYSV: Firstboot runs the first time a cloud instance is booted after installation.  It checks for the existance of an /etc/sysconfig/rh-cloud-firstboot file.  If the file exists and contains RUN_FIRSTBOOT=NO, firstboot will not run.  Otherwise rh-cloud-firstboot will be run..
Mar  2 07:58:00 ip-172-31-34-102 systemd[1]: Reached target User and Group Name Lookups.
Mar  2 07:58:00 ip-172-31-34-102 systemd[1]: Starting Login Service...
Mar  2 07:58:01 ip-172-31-34-102 systemd-logind[810]: New seat seat0.
Mar  2 07:58:01 ip-172-31-34-102 systemd-logind[810]: Watching system buttons on /dev/input/event0 (Power Button)
Mar  2 07:58:01 ip-172-31-34-102 systemd-logind[810]: Watching system buttons on /dev/input/event1 (Sleep Button)
Mar  2 07:58:01 ip-172-31-34-102 systemd-logind[810]: Watching system buttons on /dev/input/event2 (AT Translated Set 2 keyboard)
Mar  2 07:58:01 ip-172-31-34-102 systemd[1]: Started Login Service.
Mar  2 07:58:02 ip-172-31-34-102 systemd[1]: sshd-keygen@rsa.service: Succeeded.
Mar  2 07:58:02 ip-172-31-34-102 systemd[1]: Started OpenSSH rsa Server Key Generation.
Mar  2 07:58:02 ip-172-31-34-102 systemd[1]: Reached target sshd-keygen.target.
Mar  2 07:58:02 ip-172-31-34-102 dhclient[834]: Internet Systems Consortium DHCP Client 4.3.6
Mar  2 07:58:02 ip-172-31-34-102 dhclient[834]: Copyright 2004-2017 Internet Systems Consortium.
Mar  2 07:58:02 ip-172-31-34-102 dhclient[834]: All rights reserved.
Mar  2 07:58:02 ip-172-31-34-102 dhclient[834]: For info, please visit https://www.isc.org/software/dhcp/
Mar  2 07:58:02 ip-172-31-34-102 dhclient[834]: 
Mar  2 07:58:02 ip-172-31-34-102 dhclient[834]: Listening on LPF/eth0/0a:17:a5:8c:7a:76
Mar  2 07:58:02 ip-172-31-34-102 dhclient[834]: Sending on   LPF/eth0/0a:17:a5:8c:7a:76
Mar  2 07:58:02 ip-172-31-34-102 dhclient[834]: Sending on   Socket/fallback
Mar  2 07:58:02 ip-172-31-34-102 dhclient[834]: Created duid "\000\004\264\206\376?\020\237C\015\231[\036\340\223\211y\200".
Mar  2 07:58:02 ip-172-31-34-102 dhclient[834]: DHCPDISCOVER on eth0 to 255.255.255.255 port 67 interval 8 (xid=0xc9a71c1d)
Mar  2 07:58:02 ip-172-31-34-102 dhclient[834]: DHCPREQUEST on eth0 to 255.255.255.255 port 67 (xid=0xc9a71c1d)
Mar  2 07:58:02 ip-172-31-34-102 dhclient[834]: DHCPOFFER from 172.31.32.1
Mar  2 07:58:02 ip-172-31-34-102 dhclient[834]: DHCPACK from 172.31.32.1 (xid=0xc9a71c1d)
Mar  2 07:58:02 ip-172-31-34-102 dhclient[834]: bound to 172.31.34.102 -- renewal in 1636 seconds.
Mar  2 07:58:04 ip-172-31-34-102 rngd[766]: Initializing AES buffer
Mar  2 07:58:04 ip-172-31-34-102 rngd[766]: Enabling JITTER rng support
Mar  2 07:58:04 ip-172-31-34-102 rngd[766]: Initializing entropy source jitter
Mar  2 07:58:07 ip-172-31-34-102 chronyd[741]: Selected source 169.254.169.123
Mar  2 07:58:07 ip-172-31-34-102 chronyd[741]: System clock TAI offset set to 37 seconds
Mar  2 07:58:52 ip-172-31-34-102 dbus-daemon[728]: [system] Activating via systemd: service name='org.freedesktop.hostname1' unit='dbus-org.freedesktop.hostname1.service' requested by ':1.7' (uid=0 pid=848 comm="hostnamectl set-hostname ip-172-31-34-102.ap-north" label="system_u:system_r:cloud_init_t:s0")
Mar  2 07:58:52 ip-172-31-34-102 systemd[1]: Starting Hostname Service...
Mar  2 07:58:52 ip-172-31-34-102 dbus-daemon[728]: [system] Successfully activated service 'org.freedesktop.hostname1'
Mar  2 07:58:52 ip-172-31-34-102 systemd[1]: Started Hostname Service.
Mar  2 07:58:52 ip-172-31-34-102 systemd-hostnamed[849]: Changed static host name to 'ip-172-31-34-102.ap-northeast-2.compute.internal'
Mar  2 07:58:52 ip-172-31-34-102 systemd-hostnamed[849]: Changed host name to 'ip-172-31-34-102.ap-northeast-2.compute.internal'
Mar  2 07:58:52 ip-172-31-34-102 cloud-init[765]: Cloud-init v. 19.4 running 'init-local' at Tue, 02 Mar 2021 07:58:02 +0000. Up 14.39 seconds.
Mar  2 07:58:53 ip-172-31-34-102 systemd[1]: Started Initial cloud-init job (pre-networking).
Mar  2 07:58:53 ip-172-31-34-102 systemd[1]: Reached target Network (Pre).
Mar  2 07:58:53 ip-172-31-34-102 systemd[1]: Starting Network Manager...
Mar  2 07:58:53 ip-172-31-34-102 NetworkManager[856]: <info>  [1614671933.0943] NetworkManager (version 1.26.0-9.el8_3) is starting... (for the first time)
Mar  2 07:58:53 ip-172-31-34-102 NetworkManager[856]: <info>  [1614671933.0952] Read config: /etc/NetworkManager/NetworkManager.conf
Mar  2 07:58:53 ip-172-31-34-102 systemd[1]: Started Network Manager.
Mar  2 07:58:53 ip-172-31-34-102 systemd[1]: Starting Network Manager Wait Online...
Mar  2 07:58:53 ip-172-31-34-102 systemd[1]: Reached target Network.
Mar  2 07:58:53 ip-172-31-34-102 NetworkManager[856]: <info>  [1614671933.1076] bus-manager: acquired D-Bus service "org.freedesktop.NetworkManager"
Mar  2 07:58:53 ip-172-31-34-102 systemd[1]: Starting Dynamic System Tuning Daemon...
Mar  2 07:58:53 ip-172-31-34-102 NetworkManager[856]: <info>  [1614671933.1318] manager[0x56152dd4d000]: monitoring kernel firmware directory '/lib/firmware'.
Mar  2 07:58:53 ip-172-31-34-102 NetworkManager[856]: <info>  [1614671933.1355] hostname: hostname: using hostnamed
Mar  2 07:58:53 ip-172-31-34-102 NetworkManager[856]: <info>  [1614671933.1356] hostname: hostname changed from (none) to "ip-172-31-34-102.ap-northeast-2.compute.internal"
Mar  2 07:58:53 ip-172-31-34-102 NetworkManager[856]: <info>  [1614671933.1367] dns-mgr[0x56152dd31250]: init: dns=default,systemd-resolved rc-manager=symlink
Mar  2 07:58:53 ip-172-31-34-102 NetworkManager[856]: <info>  [1614671933.1481] Loaded device plugin: NMTeamFactory (/usr/lib64/NetworkManager/1.26.0-9.el8_3/libnm-device-plugin-team.so)
Mar  2 07:58:53 ip-172-31-34-102 NetworkManager[856]: <info>  [1614671933.1481] manager: rfkill: Wi-Fi enabled by radio killswitch; enabled by state file
Mar  2 07:58:53 ip-172-31-34-102 NetworkManager[856]: <info>  [1614671933.1482] manager: rfkill: WWAN enabled by radio killswitch; enabled by state file
Mar  2 07:58:53 ip-172-31-34-102 NetworkManager[856]: <info>  [1614671933.1483] manager: Networking is enabled by state file
Mar  2 07:58:53 ip-172-31-34-102 dbus-daemon[728]: [system] Activating via systemd: service name='org.freedesktop.nm_dispatcher' unit='dbus-org.freedesktop.nm-dispatcher.service' requested by ':1.9' (uid=0 pid=856 comm="/usr/sbin/NetworkManager --no-daemon " label="system_u:system_r:NetworkManager_t:s0")
Mar  2 07:58:53 ip-172-31-34-102 NetworkManager[856]: <info>  [1614671933.1493] dhcp-init: Using DHCP client 'internal'
Mar  2 07:58:53 ip-172-31-34-102 systemd[1]: Starting Network Manager Script Dispatcher Service...
Mar  2 07:58:53 ip-172-31-34-102 NetworkManager[856]: <info>  [1614671933.1665] settings: Loaded settings plugin: ifcfg-rh ("/usr/lib64/NetworkManager/1.26.0-9.el8_3/libnm-settings-plugin-ifcfg-rh.so")
Mar  2 07:58:53 ip-172-31-34-102 NetworkManager[856]: <info>  [1614671933.1665] settings: Loaded settings plugin: keyfile (internal)
Mar  2 07:58:53 ip-172-31-34-102 NetworkManager[856]: <info>  [1614671933.1748] device (lo): carrier: link connected
Mar  2 07:58:53 ip-172-31-34-102 NetworkManager[856]: <info>  [1614671933.1753] manager: (lo): new Generic device (/org/freedesktop/NetworkManager/Devices/1)
Mar  2 07:58:53 ip-172-31-34-102 NetworkManager[856]: <info>  [1614671933.1775] manager: (eth0): new Ethernet device (/org/freedesktop/NetworkManager/Devices/2)
Mar  2 07:58:53 ip-172-31-34-102 NetworkManager[856]: <info>  [1614671933.1861] device (eth0): state change: unmanaged -> unavailable (reason 'managed', sys-iface-state: 'external')
Mar  2 07:58:53 ip-172-31-34-102 kernel: IPv6: ADDRCONF(NETDEV_UP): eth0: link is not ready
Mar  2 07:58:53 ip-172-31-34-102 NetworkManager[856]: <info>  [1614671933.2065] device (eth0): carrier: link connected
Mar  2 07:58:53 ip-172-31-34-102 dbus-daemon[728]: [system] Successfully activated service 'org.freedesktop.nm_dispatcher'
Mar  2 07:58:53 ip-172-31-34-102 systemd[1]: Started Network Manager Script Dispatcher Service.
Mar  2 07:58:53 ip-172-31-34-102 NetworkManager[856]: <info>  [1614671933.2366] device (eth0): state change: unavailable -> disconnected (reason 'none', sys-iface-state: 'managed')
Mar  2 07:58:53 ip-172-31-34-102 NetworkManager[856]: <info>  [1614671933.2401] policy: auto-activating connection 'System eth0' (5fb06bd0-0bb0-7ffb-45f1-d6edd65f3e03)
Mar  2 07:58:53 ip-172-31-34-102 NetworkManager[856]: <info>  [1614671933.2427] device (eth0): Activation: starting connection 'System eth0' (5fb06bd0-0bb0-7ffb-45f1-d6edd65f3e03)
Mar  2 07:58:53 ip-172-31-34-102 NetworkManager[856]: <info>  [1614671933.2432] device (eth0): state change: disconnected -> prepare (reason 'none', sys-iface-state: 'managed')
Mar  2 07:58:53 ip-172-31-34-102 NetworkManager[856]: <info>  [1614671933.2455] manager: NetworkManager state is now CONNECTING
Mar  2 07:58:53 ip-172-31-34-102 NetworkManager[856]: <info>  [1614671933.2475] device (eth0): state change: prepare -> config (reason 'none', sys-iface-state: 'managed')
Mar  2 07:58:53 ip-172-31-34-102 NetworkManager[856]: <info>  [1614671933.2498] device (eth0): state change: config -> ip-config (reason 'none', sys-iface-state: 'managed')
Mar  2 07:58:53 ip-172-31-34-102 NetworkManager[856]: <info>  [1614671933.2511] dhcp4 (eth0): activation: beginning transaction (timeout in 45 seconds)
Mar  2 07:58:53 ip-172-31-34-102 NetworkManager[856]: <info>  [1614671933.2556] dhcp4 (eth0): option dhcp_lease_time      => '3600'
Mar  2 07:58:53 ip-172-31-34-102 NetworkManager[856]: <info>  [1614671933.2557] dhcp4 (eth0): option domain_name          => 'ap-northeast-2.compute.internal'
Mar  2 07:58:53 ip-172-31-34-102 NetworkManager[856]: <info>  [1614671933.2558] dhcp4 (eth0): option domain_name_servers  => '172.31.0.2'
Mar  2 07:58:53 ip-172-31-34-102 NetworkManager[856]: <info>  [1614671933.2559] dhcp4 (eth0): option expiry               => '1614675533'
Mar  2 07:58:53 ip-172-31-34-102 NetworkManager[856]: <info>  [1614671933.2560] dhcp4 (eth0): option host_name            => 'ip-172-31-34-102'
Mar  2 07:58:53 ip-172-31-34-102 NetworkManager[856]: <info>  [1614671933.2561] dhcp4 (eth0): option interface_mtu        => '9001'
Mar  2 07:58:53 ip-172-31-34-102 NetworkManager[856]: <info>  [1614671933.2562] dhcp4 (eth0): option ip_address           => '172.31.34.102'
Mar  2 07:58:53 ip-172-31-34-102 NetworkManager[856]: <info>  [1614671933.2562] dhcp4 (eth0): option requested_broadcast_address => '1'
Mar  2 07:58:53 ip-172-31-34-102 NetworkManager[856]: <info>  [1614671933.2563] dhcp4 (eth0): option requested_domain_name => '1'
Mar  2 07:58:53 ip-172-31-34-102 NetworkManager[856]: <info>  [1614671933.2574] dhcp4 (eth0): option requested_domain_name_servers => '1'
Mar  2 07:58:53 ip-172-31-34-102 NetworkManager[856]: <info>  [1614671933.2575] dhcp4 (eth0): option requested_domain_search => '1'
Mar  2 07:58:53 ip-172-31-34-102 NetworkManager[856]: <info>  [1614671933.2576] dhcp4 (eth0): option requested_host_name  => '1'
Mar  2 07:58:53 ip-172-31-34-102 NetworkManager[856]: <info>  [1614671933.2577] dhcp4 (eth0): option requested_interface_mtu => '1'
Mar  2 07:58:53 ip-172-31-34-102 NetworkManager[856]: <info>  [1614671933.2578] dhcp4 (eth0): option requested_ms_classless_static_routes => '1'
Mar  2 07:58:53 ip-172-31-34-102 NetworkManager[856]: <info>  [1614671933.2579] dhcp4 (eth0): option requested_nis_domain => '1'
Mar  2 07:58:53 ip-172-31-34-102 NetworkManager[856]: <info>  [1614671933.2580] dhcp4 (eth0): option requested_nis_servers => '1'
Mar  2 07:58:53 ip-172-31-34-102 NetworkManager[856]: <info>  [1614671933.2580] dhcp4 (eth0): option requested_ntp_servers => '1'
Mar  2 07:58:53 ip-172-31-34-102 NetworkManager[856]: <info>  [1614671933.2581] dhcp4 (eth0): option requested_rfc3442_classless_static_routes => '1'
Mar  2 07:58:53 ip-172-31-34-102 NetworkManager[856]: <info>  [1614671933.2582] dhcp4 (eth0): option requested_root_path  => '1'
Mar  2 07:58:53 ip-172-31-34-102 NetworkManager[856]: <info>  [1614671933.2583] dhcp4 (eth0): option requested_routers    => '1'
Mar  2 07:58:53 ip-172-31-34-102 NetworkManager[856]: <info>  [1614671933.2584] dhcp4 (eth0): option requested_static_routes => '1'
Mar  2 07:58:53 ip-172-31-34-102 NetworkManager[856]: <info>  [1614671933.2585] dhcp4 (eth0): option requested_subnet_mask => '1'
Mar  2 07:58:53 ip-172-31-34-102 NetworkManager[856]: <info>  [1614671933.2586] dhcp4 (eth0): option requested_time_offset => '1'
Mar  2 07:58:53 ip-172-31-34-102 NetworkManager[856]: <info>  [1614671933.2587] dhcp4 (eth0): option requested_wpad       => '1'
Mar  2 07:58:53 ip-172-31-34-102 NetworkManager[856]: <info>  [1614671933.2588] dhcp4 (eth0): option routers              => '172.31.32.1'
Mar  2 07:58:53 ip-172-31-34-102 NetworkManager[856]: <info>  [1614671933.2588] dhcp4 (eth0): option subnet_mask          => '255.255.240.0'
Mar  2 07:58:53 ip-172-31-34-102 NetworkManager[856]: <info>  [1614671933.2589] dhcp4 (eth0): state changed unknown -> bound
Mar  2 07:58:53 ip-172-31-34-102 NetworkManager[856]: <info>  [1614671933.2669] device (eth0): state change: ip-config -> ip-check (reason 'none', sys-iface-state: 'managed')
Mar  2 07:58:53 ip-172-31-34-102 NetworkManager[856]: <info>  [1614671933.2758] device (eth0): state change: ip-check -> secondaries (reason 'none', sys-iface-state: 'managed')
Mar  2 07:58:53 ip-172-31-34-102 NetworkManager[856]: <info>  [1614671933.2768] device (eth0): state change: secondaries -> activated (reason 'none', sys-iface-state: 'managed')
Mar  2 07:58:53 ip-172-31-34-102 NetworkManager[856]: <info>  [1614671933.2793] manager: NetworkManager state is now CONNECTED_LOCAL
Mar  2 07:58:53 ip-172-31-34-102 NetworkManager[856]: <info>  [1614671933.2858] manager: NetworkManager state is now CONNECTED_SITE
Mar  2 07:58:53 ip-172-31-34-102 NetworkManager[856]: <info>  [1614671933.2863] policy: set 'System eth0' (eth0) as default for IPv4 routing and DNS
Mar  2 07:58:53 ip-172-31-34-102 dbus-daemon[728]: [system] Activating via systemd: service name='org.freedesktop.resolve1' unit='dbus-org.freedesktop.resolve1.service' requested by ':1.9' (uid=0 pid=856 comm="/usr/sbin/NetworkManager --no-daemon " label="system_u:system_r:NetworkManager_t:s0")
Mar  2 07:58:53 ip-172-31-34-102 dbus-daemon[728]: [system] Activation via systemd failed for unit 'dbus-org.freedesktop.resolve1.service': Unit dbus-org.freedesktop.resolve1.service not found.
Mar  2 07:58:53 ip-172-31-34-102 NetworkManager[856]: <info>  [1614671933.2939] device (eth0): Activation: successful, device activated.
Mar  2 07:58:53 ip-172-31-34-102 NetworkManager[856]: <info>  [1614671933.2962] manager: NetworkManager state is now CONNECTED_GLOBAL
Mar  2 07:58:53 ip-172-31-34-102 NetworkManager[856]: <info>  [1614671933.2981] manager: startup complete
Mar  2 07:58:53 ip-172-31-34-102 systemd[1]: Started Network Manager Wait Online.
Mar  2 07:58:53 ip-172-31-34-102 systemd[1]: Starting Initial cloud-init job (metadata service crawler)...
Mar  2 07:58:54 ip-172-31-34-102 systemd[1]: Started Dynamic System Tuning Daemon.
Mar  2 07:58:54 ip-172-31-34-102 cloud-init[872]: Cloud-init v. 19.4 running 'init' at Tue, 02 Mar 2021 07:58:53 +0000. Up 66.27 seconds.
Mar  2 07:58:54 ip-172-31-34-102 cloud-init[872]: ci-info: ++++++++++++++++++++++++++++++++++++++Net device info+++++++++++++++++++++++++++++++++++++++
Mar  2 07:58:54 ip-172-31-34-102 cloud-init[872]: ci-info: +--------+------+-----------------------------+---------------+--------+-------------------+
Mar  2 07:58:54 ip-172-31-34-102 cloud-init[872]: ci-info: | Device |  Up  |           Address           |      Mask     | Scope  |     Hw-Address    |
Mar  2 07:58:54 ip-172-31-34-102 cloud-init[872]: ci-info: +--------+------+-----------------------------+---------------+--------+-------------------+
Mar  2 07:58:54 ip-172-31-34-102 cloud-init[872]: ci-info: |  eth0  | True |        172.31.34.102        | 255.255.240.0 | global | 0a:17:a5:8c:7a:76 |
Mar  2 07:58:54 ip-172-31-34-102 cloud-init[872]: ci-info: |  eth0  | True | fe80::817:a5ff:fe8c:7a76/64 |       .       |  link  | 0a:17:a5:8c:7a:76 |
Mar  2 07:58:54 ip-172-31-34-102 cloud-init[872]: ci-info: |   lo   | True |          127.0.0.1          |   255.0.0.0   |  host  |         .         |
Mar  2 07:58:54 ip-172-31-34-102 cloud-init[872]: ci-info: |   lo   | True |           ::1/128           |       .       |  host  |         .         |
Mar  2 07:58:54 ip-172-31-34-102 cloud-init[872]: ci-info: +--------+------+-----------------------------+---------------+--------+-------------------+
Mar  2 07:58:54 ip-172-31-34-102 cloud-init[872]: ci-info: +++++++++++++++++++++++++++++Route IPv4 info+++++++++++++++++++++++++++++
Mar  2 07:58:54 ip-172-31-34-102 cloud-init[872]: ci-info: +-------+-------------+-------------+---------------+-----------+-------+
Mar  2 07:58:54 ip-172-31-34-102 cloud-init[872]: ci-info: | Route | Destination |   Gateway   |    Genmask    | Interface | Flags |
Mar  2 07:58:54 ip-172-31-34-102 cloud-init[872]: ci-info: +-------+-------------+-------------+---------------+-----------+-------+
Mar  2 07:58:54 ip-172-31-34-102 cloud-init[872]: ci-info: |   0   |   0.0.0.0   | 172.31.32.1 |    0.0.0.0    |    eth0   |   UG  |
Mar  2 07:58:54 ip-172-31-34-102 cloud-init[872]: ci-info: |   1   | 172.31.32.0 |   0.0.0.0   | 255.255.240.0 |    eth0   |   U   |
Mar  2 07:58:54 ip-172-31-34-102 cloud-init[872]: ci-info: +-------+-------------+-------------+---------------+-----------+-------+
Mar  2 07:58:54 ip-172-31-34-102 cloud-init[872]: ci-info: +++++++++++++++++++Route IPv6 info+++++++++++++++++++
Mar  2 07:58:54 ip-172-31-34-102 cloud-init[872]: ci-info: +-------+-------------+---------+-----------+-------+
Mar  2 07:58:54 ip-172-31-34-102 cloud-init[872]: ci-info: | Route | Destination | Gateway | Interface | Flags |
Mar  2 07:58:54 ip-172-31-34-102 cloud-init[872]: ci-info: +-------+-------------+---------+-----------+-------+
Mar  2 07:58:54 ip-172-31-34-102 cloud-init[872]: ci-info: |   1   |  fe80::/64  |    ::   |    eth0   |   U   |
Mar  2 07:58:54 ip-172-31-34-102 cloud-init[872]: ci-info: |   3   |   ff00::/8  |    ::   |    eth0   |   U   |
Mar  2 07:58:54 ip-172-31-34-102 cloud-init[872]: ci-info: +-------+-------------+---------+-----------+-------+
Mar  2 07:58:54 ip-172-31-34-102 systemd-udevd[655]: Network interface NamePolicy= disabled on kernel command line, ignoring.
Mar  2 07:58:55 ip-172-31-34-102 systemd[1]: Started Initial cloud-init job (metadata service crawler).
Mar  2 07:58:55 ip-172-31-34-102 systemd[1]: Starting OpenSSH server daemon...
Mar  2 07:58:55 ip-172-31-34-102 systemd[1]: Reached target Cloud-config availability.
Mar  2 07:58:55 ip-172-31-34-102 systemd[1]: Starting Permit User Sessions...
Mar  2 07:58:55 ip-172-31-34-102 systemd[1]: Reached target Network is Online.
Mar  2 07:58:55 ip-172-31-34-102 systemd[1]: Starting Crash recovery kernel arming...
Mar  2 07:58:55 ip-172-31-34-102 systemd[1]: Starting System Logging Service...
Mar  2 07:58:55 ip-172-31-34-102 systemd[1]: Starting Apply the settings specified in cloud-config...
Mar  2 07:58:55 ip-172-31-34-102 systemd[1]: Starting LSB: Initializes the correct repo depending on the region....
Mar  2 07:58:55 ip-172-31-34-102 systemd[1]: Started Permit User Sessions.
Mar  2 07:58:55 ip-172-31-34-102 systemd[1]: Started Serial Getty on ttyS0.
Mar  2 07:58:55 ip-172-31-34-102 systemd[1]: Started Getty on tty1.
Mar  2 07:58:55 ip-172-31-34-102 systemd[1]: Reached target Login Prompts.
Mar  2 07:58:55 ip-172-31-34-102 sshd[1094]: Unable to load host key: /etc/ssh/ssh_host_rsa_key
Mar  2 07:58:55 ip-172-31-34-102 sshd[1094]: Unable to load host key: /etc/ssh/ssh_host_ecdsa_key
Mar  2 07:58:55 ip-172-31-34-102 sshd[1094]: Unable to load host key: /etc/ssh/ssh_host_ed25519_key
Mar  2 07:58:55 ip-172-31-34-102 sshd[1094]: sshd: no hostkeys available -- exiting.
Mar  2 07:58:55 ip-172-31-34-102 systemd[1]: Started Command Scheduler.
Mar  2 07:58:55 ip-172-31-34-102 systemd[1]: sshd.service: Main process exited, code=exited, status=1/FAILURE
Mar  2 07:58:55 ip-172-31-34-102 systemd[1]: sshd.service: Failed with result 'exit-code'.
Mar  2 07:58:55 ip-172-31-34-102 systemd[1]: Failed to start OpenSSH server daemon.
Mar  2 07:58:55 ip-172-31-34-102 rsyslogd[1097]: [origin software="rsyslogd" swVersion="8.1911.0-6.el8" x-pid="1097" x-info="https://www.rsyslog.com"] start
Mar  2 07:58:55 ip-172-31-34-102 systemd[1]: Started System Logging Service.
Mar  2 07:58:55 ip-172-31-34-102 choose_repo[1099]: [INFO:choose_repo] choose_repo:36 2021-03-02 07:58:55,486: Enabling binary repos in redhat-rhui.repo
Mar  2 07:58:55 ip-172-31-34-102 rsyslogd[1097]: imjournal: No statefile exists, /var/lib/rsyslog/imjournal.state will be created (ignore if this is first run): No such file or directory [v8.1911.0-6.el8 try https://www.rsyslog.com/e/2040 ]
Mar  2 07:58:55 ip-172-31-34-102 choose_repo[1099]: [INFO:choose_repo] choose_repo:58 2021-03-02 07:58:55,501: Enabling client config repo
Mar  2 07:58:55 ip-172-31-34-102 choose_repo[1099]: [INFO:choose_repo] choose_repo:66 2021-03-02 07:58:55,501: Executing [sed -i 's/enabled=0/enabled=1/' /etc/yum.repos.d/redhat-rhui-client-config.repo]
Mar  2 07:58:55 ip-172-31-34-102 systemd[1]: Started LSB: Initializes the correct repo depending on the region..
Mar  2 07:58:55 ip-172-31-34-102 systemd[1]: Reached target Multi-User System.
Mar  2 07:58:55 ip-172-31-34-102 systemd[1]: Starting Update UTMP about System Runlevel Changes...
Mar  2 07:58:55 ip-172-31-34-102 rsyslogd[1097]: imjournal: journal files changed, reloading...  [v8.1911.0-6.el8 try https://www.rsyslog.com/e/0 ]
Mar  2 07:58:55 ip-172-31-34-102 systemd[1]: systemd-update-utmp-runlevel.service: Succeeded.
Mar  2 07:58:55 ip-172-31-34-102 systemd[1]: Started Update UTMP about System Runlevel Changes.
Mar  2 07:58:56 ip-172-31-34-102 systemd[1]: Stopped OpenSSH server daemon.
Mar  2 07:58:56 ip-172-31-34-102 systemd[1]: Stopped target sshd-keygen.target.
Mar  2 07:58:56 ip-172-31-34-102 systemd[1]: Stopping sshd-keygen.target.
Mar  2 07:58:56 ip-172-31-34-102 systemd[1]: Starting OpenSSH rsa Server Key Generation...
Mar  2 07:58:56 ip-172-31-34-102 systemd[1]: Starting OpenSSH ed25519 Server Key Generation...
Mar  2 07:58:56 ip-172-31-34-102 systemd[1]: Starting OpenSSH ecdsa Server Key Generation...
Mar  2 07:58:56 ip-172-31-34-102 kdumpctl[1096]: No kdump initial ramdisk found.
Mar  2 07:58:56 ip-172-31-34-102 kdumpctl[1096]: Rebuilding /boot/initramfs-4.18.0-240.1.1.el8_3.x86_64kdump.img
Mar  2 07:58:56 ip-172-31-34-102 systemd[1]: sshd-keygen@ecdsa.service: Succeeded.
Mar  2 07:58:56 ip-172-31-34-102 systemd[1]: Started OpenSSH ecdsa Server Key Generation.
Mar  2 07:58:56 ip-172-31-34-102 systemd[1]: sshd-keygen@ed25519.service: Succeeded.
Mar  2 07:58:56 ip-172-31-34-102 systemd[1]: Started OpenSSH ed25519 Server Key Generation.
Mar  2 07:58:57 ip-172-31-34-102 systemd[1]: sshd-keygen@rsa.service: Succeeded.
Mar  2 07:58:57 ip-172-31-34-102 systemd[1]: Started OpenSSH rsa Server Key Generation.
Mar  2 07:58:57 ip-172-31-34-102 systemd[1]: Reached target sshd-keygen.target.
Mar  2 07:58:57 ip-172-31-34-102 systemd[1]: Starting OpenSSH server daemon...
Mar  2 07:58:57 ip-172-31-34-102 systemd[1]: Started OpenSSH server daemon.
Mar  2 07:58:57 ip-172-31-34-102 cloud-init[1098]: Cloud-init v. 19.4 running 'modules:config' at Tue, 02 Mar 2021 07:58:55 +0000. Up 68.24 seconds.
Mar  2 07:58:57 ip-172-31-34-102 systemd[1]: Started Apply the settings specified in cloud-config.
Mar  2 07:58:57 ip-172-31-34-102 systemd[1]: Starting Execute cloud user/final scripts...
Mar  2 07:58:57 ip-172-31-34-102 ec2[1412]: 
Mar  2 07:58:57 ip-172-31-34-102 ec2[1412]: #############################################################
Mar  2 07:58:57 ip-172-31-34-102 ec2[1412]: -----BEGIN SSH HOST KEY FINGERPRINTS-----
Mar  2 07:58:57 ip-172-31-34-102 ec2[1412]: 256 SHA256:M6iHq9s+9kYdWR7GxEcd8OIUjqsMo2e7J0O4MxryACo no comment (ECDSA)
Mar  2 07:58:57 ip-172-31-34-102 ec2[1412]: 256 SHA256:ZLUl/+zjBf1NuiFRo5Ep+XGKqHWbMxamA/inZGdZDoI no comment (ED25519)
Mar  2 07:58:57 ip-172-31-34-102 ec2[1412]: 3072 SHA256:8+AItSccskHKWD0EW7LEW2szHqNyhskY8fgpNi9IFLs no comment (RSA)
Mar  2 07:58:57 ip-172-31-34-102 ec2[1412]: -----END SSH HOST KEY FINGERPRINTS-----
Mar  2 07:58:57 ip-172-31-34-102 ec2[1412]: #############################################################
Mar  2 07:58:57 ip-172-31-34-102 cloud-init[1343]: Cloud-init v. 19.4 running 'modules:final' at Tue, 02 Mar 2021 07:58:57 +0000. Up 70.15 seconds.
Mar  2 07:58:57 ip-172-31-34-102 cloud-init[1343]: Cloud-init v. 19.4 finished at Tue, 02 Mar 2021 07:58:57 +0000. Datasource DataSourceEc2Local.  Up 70.30 seconds
Mar  2 07:58:58 ip-172-31-34-102 echo[1426]: trying to reload or restart NetworkManager.service
Mar  2 07:58:58 ip-172-31-34-102 systemd[1]: Reloading Network Manager.
Mar  2 07:58:58 ip-172-31-34-102 NetworkManager[856]: <info>  [1614671938.0433] audit: op="reload" arg="0" pid=1431 uid=0 result="success"
Mar  2 07:58:58 ip-172-31-34-102 NetworkManager[856]: <info>  [1614671938.0438] config: signal: SIGHUP (no changes from disk)
Mar  2 07:58:58 ip-172-31-34-102 systemd[1]: Reloaded Network Manager.
Mar  2 07:58:58 ip-172-31-34-102 systemd[1]: Started Execute cloud user/final scripts.
Mar  2 07:58:58 ip-172-31-34-102 systemd[1]: Reached target Cloud-init target.
Mar  2 07:58:58 ip-172-31-34-102 dracut[1445]: dracut-049-95.git20200804.el8
Mar  2 07:58:58 ip-172-31-34-102 dracut[1447]: Executing: /usr/bin/dracut --quiet --hostonly --hostonly-cmdline --hostonly-i18n --hostonly-mode strict -o "plymouth dash resume ifcfg earlykdump" --mount "/dev/disk/by-uuid/949779ce-46aa-434e-8eb0-852514a5d69e /sysroot xfs rw,relatime,seclabel,attr2,inode64,logbufs=8,logbsize=32k,noquota,nofail,x-systemd.before=initrd-fs.target" --no-hostonly-default-device -f /boot/initramfs-4.18.0-240.1.1.el8_3.x86_64kdump.img 4.18.0-240.1.1.el8_3.x86_64
Mar  2 07:58:58 ip-172-31-34-102 dracut[1447]: dracut module 'modsign' will not be installed, because command 'keyctl' could not be found!
Mar  2 07:58:58 ip-172-31-34-102 dracut[1447]: dracut module 'busybox' will not be installed, because command 'busybox' could not be found!
Mar  2 07:58:58 ip-172-31-34-102 dracut[1447]: dracut module 'ifcfg' will not be installed, because it's in the list to be omitted!
Mar  2 07:58:58 ip-172-31-34-102 dracut[1447]: dracut module 'plymouth' will not be installed, because it's in the list to be omitted!
Mar  2 07:58:58 ip-172-31-34-102 dracut[1447]: dracut module 'lvmmerge' will not be installed, because command 'lvm' could not be found!
Mar  2 07:58:58 ip-172-31-34-102 dracut[1447]: dracut module 'btrfs' will not be installed, because command 'btrfs' could not be found!
Mar  2 07:58:58 ip-172-31-34-102 dracut[1447]: dracut module 'dmraid' will not be installed, because command 'dmraid' could not be found!
Mar  2 07:58:58 ip-172-31-34-102 dracut[1447]: dracut module 'lvm' will not be installed, because command 'lvm' could not be found!
Mar  2 07:58:58 ip-172-31-34-102 dracut[1447]: dracut module 'mdraid' will not be installed, because command 'mdadm' could not be found!
Mar  2 07:58:58 ip-172-31-34-102 dracut[1447]: dracut module 'stratis' will not be installed, because command 'stratisd-init' could not be found!
Mar  2 07:58:58 ip-172-31-34-102 dracut[1447]: dracut module 'stratis' will not be installed, because command 'thin_check' could not be found!
Mar  2 07:58:58 ip-172-31-34-102 dracut[1447]: dracut module 'stratis' will not be installed, because command 'thin_repair' could not be found!
Mar  2 07:58:58 ip-172-31-34-102 dracut[1447]: dracut module 'cifs' will not be installed, because command 'mount.cifs' could not be found!
Mar  2 07:58:58 ip-172-31-34-102 dracut[1447]: dracut module 'iscsi' will not be installed, because command 'iscsi-iname' could not be found!
Mar  2 07:58:58 ip-172-31-34-102 dracut[1447]: dracut module 'iscsi' will not be installed, because command 'iscsiadm' could not be found!
Mar  2 07:58:58 ip-172-31-34-102 dracut[1447]: dracut module 'iscsi' will not be installed, because command 'iscsid' could not be found!
Mar  2 07:58:58 ip-172-31-34-102 dracut[1447]: 95nfs: Could not find any command of 'rpcbind portmap'!
Mar  2 07:58:58 ip-172-31-34-102 dracut[1447]: dracut module 'resume' will not be installed, because it's in the list to be omitted!
Mar  2 07:58:58 ip-172-31-34-102 dracut[1447]: dracut module 'biosdevname' will not be installed, because command 'biosdevname' could not be found!
Mar  2 07:58:58 ip-172-31-34-102 dracut[1447]: dracut module 'earlykdump' will not be installed, because it's in the list to be omitted!
Mar  2 07:58:58 ip-172-31-34-102 dracut[1447]: memstrack is available
Mar  2 07:58:58 ip-172-31-34-102 dracut[1447]: dracut module 'modsign' will not be installed, because command 'keyctl' could not be found!
Mar  2 07:58:58 ip-172-31-34-102 dracut[1447]: dracut module 'busybox' will not be installed, because command 'busybox' could not be found!
Mar  2 07:58:58 ip-172-31-34-102 dracut[1447]: dracut module 'lvmmerge' will not be installed, because command 'lvm' could not be found!
Mar  2 07:58:58 ip-172-31-34-102 dracut[1447]: dracut module 'btrfs' will not be installed, because command 'btrfs' could not be found!
Mar  2 07:58:58 ip-172-31-34-102 dracut[1447]: dracut module 'dmraid' will not be installed, because command 'dmraid' could not be found!
Mar  2 07:58:58 ip-172-31-34-102 dracut[1447]: dracut module 'lvm' will not be installed, because command 'lvm' could not be found!
Mar  2 07:58:58 ip-172-31-34-102 dracut[1447]: dracut module 'mdraid' will not be installed, because command 'mdadm' could not be found!
Mar  2 07:58:58 ip-172-31-34-102 dracut[1447]: dracut module 'stratis' will not be installed, because command 'stratisd-init' could not be found!
Mar  2 07:58:58 ip-172-31-34-102 dracut[1447]: dracut module 'stratis' will not be installed, because command 'thin_check' could not be found!
Mar  2 07:58:58 ip-172-31-34-102 dracut[1447]: dracut module 'stratis' will not be installed, because command 'thin_repair' could not be found!
Mar  2 07:58:58 ip-172-31-34-102 dracut[1447]: dracut module 'cifs' will not be installed, because command 'mount.cifs' could not be found!
Mar  2 07:58:59 ip-172-31-34-102 dracut[1447]: dracut module 'iscsi' will not be installed, because command 'iscsi-iname' could not be found!
Mar  2 07:58:59 ip-172-31-34-102 dracut[1447]: dracut module 'iscsi' will not be installed, because command 'iscsiadm' could not be found!
Mar  2 07:58:59 ip-172-31-34-102 dracut[1447]: dracut module 'iscsi' will not be installed, because command 'iscsid' could not be found!
Mar  2 07:58:59 ip-172-31-34-102 dracut[1447]: 95nfs: Could not find any command of 'rpcbind portmap'!
Mar  2 07:58:59 ip-172-31-34-102 dracut[1447]: *** Including module: bash ***
Mar  2 07:58:59 ip-172-31-34-102 dracut[1447]: *** Including module: systemd ***
Mar  2 07:58:59 ip-172-31-34-102 dracut[1447]: *** Including module: systemd-initrd ***
Mar  2 07:58:59 ip-172-31-34-102 dracut[1447]: *** Including module: rngd ***
Mar  2 07:58:59 ip-172-31-34-102 dracut[1447]: *** Including module: i18n ***
Mar  2 07:58:59 ip-172-31-34-102 dracut[1447]: *** Including module: drm ***
Mar  2 07:58:59 ip-172-31-34-102 dracut[1447]: *** Including module: prefixdevname ***
Mar  2 07:58:59 ip-172-31-34-102 dracut[1447]: *** Including module: kernel-modules ***
Mar  2 07:59:00 ip-172-31-34-102 dracut[1447]: *** Including module: kernel-modules-extra ***
Mar  2 07:59:00 ip-172-31-34-102 dracut[1447]: *** Including module: fstab-sys ***
Mar  2 07:59:00 ip-172-31-34-102 dracut[1447]: *** Including module: rootfs-block ***
Mar  2 07:59:00 ip-172-31-34-102 dracut[1447]: *** Including module: terminfo ***
Mar  2 07:59:00 ip-172-31-34-102 dracut[1447]: *** Including module: udev-rules ***
Mar  2 07:59:00 ip-172-31-34-102 dracut[1447]: Skipping udev rule: 91-permissions.rules
Mar  2 07:59:00 ip-172-31-34-102 dracut[1447]: Skipping udev rule: 80-drivers-modprobe.rules
Mar  2 07:59:00 ip-172-31-34-102 dracut[1447]: *** Including module: dracut-systemd ***
Mar  2 07:59:00 ip-172-31-34-102 dracut[1447]: *** Including module: usrmount ***
Mar  2 07:59:00 ip-172-31-34-102 dracut[1447]: *** Including module: base ***
Mar  2 07:59:00 ip-172-31-34-102 dracut[1447]: *** Including module: fs-lib ***
Mar  2 07:59:00 ip-172-31-34-102 dracut[1447]: *** Including module: kdumpbase ***
Mar  2 07:59:00 ip-172-31-34-102 dracut[1447]: *** Including module: memstrack ***
Mar  2 07:59:00 ip-172-31-34-102 dracut[1447]: *** Including module: microcode_ctl-fw_dir_override ***
Mar  2 07:59:00 ip-172-31-34-102 dracut[1447]:  microcode_ctl module: mangling fw_dir
Mar  2 07:59:00 ip-172-31-34-102 dracut[1447]:    microcode_ctl: reset fw_dir to "/lib/firmware/updates /lib/firmware"
Mar  2 07:59:00 ip-172-31-34-102 dracut[1447]:    microcode_ctl: processing data directory  "/usr/share/microcode_ctl/ucode_with_caveats/intel"...
Mar  2 07:59:01 ip-172-31-34-102 dracut[1447]:      microcode_ctl: intel: caveats check for kernel version "4.18.0-240.1.1.el8_3.x86_64" passed, adding "/usr/share/microcode_ctl/ucode_with_caveats/intel" to fw_dir variable
Mar  2 07:59:01 ip-172-31-34-102 dracut[1447]:    microcode_ctl: processing data directory  "/usr/share/microcode_ctl/ucode_with_caveats/intel-06-2d-07"...
Mar  2 07:59:01 ip-172-31-34-102 dracut[1447]:    microcode_ctl: configuration "intel-06-2d-07" is ignored
Mar  2 07:59:01 ip-172-31-34-102 dracut[1447]:    microcode_ctl: processing data directory  "/usr/share/microcode_ctl/ucode_with_caveats/intel-06-4e-03"...
Mar  2 07:59:01 ip-172-31-34-102 dracut[1447]:    microcode_ctl: configuration "intel-06-4e-03" is ignored
Mar  2 07:59:01 ip-172-31-34-102 dracut[1447]:    microcode_ctl: processing data directory  "/usr/share/microcode_ctl/ucode_with_caveats/intel-06-4f-01"...
Mar  2 07:59:01 ip-172-31-34-102 dracut[1447]:    microcode_ctl: configuration "intel-06-4f-01" is ignored
Mar  2 07:59:01 ip-172-31-34-102 dracut[1447]:    microcode_ctl: processing data directory  "/usr/share/microcode_ctl/ucode_with_caveats/intel-06-55-04"...
Mar  2 07:59:01 ip-172-31-34-102 dracut[1447]:    microcode_ctl: configuration "intel-06-55-04" is ignored
Mar  2 07:59:01 ip-172-31-34-102 dracut[1447]:    microcode_ctl: processing data directory  "/usr/share/microcode_ctl/ucode_with_caveats/intel-06-5e-03"...
Mar  2 07:59:01 ip-172-31-34-102 dracut[1447]:    microcode_ctl: configuration "intel-06-5e-03" is ignored
Mar  2 07:59:01 ip-172-31-34-102 dracut[1447]:    microcode_ctl: processing data directory  "/usr/share/microcode_ctl/ucode_with_caveats/intel-06-8e-9e-0x-0xca"...
Mar  2 07:59:01 ip-172-31-34-102 dracut[1447]:    microcode_ctl: configuration "intel-06-8e-9e-0x-0xca" is ignored
Mar  2 07:59:01 ip-172-31-34-102 dracut[1447]:    microcode_ctl: processing data directory  "/usr/share/microcode_ctl/ucode_with_caveats/intel-06-8e-9e-0x-dell"...
Mar  2 07:59:01 ip-172-31-34-102 dracut[1447]:    microcode_ctl: configuration "intel-06-8e-9e-0x-dell" is ignored
Mar  2 07:59:01 ip-172-31-34-102 dracut[1447]:    microcode_ctl: final fw_dir: "/usr/share/microcode_ctl/ucode_with_caveats/intel /lib/firmware/updates /lib/firmware"
Mar  2 07:59:01 ip-172-31-34-102 dracut[1447]: *** Including module: shutdown ***
Mar  2 07:59:01 ip-172-31-34-102 dracut[1447]: *** Including module: squash ***
Mar  2 07:59:01 ip-172-31-34-102 dracut[1447]: *** Including modules done ***
Mar  2 07:59:01 ip-172-31-34-102 dracut[1447]: *** Installing kernel module dependencies ***
Mar  2 07:59:01 ip-172-31-34-102 dracut[1447]: *** Installing kernel module dependencies done ***
Mar  2 07:59:01 ip-172-31-34-102 dracut[1447]: *** Resolving executable dependencies ***
Mar  2 07:59:03 ip-172-31-34-102 dracut[1447]: *** Resolving executable dependencies done***
Mar  2 07:59:03 ip-172-31-34-102 dracut[1447]: *** Hardlinking files ***
Mar  2 07:59:03 ip-172-31-34-102 dracut[1447]: *** Hardlinking files done ***
Mar  2 07:59:03 ip-172-31-34-102 dracut[1447]: Could not find 'strip'. Not stripping the initramfs.
Mar  2 07:59:03 ip-172-31-34-102 dracut[1447]: *** Generating early-microcode cpio image ***
Mar  2 07:59:03 ip-172-31-34-102 dracut[1447]: *** Constructing GenuineIntel.bin ****
Mar  2 07:59:03 ip-172-31-34-102 systemd[1]: NetworkManager-dispatcher.service: Succeeded.
Mar  2 07:59:03 ip-172-31-34-102 dracut[1447]: *** Constructing GenuineIntel.bin ****
Mar  2 07:59:03 ip-172-31-34-102 dracut[1447]: *** Store current command line parameters ***
Mar  2 07:59:03 ip-172-31-34-102 dracut[1447]: Stored kernel commandline:
Mar  2 07:59:03 ip-172-31-34-102 dracut[1447]: No dracut internal kernel commandline stored in the initramfs
Mar  2 07:59:03 ip-172-31-34-102 dracut[1447]: *** Install squash loader ***
Mar  2 07:59:03 ip-172-31-34-102 dracut[1447]: *** Squashing the files inside the initramfs ***
Mar  2 07:59:14 ip-172-31-34-102 dracut[1447]: *** Squashing the files inside the initramfs done ***
Mar  2 07:59:14 ip-172-31-34-102 dracut[1447]: *** Creating image file '/boot/initramfs-4.18.0-240.1.1.el8_3.x86_64kdump.img' ***
Mar  2 07:59:18 ip-172-31-34-102 dracut[1447]: *** Creating initramfs image file '/boot/initramfs-4.18.0-240.1.1.el8_3.x86_64kdump.img' done ***
Mar  2 07:59:18 ip-172-31-34-102 kdumpctl[1096]: kexec: loaded kdump kernel
Mar  2 07:59:18 ip-172-31-34-102 kdumpctl[1096]: Starting kdump: [OK]
Mar  2 07:59:18 ip-172-31-34-102 systemd[1]: Started Crash recovery kernel arming.
Mar  2 07:59:18 ip-172-31-34-102 systemd[1]: Startup finished in 1.911s (kernel) + 5.832s (initrd) + 1min 23.380s (userspace) = 1min 31.124s.
Mar  2 07:59:19 ip-172-31-34-102 systemd[1]: Created slice User Slice of UID 1000.
Mar  2 07:59:19 ip-172-31-34-102 systemd[1]: Created slice system-user\x2druntime\x2ddir.slice.
Mar  2 07:59:19 ip-172-31-34-102 systemd[1]: Started /run/user/1000 mount wrapper.
Mar  2 07:59:19 ip-172-31-34-102 systemd[1]: Starting User Manager for UID 1000...
Mar  2 07:59:19 ip-172-31-34-102 systemd[1]: Started Session 1 of user ec2-user.
Mar  2 07:59:19 ip-172-31-34-102 systemd-logind[810]: New session 1 of user ec2-user.
Mar  2 07:59:19 ip-172-31-34-102 systemd[4699]: Started Mark boot as successful after the user session has run 2 minutes.
Mar  2 07:59:19 ip-172-31-34-102 systemd[4699]: Reached target Timers.
Mar  2 07:59:19 ip-172-31-34-102 systemd[4699]: Starting D-Bus User Message Bus Socket.
Mar  2 07:59:19 ip-172-31-34-102 systemd[4699]: Reached target Paths.
Mar  2 07:59:19 ip-172-31-34-102 systemd[4699]: Listening on D-Bus User Message Bus Socket.
Mar  2 07:59:19 ip-172-31-34-102 systemd[4699]: Reached target Sockets.
Mar  2 07:59:19 ip-172-31-34-102 systemd[4699]: Reached target Basic System.
Mar  2 07:59:19 ip-172-31-34-102 systemd[4699]: Reached target Default.
Mar  2 07:59:19 ip-172-31-34-102 systemd[4699]: Startup finished in 38ms.
Mar  2 07:59:19 ip-172-31-34-102 systemd[1]: Started User Manager for UID 1000.
Mar  2 07:59:23 ip-172-31-34-102 systemd[1]: systemd-hostnamed.service: Succeeded.
Mar  2 07:59:32 ip-172-31-34-102 systemd-logind[810]: Session 1 logged out. Waiting for processes to exit.
Mar  2 07:59:33 ip-172-31-34-102 systemd[1]: Started Session 3 of user ec2-user.
Mar  2 07:59:33 ip-172-31-34-102 systemd-logind[810]: New session 3 of user ec2-user.
Mar  2 08:00:00 ip-172-31-34-102 su[5039]: (to root) ec2-user on pts/0
Mar  2 08:01:56 ip-172-31-34-102 systemd[4699]: Starting Mark boot as successful...
Mar  2 08:01:56 ip-172-31-34-102 systemd[4699]: grub-boot-success.service: Succeeded.
Mar  2 08:01:56 ip-172-31-34-102 systemd[4699]: Started Mark boot as successful.
Mar  2 08:02:50 ip-172-31-34-102 su[5080]: (to root) ec2-user on pts/0
Mar  2 08:04:04 ip-172-31-34-102 systemd[1]: Stopping OpenSSH server daemon...
Mar  2 08:04:04 ip-172-31-34-102 systemd[1]: sshd.service: Succeeded.
Mar  2 08:04:04 ip-172-31-34-102 systemd[1]: Stopped OpenSSH server daemon.
Mar  2 08:04:04 ip-172-31-34-102 systemd[1]: Stopped target sshd-keygen.target.
Mar  2 08:04:04 ip-172-31-34-102 systemd[1]: Stopping sshd-keygen.target.
Mar  2 08:04:04 ip-172-31-34-102 systemd[1]: Reached target sshd-keygen.target.
Mar  2 08:04:04 ip-172-31-34-102 systemd[1]: Starting OpenSSH server daemon...
Mar  2 08:04:04 ip-172-31-34-102 systemd[1]: Started OpenSSH server daemon.
Mar  2 08:04:17 ip-172-31-34-102 systemd[1]: Created slice User Slice of UID 0.
Mar  2 08:04:17 ip-172-31-34-102 systemd[1]: Started /run/user/0 mount wrapper.
Mar  2 08:04:17 ip-172-31-34-102 systemd[1]: Starting User Manager for UID 0...
Mar  2 08:04:17 ip-172-31-34-102 systemd[1]: Started Session 4 of user root.
Mar  2 08:04:17 ip-172-31-34-102 systemd-logind[810]: New session 4 of user root.
Mar  2 08:04:17 ip-172-31-34-102 systemd[5120]: Starting D-Bus User Message Bus Socket.
Mar  2 08:04:17 ip-172-31-34-102 systemd[5120]: Reached target Timers.
Mar  2 08:04:17 ip-172-31-34-102 systemd[5120]: Reached target Paths.
Mar  2 08:04:17 ip-172-31-34-102 systemd[5120]: Listening on D-Bus User Message Bus Socket.
Mar  2 08:04:17 ip-172-31-34-102 systemd[5120]: Reached target Sockets.
Mar  2 08:04:17 ip-172-31-34-102 systemd[5120]: Reached target Basic System.
Mar  2 08:04:17 ip-172-31-34-102 systemd[5120]: Reached target Default.
Mar  2 08:04:17 ip-172-31-34-102 systemd[5120]: Startup finished in 30ms.
Mar  2 08:04:17 ip-172-31-34-102 systemd[1]: Started User Manager for UID 0.
Mar  2 08:04:18 ip-172-31-34-102 systemd-logind[810]: Session 3 logged out. Waiting for processes to exit.
Mar  2 08:04:28 ip-172-31-34-102 systemd-logind[810]: Session 4 logged out. Waiting for processes to exit.
Mar  2 08:04:29 ip-172-31-34-102 systemd[1]: Started Session 6 of user root.
Mar  2 08:04:29 ip-172-31-34-102 systemd-logind[810]: New session 6 of user root.
Mar  2 08:05:34 ip-172-31-34-102 systemd[1]: session-3.scope: Succeeded.
Mar  2 08:05:34 ip-172-31-34-102 systemd-logind[810]: Removed session 3.
Mar  2 08:05:51 ip-172-31-34-102 systemd[1]: Stopping Command Scheduler...
Mar  2 08:05:51 ip-172-31-34-102 systemd[1]: crond.service: Succeeded.
Mar  2 08:05:51 ip-172-31-34-102 systemd[1]: Stopped Command Scheduler.
Mar  2 08:05:51 ip-172-31-34-102 systemd[1]: crond.service: Found left-over process 5069 (anacron) in control group while starting unit. Ignoring.
Mar  2 08:05:51 ip-172-31-34-102 systemd[1]: This usually indicates unclean termination of a previous run, or service implementation deficiencies.
Mar  2 08:05:51 ip-172-31-34-102 systemd[1]: Started Command Scheduler.
Mar  2 08:05:55 ip-172-31-34-102 dbus-daemon[728]: [system] Reloaded configuration
Mar  2 08:05:55 ip-172-31-34-102 dbus-daemon[728]: [system] Reloaded configuration
Mar  2 08:05:55 ip-172-31-34-102 systemd[1]: Reexecuting.
Mar  2 08:05:55 ip-172-31-34-102 kernel: printk: systemd: 48 output lines suppressed due to ratelimiting
Mar  2 08:05:55 ip-172-31-34-102 systemd[1]: systemd 239 (239-41.el8_3.1) running in system mode. (+PAM +AUDIT +SELINUX +IMA -APPARMOR +SMACK +SYSVINIT +UTMP +LIBCRYPTSETUP +GCRYPT +GNUTLS +ACL +XZ +LZ4 +SECCOMP +BLKID +ELFUTILS +KMOD +IDN2 -IDN +PCRE2 default-hierarchy=legacy)
Mar  2 08:05:55 ip-172-31-34-102 systemd[1]: Detected virtualization xen.
Mar  2 08:05:55 ip-172-31-34-102 systemd[1]: Detected architecture x86-64.
Mar  2 08:05:56 ip-172-31-34-102 dbus-daemon[728]: [system] Reloaded configuration
Mar  2 08:05:56 ip-172-31-34-102 dbus-daemon[728]: [system] Reloaded configuration
Mar  2 08:05:56 ip-172-31-34-102 systemd-udevd[655]: Network interface NamePolicy= disabled on kernel command line, ignoring.
Mar  2 08:05:58 ip-172-31-34-102 NetworkManager[856]: <info>  [1614672358.5755] manager: kernel firmware directory '/lib/firmware' changed
Mar  2 08:06:02 ip-172-31-34-102 NetworkManager[856]: <info>  [1614672362.9396] manager: kernel firmware directory '/lib/firmware' changed
